[task 60] difficulty=10  puzzle_idx=11  method=cnn  episodes=750
[train_single] difficulty=10  puzzle_idx=11  method=cnn  episodes=750
[train_single] board=xxoKDDIooKEEIoAALoooFFLMooJGGMHHJooo
[CNN] device=cpu  board=xxoKDDIooKEEIoAALoooFFLMooJGGMHHJooo
[CNN]   ep=    0  recent=-0.68  best=-inf
  *** NEW BEST CNN (avg=0.66) ep=2 ***
  *** NEW BEST CNN (avg=4.31) ep=3 ***
  *** NEW BEST CNN (avg=8.01) ep=4 ***
  *** NEW BEST CNN (avg=9.53) ep=5 ***
  *** NEW BEST CNN (avg=9.82) ep=6 ***
  *** NEW BEST CNN (avg=9.94) ep=7 ***
  *** NEW BEST CNN (avg=9.99) ep=8 ***
  *** NEW BEST CNN (avg=10.02) ep=9 ***
  *** NEW BEST CNN (avg=10.04) ep=10 ***
  *** NEW BEST CNN (avg=10.06) ep=11 ***
  *** NEW BEST CNN (avg=10.07) ep=12 ***
  *** NEW BEST CNN (avg=10.08) ep=13 ***
  *** NEW BEST CNN (avg=10.09) ep=14 ***
  *** NEW BEST CNN (avg=10.10) ep=15 ***
  *** NEW BEST CNN (avg=10.10) ep=16 ***
  *** NEW BEST CNN (avg=10.11) ep=19 ***
  *** NEW BEST CNN (avg=10.11) ep=22 ***
  *** NEW BEST CNN (avg=10.11) ep=24 ***
  *** NEW BEST CNN (avg=10.11) ep=41 ***
  *** NEW BEST CNN (avg=10.11) ep=48 ***
  *** NEW BEST CNN (avg=10.11) ep=58 ***
  *** NEW BEST CNN (avg=10.11) ep=66 ***
[CNN]   ep=  100  recent=10.10  best=10.11
  *** NEW BEST CNN (avg=10.11) ep=112 ***
  *** NEW BEST CNN (avg=10.11) ep=114 ***
[CNN]   ep=  200  recent=10.11  best=10.11
[CNN]   ep=  300  recent=10.11  best=10.11
  *** NEW BEST CNN (avg=10.11) ep=376 ***
[CNN]   ep=  400  recent=10.11  best=10.11
[CNN]   ep=  500  recent=10.11  best=10.11
[CNN]   ep=  600  recent=10.11  best=10.11
[CNN]   ep=  700  recent=10.11  best=10.11

[train_single] Training done in 214.1 min. Evaluating ...
[train_single] solve_rate=100.0%  reward=10.11±0.00
[train_single] Policy saved → /projects/amfa5003/rush-hour/policies/d10_p11_cnn.pth
