[task 39] difficulty=10  puzzle_idx=7  method=mlp  episodes=750
[train_single] difficulty=10  puzzle_idx=7  method=mlp  episodes=750
[train_single] board=ooBBooooHCCLAAHIKLGDDIKoGooJEEFFoJoo
[MLP] device=cpu  board=ooBBooooHCCLAAHIKLGDDIKoGooJEEFFoJoo
[MLP]   ep=    0  recent=-2.51  best=-inf
  *** NEW BEST MLP (avg=-1.43) ep=2 ***
  *** NEW BEST MLP (avg=-0.24) ep=3 ***
  *** NEW BEST MLP (avg=1.52) ep=4 ***
  *** NEW BEST MLP (avg=4.97) ep=5 ***
  *** NEW BEST MLP (avg=7.55) ep=6 ***
  *** NEW BEST MLP (avg=9.54) ep=7 ***
  *** NEW BEST MLP (avg=9.88) ep=8 ***
  *** NEW BEST MLP (avg=10.08) ep=9 ***
  *** NEW BEST MLP (avg=10.13) ep=10 ***
  *** NEW BEST MLP (avg=10.24) ep=11 ***
  *** NEW BEST MLP (avg=10.27) ep=12 ***
  *** NEW BEST MLP (avg=10.33) ep=13 ***
  *** NEW BEST MLP (avg=10.40) ep=14 ***
  *** NEW BEST MLP (avg=10.42) ep=16 ***
  *** NEW BEST MLP (avg=10.44) ep=17 ***
  *** NEW BEST MLP (avg=10.44) ep=18 ***
  *** NEW BEST MLP (avg=10.46) ep=20 ***
  *** NEW BEST MLP (avg=10.46) ep=22 ***
  *** NEW BEST MLP (avg=10.47) ep=23 ***
  *** NEW BEST MLP (avg=10.47) ep=24 ***
  *** NEW BEST MLP (avg=10.47) ep=25 ***
  *** NEW BEST MLP (avg=10.48) ep=26 ***
  *** NEW BEST MLP (avg=10.48) ep=28 ***
  *** NEW BEST MLP (avg=10.48) ep=30 ***
  *** NEW BEST MLP (avg=10.48) ep=48 ***
  *** NEW BEST MLP (avg=10.49) ep=49 ***
  *** NEW BEST MLP (avg=10.49) ep=51 ***
  *** NEW BEST MLP (avg=10.49) ep=69 ***
  *** NEW BEST MLP (avg=10.49) ep=79 ***
  *** NEW BEST MLP (avg=10.49) ep=100 ***
[MLP]   ep=  100  recent=10.49  best=10.49
  *** NEW BEST MLP (avg=10.49) ep=141 ***
  *** NEW BEST MLP (avg=10.49) ep=172 ***
  *** NEW BEST MLP (avg=10.49) ep=182 ***
  *** NEW BEST MLP (avg=10.49) ep=189 ***
  *** NEW BEST MLP (avg=10.49) ep=195 ***
[MLP]   ep=  200  recent=10.48  best=10.49
  *** NEW BEST MLP (avg=10.49) ep=231 ***
  *** NEW BEST MLP (avg=10.49) ep=238 ***
  *** NEW BEST MLP (avg=10.50) ep=263 ***
  *** NEW BEST MLP (avg=10.50) ep=264 ***
  *** NEW BEST MLP (avg=10.50) ep=266 ***
[MLP]   ep=  300  recent=10.35  best=10.50
[MLP]   ep=  400  recent=10.44  best=10.50
  *** NEW BEST MLP (avg=10.50) ep=422 ***
  *** NEW BEST MLP (avg=10.50) ep=428 ***
  *** NEW BEST MLP (avg=10.50) ep=439 ***
  *** NEW BEST MLP (avg=10.50) ep=443 ***
  *** NEW BEST MLP (avg=10.50) ep=444 ***
[MLP]   ep=  500  recent=10.48  best=10.50
  *** NEW BEST MLP (avg=10.50) ep=505 ***
[MLP]   ep=  600  recent=-2.55  best=10.50
  *** NEW BEST MLP (avg=10.50) ep=688 ***
  *** NEW BEST MLP (avg=10.51) ep=689 ***
  *** NEW BEST MLP (avg=10.51) ep=691 ***
  *** NEW BEST MLP (avg=10.51) ep=692 ***
  *** NEW BEST MLP (avg=10.51) ep=694 ***
[MLP]   ep=  700  recent=10.50  best=10.51
  *** NEW BEST MLP (avg=10.51) ep=716 ***
  *** NEW BEST MLP (avg=10.52) ep=734 ***

[train_single] Training done in 160.5 min. Evaluating ...
[train_single] solve_rate=100.0%  reward=10.52±0.00
[train_single] Policy saved → /projects/amfa5003/rush-hour/policies/d10_p7_mlp.pth
