[task 26] difficulty=15  puzzle_idx=5  method=hrep  episodes=2500
[train_single] difficulty=15  puzzle_idx=5  method=hrep  episodes=2500
[train_single] board=BBJooxHoJoLxHAAoLMoIEEoMoIoKFFGGoKoo
[H-rep] device=cpu  board=BBJooxHoJoLxHAAoLMoIEEoMoIoKFFGGoKoo
[H-rep] ep=    0  recent=1.90  best=-inf
  *** NEW BEST H-rep (avg=9.88) ep=1 ***
  *** NEW BEST H-rep (avg=10.16) ep=2 ***
  *** NEW BEST H-rep (avg=10.20) ep=3 ***
  *** NEW BEST H-rep (avg=10.24) ep=4 ***
  *** NEW BEST H-rep (avg=10.30) ep=5 ***
  *** NEW BEST H-rep (avg=10.36) ep=6 ***
  *** NEW BEST H-rep (avg=10.40) ep=7 ***
  *** NEW BEST H-rep (avg=10.41) ep=8 ***
  *** NEW BEST H-rep (avg=10.42) ep=10 ***
  *** NEW BEST H-rep (avg=10.43) ep=11 ***
  *** NEW BEST H-rep (avg=10.43) ep=12 ***
  *** NEW BEST H-rep (avg=10.44) ep=13 ***
  *** NEW BEST H-rep (avg=10.44) ep=14 ***
  *** NEW BEST H-rep (avg=10.44) ep=15 ***
  *** NEW BEST H-rep (avg=10.44) ep=18 ***
  *** NEW BEST H-rep (avg=10.45) ep=32 ***
  *** NEW BEST H-rep (avg=10.45) ep=38 ***
  *** NEW BEST H-rep (avg=10.45) ep=56 ***
  *** NEW BEST H-rep (avg=10.45) ep=76 ***
  *** NEW BEST H-rep (avg=10.45) ep=80 ***
[H-rep] ep=  100  recent=10.45  best=10.45
[H-rep] ep=  200  recent=10.45  best=10.45
  *** NEW BEST H-rep (avg=10.45) ep=242 ***
  *** NEW BEST H-rep (avg=10.45) ep=251 ***
[H-rep] ep=  300  recent=10.45  best=10.45
[H-rep] ep=  400  recent=10.45  best=10.45
[H-rep] ep=  500  recent=10.45  best=10.45
[H-rep] ep=  600  recent=10.45  best=10.45
[H-rep] ep=  700  recent=10.45  best=10.45
[H-rep] ep=  800  recent=10.45  best=10.45
[H-rep] ep=  900  recent=10.45  best=10.45
[H-rep] ep= 1000  recent=10.45  best=10.45
[H-rep] ep= 1100  recent=10.45  best=10.45
[H-rep] ep= 1200  recent=10.45  best=10.45
[H-rep] ep= 1300  recent=10.45  best=10.45
  *** NEW BEST H-rep (avg=10.45) ep=1387 ***
  *** NEW BEST H-rep (avg=10.45) ep=1391 ***
[H-rep] ep= 1400  recent=10.45  best=10.45
[H-rep] ep= 1500  recent=10.45  best=10.45
[H-rep] ep= 1600  recent=10.45  best=10.45
[H-rep] ep= 1700  recent=10.45  best=10.45
[H-rep] ep= 1800  recent=10.45  best=10.45
[H-rep] ep= 1900  recent=10.45  best=10.45
[H-rep] ep= 2000  recent=10.45  best=10.45
  *** NEW BEST H-rep (avg=10.45) ep=2090 ***
  *** NEW BEST H-rep (avg=10.45) ep=2091 ***
  *** NEW BEST H-rep (avg=10.45) ep=2092 ***
[H-rep] ep= 2100  recent=10.45  best=10.45
[H-rep] ep= 2200  recent=10.45  best=10.45
[H-rep] ep= 2300  recent=10.45  best=10.45
[H-rep] ep= 2400  recent=10.45  best=10.45
  *** NEW BEST H-rep (avg=10.45) ep=2414 ***

[train_single] Training done in 1079.9 min. Evaluating ...
[train_single] solve_rate=100.0%  reward=10.45±0.00
[train_single] Policy saved → /projects/amfa5003/rush-hour/policies/d15_p5_hrep.pth
