[task 32] difficulty=12  puzzle_idx=6  method=vrep  episodes=1200
[train_single] difficulty=12  puzzle_idx=6  method=vrep  episodes=1200
[train_single] board=BBooxooooJDDAAoJKLHoEEKLHoIFFoGGIooo
[V-rep] device=cpu  board=BBooxooooJDDAAoJKLHoEEKLHoIFFoGGIooo
[V-rep] ep=    0  recent=-2.72  best=-inf
  *** NEW BEST V-rep (avg=-1.19) ep=2 ***
  *** NEW BEST V-rep (avg=-0.29) ep=5 ***
  *** NEW BEST V-rep (avg=-0.29) ep=6 ***
  *** NEW BEST V-rep (avg=2.60) ep=7 ***
  *** NEW BEST V-rep (avg=3.89) ep=8 ***
  *** NEW BEST V-rep (avg=5.48) ep=9 ***
  *** NEW BEST V-rep (avg=6.89) ep=10 ***
  *** NEW BEST V-rep (avg=9.57) ep=11 ***
  *** NEW BEST V-rep (avg=9.86) ep=12 ***
  *** NEW BEST V-rep (avg=9.95) ep=15 ***
  *** NEW BEST V-rep (avg=10.09) ep=16 ***
  *** NEW BEST V-rep (avg=10.20) ep=17 ***
  *** NEW BEST V-rep (avg=10.24) ep=18 ***
  *** NEW BEST V-rep (avg=10.31) ep=19 ***
  *** NEW BEST V-rep (avg=10.34) ep=21 ***
  *** NEW BEST V-rep (avg=10.34) ep=23 ***
  *** NEW BEST V-rep (avg=10.39) ep=24 ***
  *** NEW BEST V-rep (avg=10.40) ep=25 ***
  *** NEW BEST V-rep (avg=10.42) ep=26 ***
  *** NEW BEST V-rep (avg=10.43) ep=27 ***
  *** NEW BEST V-rep (avg=10.44) ep=28 ***
  *** NEW BEST V-rep (avg=10.44) ep=31 ***
  *** NEW BEST V-rep (avg=10.45) ep=32 ***
  *** NEW BEST V-rep (avg=10.46) ep=36 ***
  *** NEW BEST V-rep (avg=10.46) ep=37 ***
  *** NEW BEST V-rep (avg=10.46) ep=38 ***
  *** NEW BEST V-rep (avg=10.46) ep=40 ***
  *** NEW BEST V-rep (avg=10.46) ep=41 ***
  *** NEW BEST V-rep (avg=10.47) ep=42 ***
  *** NEW BEST V-rep (avg=10.47) ep=44 ***
  *** NEW BEST V-rep (avg=10.47) ep=63 ***
  *** NEW BEST V-rep (avg=10.47) ep=78 ***
  *** NEW BEST V-rep (avg=10.47) ep=84 ***
  *** NEW BEST V-rep (avg=10.47) ep=87 ***
  *** NEW BEST V-rep (avg=10.47) ep=90 ***
  *** NEW BEST V-rep (avg=10.47) ep=97 ***
[V-rep] ep=  100  recent=10.44  best=10.47
[V-rep] ep=  200  recent=10.46  best=10.47
[V-rep] ep=  300  recent=10.45  best=10.47
[V-rep] ep=  400  recent=10.40  best=10.47
[V-rep] ep=  500  recent=10.47  best=10.47
  *** NEW BEST V-rep (avg=10.47) ep=513 ***
  *** NEW BEST V-rep (avg=10.48) ep=514 ***
  *** NEW BEST V-rep (avg=10.48) ep=516 ***
  *** NEW BEST V-rep (avg=10.48) ep=524 ***
  *** NEW BEST V-rep (avg=10.48) ep=556 ***
  *** NEW BEST V-rep (avg=10.48) ep=563 ***
  *** NEW BEST V-rep (avg=10.48) ep=581 ***
  *** NEW BEST V-rep (avg=10.48) ep=582 ***
  *** NEW BEST V-rep (avg=10.48) ep=585 ***
[V-rep] ep=  600  recent=10.42  best=10.48
  *** NEW BEST V-rep (avg=10.48) ep=677 ***
[V-rep] ep=  700  recent=10.46  best=10.48
[V-rep] ep=  800  recent=10.48  best=10.48
[V-rep] ep=  900  recent=-2.77  best=10.48
[V-rep] ep= 1000  recent=-2.75  best=10.48
[V-rep] ep= 1100  recent=10.48  best=10.48

[train_single] Training done in 294.1 min. Evaluating ...
[train_single] solve_rate=100.0%  reward=10.48±0.00
[train_single] Policy saved → /projects/amfa5003/rush-hour/policies/d12_p6_vrep.pth
