[task 24] difficulty=15  puzzle_idx=4  method=mlp  episodes=2500
[train_single] difficulty=15  puzzle_idx=4  method=mlp  episodes=2500
[train_single] board=BBoJoooHoJCCGHAAKLGDDoKLooIEEEFFIooo
[MLP] device=cpu  board=BBoJoooHoJCCGHAAKLGDDoKLooIEEEFFIooo
[MLP]   ep=    0  recent=-2.94  best=-inf
  *** NEW BEST MLP (avg=-2.93) ep=2 ***
  *** NEW BEST MLP (avg=-2.93) ep=3 ***
  *** NEW BEST MLP (avg=-2.93) ep=10 ***
  *** NEW BEST MLP (avg=-2.93) ep=11 ***
  *** NEW BEST MLP (avg=-2.92) ep=36 ***
  *** NEW BEST MLP (avg=-2.91) ep=37 ***
  *** NEW BEST MLP (avg=-2.90) ep=38 ***
[MLP]   ep=  100  recent=-2.93  best=-2.90
[MLP]   ep=  200  recent=-2.95  best=-2.90
[MLP]   ep=  300  recent=-2.93  best=-2.90
  *** NEW BEST MLP (avg=-2.90) ep=352 ***
  *** NEW BEST MLP (avg=-2.89) ep=353 ***
[MLP]   ep=  400  recent=-2.92  best=-2.89
  *** NEW BEST MLP (avg=-2.86) ep=402 ***
  *** NEW BEST MLP (avg=-2.83) ep=403 ***
  *** NEW BEST MLP (avg=-2.82) ep=404 ***
[MLP]   ep=  500  recent=-2.94  best=-2.82
[MLP]   ep=  600  recent=-2.93  best=-2.82
[MLP]   ep=  700  recent=-2.93  best=-2.82
[MLP]   ep=  800  recent=-2.93  best=-2.82
[MLP]   ep=  900  recent=-2.92  best=-2.82
[MLP]   ep= 1000  recent=-2.92  best=-2.82
[MLP]   ep= 1100  recent=-2.92  best=-2.82
[MLP]   ep= 1200  recent=-2.93  best=-2.82
[MLP]   ep= 1300  recent=-2.91  best=-2.82
[MLP]   ep= 1400  recent=-2.91  best=-2.82
[MLP]   ep= 1500  recent=-2.91  best=-2.82
[MLP]   ep= 1600  recent=-2.88  best=-2.82
[MLP]   ep= 1700  recent=-2.92  best=-2.82
[MLP]   ep= 1800  recent=-2.89  best=-2.82
[MLP]   ep= 1900  recent=-2.86  best=-2.82
[MLP]   ep= 2000  recent=-2.93  best=-2.82
[MLP]   ep= 2100  recent=-2.94  best=-2.82
[MLP]   ep= 2200  recent=-2.93  best=-2.82
[MLP]   ep= 2300  recent=-2.93  best=-2.82
[MLP]   ep= 2400  recent=-2.92  best=-2.82

[train_single] Training done in 452.2 min. Evaluating ...
[train_single] solve_rate=0.0%  reward=-2.93±0.00
[train_single] Policy saved → /projects/amfa5003/rush-hour/policies/d15_p4_mlp.pth
