[task 28] difficulty=10  puzzle_idx=5  method=gnn  episodes=750
[train_single] difficulty=10  puzzle_idx=5  method=gnn  episodes=750
[train_single] board=oooooxFGooJoFGAAJKooHCCKooHIDDoEEIoo
[GNN] device=cpu  board=oooooxFGooJoFGAAJKooHCCKooHIDDoEEIoo
[GNN]   ep=    0  recent=5.57  best=-inf
  *** NEW BEST GNN (avg=9.60) ep=1 ***
  *** NEW BEST GNN (avg=9.79) ep=2 ***
  *** NEW BEST GNN (avg=9.85) ep=3 ***
  *** NEW BEST GNN (avg=10.10) ep=4 ***
  *** NEW BEST GNN (avg=10.19) ep=5 ***
  *** NEW BEST GNN (avg=10.28) ep=6 ***
  *** NEW BEST GNN (avg=10.29) ep=7 ***
  *** NEW BEST GNN (avg=10.32) ep=8 ***
  *** NEW BEST GNN (avg=10.36) ep=10 ***
  *** NEW BEST GNN (avg=10.39) ep=13 ***
  *** NEW BEST GNN (avg=10.39) ep=15 ***
  *** NEW BEST GNN (avg=10.40) ep=19 ***
  *** NEW BEST GNN (avg=10.41) ep=20 ***
  *** NEW BEST GNN (avg=10.41) ep=23 ***
  *** NEW BEST GNN (avg=10.42) ep=25 ***
  *** NEW BEST GNN (avg=10.43) ep=28 ***
  *** NEW BEST GNN (avg=10.43) ep=29 ***
  *** NEW BEST GNN (avg=10.43) ep=30 ***
  *** NEW BEST GNN (avg=10.43) ep=43 ***
  *** NEW BEST GNN (avg=10.44) ep=44 ***
  *** NEW BEST GNN (avg=10.44) ep=45 ***
  *** NEW BEST GNN (avg=10.44) ep=46 ***
  *** NEW BEST GNN (avg=10.44) ep=47 ***
  *** NEW BEST GNN (avg=10.44) ep=57 ***
  *** NEW BEST GNN (avg=10.44) ep=61 ***
  *** NEW BEST GNN (avg=10.44) ep=62 ***
  *** NEW BEST GNN (avg=10.45) ep=63 ***
  *** NEW BEST GNN (avg=10.45) ep=70 ***
  *** NEW BEST GNN (avg=10.45) ep=77 ***
  *** NEW BEST GNN (avg=10.45) ep=88 ***
  *** NEW BEST GNN (avg=10.45) ep=92 ***
[GNN]   ep=  100  recent=10.44  best=10.45
[GNN]   ep=  200  recent=9.78  best=10.45
  *** NEW BEST GNN (avg=10.45) ep=248 ***
[GNN]   ep=  300  recent=10.44  best=10.45
[GNN]   ep=  400  recent=10.45  best=10.45
[GNN]   ep=  500  recent=10.44  best=10.45
[GNN]   ep=  600  recent=10.45  best=10.45
[GNN]   ep=  700  recent=10.44  best=10.45

[train_single] Training done in 326.9 min. Evaluating ...
[train_single] solve_rate=100.0%  reward=10.45±0.00
[train_single] Policy saved → /projects/amfa5003/rush-hour/policies/d10_p5_gnn.pth
