[task 68] difficulty=15  puzzle_idx=13  method=gnn  episodes=2500
[train_single] difficulty=15  puzzle_idx=13  method=gnn  episodes=2500
[train_single] board=oIBBBxoIDDoLAAJooLHoJEEoHFFoKoGGooKo
[GNN] device=cpu  board=oIBBBxoIDDoLAAJooLHoJEEoHFFoKoGGooKo
[GNN]   ep=    0  recent=3.00  best=-inf
  *** NEW BEST GNN (avg=3.82) ep=1 ***
  *** NEW BEST GNN (avg=4.30) ep=2 ***
  *** NEW BEST GNN (avg=7.25) ep=4 ***
  *** NEW BEST GNN (avg=9.49) ep=5 ***
  *** NEW BEST GNN (avg=9.65) ep=6 ***
  *** NEW BEST GNN (avg=10.01) ep=7 ***
  *** NEW BEST GNN (avg=10.17) ep=8 ***
  *** NEW BEST GNN (avg=10.24) ep=9 ***
  *** NEW BEST GNN (avg=10.28) ep=10 ***
  *** NEW BEST GNN (avg=10.32) ep=11 ***
  *** NEW BEST GNN (avg=10.35) ep=12 ***
  *** NEW BEST GNN (avg=10.36) ep=14 ***
  *** NEW BEST GNN (avg=10.36) ep=15 ***
  *** NEW BEST GNN (avg=10.38) ep=17 ***
  *** NEW BEST GNN (avg=10.39) ep=18 ***
  *** NEW BEST GNN (avg=10.40) ep=20 ***
  *** NEW BEST GNN (avg=10.41) ep=21 ***
  *** NEW BEST GNN (avg=10.42) ep=22 ***
  *** NEW BEST GNN (avg=10.42) ep=25 ***
  *** NEW BEST GNN (avg=10.42) ep=32 ***
  *** NEW BEST GNN (avg=10.43) ep=33 ***
  *** NEW BEST GNN (avg=10.43) ep=35 ***
  *** NEW BEST GNN (avg=10.44) ep=36 ***
  *** NEW BEST GNN (avg=10.44) ep=37 ***
  *** NEW BEST GNN (avg=10.44) ep=38 ***
  *** NEW BEST GNN (avg=10.44) ep=39 ***
  *** NEW BEST GNN (avg=10.44) ep=41 ***
  *** NEW BEST GNN (avg=10.44) ep=50 ***
  *** NEW BEST GNN (avg=10.44) ep=52 ***
  *** NEW BEST GNN (avg=10.44) ep=53 ***
  *** NEW BEST GNN (avg=10.44) ep=55 ***
  *** NEW BEST GNN (avg=10.44) ep=56 ***
  *** NEW BEST GNN (avg=10.45) ep=59 ***
  *** NEW BEST GNN (avg=10.45) ep=64 ***
  *** NEW BEST GNN (avg=10.45) ep=66 ***
  *** NEW BEST GNN (avg=10.45) ep=73 ***
  *** NEW BEST GNN (avg=10.45) ep=78 ***
  *** NEW BEST GNN (avg=10.45) ep=81 ***
  *** NEW BEST GNN (avg=10.45) ep=84 ***
  *** NEW BEST GNN (avg=10.45) ep=85 ***
  *** NEW BEST GNN (avg=10.46) ep=89 ***
[GNN]   ep=  100  recent=10.45  best=10.46
  *** NEW BEST GNN (avg=10.46) ep=104 ***
  *** NEW BEST GNN (avg=10.46) ep=105 ***
  *** NEW BEST GNN (avg=10.46) ep=111 ***
  *** NEW BEST GNN (avg=10.46) ep=148 ***
  *** NEW BEST GNN (avg=10.46) ep=153 ***
[GNN]   ep=  200  recent=10.45  best=10.46
[GNN]   ep=  300  recent=10.46  best=10.46
[GNN]   ep=  400  recent=10.46  best=10.46
[GNN]   ep=  500  recent=10.46  best=10.46
[GNN]   ep=  600  recent=10.45  best=10.46
[GNN]   ep=  700  recent=10.45  best=10.46
[GNN]   ep=  800  recent=10.46  best=10.46
[GNN]   ep=  900  recent=10.42  best=10.46
[GNN]   ep= 1000  recent=10.44  best=10.46
[GNN]   ep= 1100  recent=10.44  best=10.46
[GNN]   ep= 1200  recent=10.43  best=10.46
[GNN]   ep= 1300  recent=10.44  best=10.46
[GNN]   ep= 1400  recent=10.43  best=10.46
[GNN]   ep= 1500  recent=10.46  best=10.46
[GNN]   ep= 1600  recent=10.45  best=10.46
[GNN]   ep= 1700  recent=10.45  best=10.46
[GNN]   ep= 1800  recent=10.46  best=10.46
[GNN]   ep= 1900  recent=10.45  best=10.46
[GNN]   ep= 2000  recent=10.46  best=10.46
[GNN]   ep= 2100  recent=10.45  best=10.46
[GNN]   ep= 2200  recent=-2.84  best=10.46
[GNN]   ep= 2300  recent=10.31  best=10.46
[GNN]   ep= 2400  recent=10.45  best=10.46

[train_single] Training done in 854.8 min. Evaluating ...
[train_single] solve_rate=100.0%  reward=10.46±0.00
[train_single] Policy saved → /projects/amfa5003/rush-hour/policies/d15_p13_gnn.pth
