[task 30] difficulty=12  puzzle_idx=5  method=cnn  episodes=1200
[train_single] difficulty=12  puzzle_idx=5  method=cnn  episodes=1200
[train_single] board=ooBBooCCooJKGAAoJKGDDIJoooHIEEFFHooo
[CNN] device=cpu  board=ooBBooCCooJKGAAoJKGDDIJoooHIEEFFHooo
[CNN]   ep=    0  recent=-2.90  best=-inf
  *** NEW BEST CNN (avg=-2.95) ep=2 ***
  *** NEW BEST CNN (avg=-2.94) ep=14 ***
  *** NEW BEST CNN (avg=-2.92) ep=50 ***
  *** NEW BEST CNN (avg=-2.92) ep=51 ***
[CNN]   ep=  100  recent=-2.94  best=-2.92
  *** NEW BEST CNN (avg=-2.91) ep=168 ***
  *** NEW BEST CNN (avg=-2.90) ep=169 ***
  *** NEW BEST CNN (avg=-2.88) ep=178 ***
[CNN]   ep=  200  recent=-2.89  best=-2.88
  *** NEW BEST CNN (avg=-2.88) ep=226 ***
  *** NEW BEST CNN (avg=-2.86) ep=227 ***
  *** NEW BEST CNN (avg=-2.84) ep=228 ***
[CNN]   ep=  300  recent=-2.93  best=-2.84
[CNN]   ep=  400  recent=-2.91  best=-2.84
[CNN]   ep=  500  recent=-2.95  best=-2.84
[CNN]   ep=  600  recent=-2.94  best=-2.84
[CNN]   ep=  700  recent=-2.95  best=-2.84
[CNN]   ep=  800  recent=-2.91  best=-2.84
[CNN]   ep=  900  recent=-2.96  best=-2.84
[CNN]   ep= 1000  recent=-2.92  best=-2.84
[CNN]   ep= 1100  recent=-2.92  best=-2.84

[train_single] Training done in 225.3 min. Evaluating ...
[train_single] solve_rate=0.0%  reward=-3.00±0.00
[train_single] Policy saved → /projects/amfa5003/rush-hour/policies/d12_p5_cnn.pth
