[task 38] difficulty=10  puzzle_idx=7  method=gnn  episodes=750
[train_single] difficulty=10  puzzle_idx=7  method=gnn  episodes=750
[train_single] board=ooBBooooHCCLAAHIKLGDDIKoGooJEEFFoJoo
[GNN] device=cpu  board=ooBBooooHCCLAAHIKLGDDIKoGooJEEFFoJoo
[GNN]   ep=    0  recent=-2.48  best=-inf
  *** NEW BEST GNN (avg=-0.95) ep=2 ***
  *** NEW BEST GNN (avg=-0.04) ep=3 ***
  *** NEW BEST GNN (avg=0.37) ep=6 ***
  *** NEW BEST GNN (avg=0.40) ep=13 ***
  *** NEW BEST GNN (avg=1.30) ep=14 ***
  *** NEW BEST GNN (avg=1.67) ep=17 ***
  *** NEW BEST GNN (avg=2.21) ep=19 ***
  *** NEW BEST GNN (avg=3.41) ep=20 ***
  *** NEW BEST GNN (avg=3.85) ep=21 ***
  *** NEW BEST GNN (avg=4.92) ep=24 ***
  *** NEW BEST GNN (avg=4.97) ep=25 ***
  *** NEW BEST GNN (avg=6.31) ep=27 ***
  *** NEW BEST GNN (avg=6.70) ep=28 ***
  *** NEW BEST GNN (avg=7.31) ep=29 ***
  *** NEW BEST GNN (avg=7.98) ep=30 ***
  *** NEW BEST GNN (avg=8.03) ep=34 ***
  *** NEW BEST GNN (avg=9.36) ep=35 ***
  *** NEW BEST GNN (avg=9.76) ep=38 ***
  *** NEW BEST GNN (avg=9.92) ep=40 ***
  *** NEW BEST GNN (avg=9.96) ep=43 ***
  *** NEW BEST GNN (avg=10.10) ep=44 ***
  *** NEW BEST GNN (avg=10.12) ep=45 ***
  *** NEW BEST GNN (avg=10.14) ep=46 ***
  *** NEW BEST GNN (avg=10.23) ep=47 ***
  *** NEW BEST GNN (avg=10.27) ep=50 ***
  *** NEW BEST GNN (avg=10.28) ep=52 ***
  *** NEW BEST GNN (avg=10.35) ep=54 ***
  *** NEW BEST GNN (avg=10.36) ep=57 ***
  *** NEW BEST GNN (avg=10.37) ep=58 ***
  *** NEW BEST GNN (avg=10.38) ep=60 ***
  *** NEW BEST GNN (avg=10.39) ep=61 ***
  *** NEW BEST GNN (avg=10.40) ep=62 ***
  *** NEW BEST GNN (avg=10.41) ep=63 ***
  *** NEW BEST GNN (avg=10.41) ep=64 ***
  *** NEW BEST GNN (avg=10.42) ep=65 ***
  *** NEW BEST GNN (avg=10.42) ep=66 ***
  *** NEW BEST GNN (avg=10.43) ep=67 ***
  *** NEW BEST GNN (avg=10.44) ep=68 ***
  *** NEW BEST GNN (avg=10.45) ep=69 ***
  *** NEW BEST GNN (avg=10.46) ep=70 ***
  *** NEW BEST GNN (avg=10.46) ep=72 ***
  *** NEW BEST GNN (avg=10.46) ep=73 ***
  *** NEW BEST GNN (avg=10.47) ep=74 ***
  *** NEW BEST GNN (avg=10.47) ep=75 ***
  *** NEW BEST GNN (avg=10.47) ep=78 ***
  *** NEW BEST GNN (avg=10.48) ep=83 ***
  *** NEW BEST GNN (avg=10.48) ep=85 ***
  *** NEW BEST GNN (avg=10.48) ep=86 ***
  *** NEW BEST GNN (avg=10.48) ep=90 ***
  *** NEW BEST GNN (avg=10.48) ep=92 ***
  *** NEW BEST GNN (avg=10.48) ep=96 ***
  *** NEW BEST GNN (avg=10.48) ep=97 ***
  *** NEW BEST GNN (avg=10.48) ep=99 ***
[GNN]   ep=  100  recent=10.48  best=10.48
  *** NEW BEST GNN (avg=10.48) ep=102 ***
  *** NEW BEST GNN (avg=10.49) ep=107 ***
  *** NEW BEST GNN (avg=10.49) ep=108 ***
  *** NEW BEST GNN (avg=10.49) ep=109 ***
  *** NEW BEST GNN (avg=10.49) ep=123 ***
  *** NEW BEST GNN (avg=10.49) ep=131 ***
  *** NEW BEST GNN (avg=10.49) ep=133 ***
  *** NEW BEST GNN (avg=10.49) ep=149 ***
  *** NEW BEST GNN (avg=10.49) ep=152 ***
[GNN]   ep=  200  recent=10.49  best=10.49
[GNN]   ep=  300  recent=10.49  best=10.49
  *** NEW BEST GNN (avg=10.49) ep=332 ***
  *** NEW BEST GNN (avg=10.49) ep=346 ***
  *** NEW BEST GNN (avg=10.49) ep=347 ***
  *** NEW BEST GNN (avg=10.49) ep=364 ***
[GNN]   ep=  400  recent=10.49  best=10.49
[GNN]   ep=  500  recent=-2.62  best=10.49
[GNN]   ep=  600  recent=10.48  best=10.49
[GNN]   ep=  700  recent=10.46  best=10.49

[train_single] Training done in 224.5 min. Evaluating ...
[train_single] solve_rate=100.0%  reward=10.50±0.00
[train_single] Policy saved → /projects/amfa5003/rush-hour/policies/d10_p7_gnn.pth
