[task 22] difficulty=10  puzzle_idx=4  method=vrep  episodes=750
[train_single] difficulty=10  puzzle_idx=4  method=vrep  episodes=750
[train_single] board=oooHBBoooHCCAAooIJGDDDIJGoEEoKFFoooK
[V-rep] device=cpu  board=oooHBBoooHCCAAooIJGDDDIJGoEEoKFFoooK
[V-rep] ep=    0  recent=-1.69  best=-inf
  *** NEW BEST V-rep (avg=-0.11) ep=2 ***
  *** NEW BEST V-rep (avg=-0.06) ep=3 ***
  *** NEW BEST V-rep (avg=2.80) ep=4 ***
  *** NEW BEST V-rep (avg=5.96) ep=5 ***
  *** NEW BEST V-rep (avg=6.85) ep=6 ***
  *** NEW BEST V-rep (avg=8.24) ep=7 ***
  *** NEW BEST V-rep (avg=8.53) ep=8 ***
  *** NEW BEST V-rep (avg=8.76) ep=9 ***
  *** NEW BEST V-rep (avg=9.63) ep=11 ***
  *** NEW BEST V-rep (avg=9.81) ep=14 ***
  *** NEW BEST V-rep (avg=9.91) ep=18 ***
  *** NEW BEST V-rep (avg=10.07) ep=19 ***
  *** NEW BEST V-rep (avg=10.07) ep=20 ***
  *** NEW BEST V-rep (avg=10.10) ep=21 ***
  *** NEW BEST V-rep (avg=10.15) ep=22 ***
  *** NEW BEST V-rep (avg=10.20) ep=26 ***
  *** NEW BEST V-rep (avg=10.22) ep=39 ***
  *** NEW BEST V-rep (avg=10.22) ep=41 ***
  *** NEW BEST V-rep (avg=10.26) ep=52 ***
  *** NEW BEST V-rep (avg=10.28) ep=57 ***
  *** NEW BEST V-rep (avg=10.30) ep=67 ***
  *** NEW BEST V-rep (avg=10.31) ep=69 ***
  *** NEW BEST V-rep (avg=10.31) ep=70 ***
  *** NEW BEST V-rep (avg=10.32) ep=71 ***
  *** NEW BEST V-rep (avg=10.33) ep=72 ***
  *** NEW BEST V-rep (avg=10.33) ep=85 ***
  *** NEW BEST V-rep (avg=10.33) ep=100 ***
[V-rep] ep=  100  recent=10.34  best=10.33
  *** NEW BEST V-rep (avg=10.33) ep=102 ***
  *** NEW BEST V-rep (avg=10.33) ep=107 ***
  *** NEW BEST V-rep (avg=10.34) ep=108 ***
  *** NEW BEST V-rep (avg=10.34) ep=115 ***
  *** NEW BEST V-rep (avg=10.35) ep=119 ***
  *** NEW BEST V-rep (avg=10.36) ep=123 ***
  *** NEW BEST V-rep (avg=10.36) ep=130 ***
  *** NEW BEST V-rep (avg=10.36) ep=134 ***
  *** NEW BEST V-rep (avg=10.36) ep=135 ***
  *** NEW BEST V-rep (avg=10.36) ep=150 ***
  *** NEW BEST V-rep (avg=10.37) ep=152 ***
  *** NEW BEST V-rep (avg=10.37) ep=153 ***
  *** NEW BEST V-rep (avg=10.37) ep=158 ***
  *** NEW BEST V-rep (avg=10.37) ep=162 ***
  *** NEW BEST V-rep (avg=10.37) ep=184 ***
  *** NEW BEST V-rep (avg=10.37) ep=193 ***
[V-rep] ep=  200  recent=10.34  best=10.37
  *** NEW BEST V-rep (avg=10.37) ep=232 ***
  *** NEW BEST V-rep (avg=10.37) ep=235 ***
  *** NEW BEST V-rep (avg=10.37) ep=237 ***
[V-rep] ep=  300  recent=10.35  best=10.37
[V-rep] ep=  400  recent=10.32  best=10.37
[V-rep] ep=  500  recent=10.37  best=10.37
[V-rep] ep=  600  recent=10.36  best=10.37
  *** NEW BEST V-rep (avg=10.38) ep=698 ***
[V-rep] ep=  700  recent=10.37  best=10.38
  *** NEW BEST V-rep (avg=10.38) ep=714 ***
  *** NEW BEST V-rep (avg=10.38) ep=728 ***

[train_single] Training done in 196.4 min. Evaluating ...
[train_single] solve_rate=100.0%  reward=10.38±0.00
[train_single] Policy saved → /projects/amfa5003/rush-hour/policies/d10_p4_vrep.pth
