[task 45] difficulty=12  puzzle_idx=8  method=cnn  episodes=1200
[train_single] difficulty=12  puzzle_idx=8  method=cnn  episodes=1200
[train_single] board=ooBBJoooCCJKooAAJKoooIDDHooIEEHFFGGo
[CNN] device=cpu  board=ooBBJoooCCJKooAAJKoooIDDHooIEEHFFGGo
[CNN]   ep=    0  recent=-2.93  best=-inf
  *** NEW BEST CNN (avg=-2.46) ep=2 ***
  *** NEW BEST CNN (avg=-1.74) ep=3 ***
  *** NEW BEST CNN (avg=1.65) ep=4 ***
  *** NEW BEST CNN (avg=5.51) ep=5 ***
  *** NEW BEST CNN (avg=7.24) ep=6 ***
  *** NEW BEST CNN (avg=9.45) ep=7 ***
  *** NEW BEST CNN (avg=9.66) ep=8 ***
  *** NEW BEST CNN (avg=9.91) ep=10 ***
  *** NEW BEST CNN (avg=10.01) ep=11 ***
  *** NEW BEST CNN (avg=10.06) ep=12 ***
  *** NEW BEST CNN (avg=10.08) ep=13 ***
  *** NEW BEST CNN (avg=10.10) ep=14 ***
  *** NEW BEST CNN (avg=10.13) ep=15 ***
  *** NEW BEST CNN (avg=10.15) ep=16 ***
  *** NEW BEST CNN (avg=10.16) ep=17 ***
  *** NEW BEST CNN (avg=10.17) ep=18 ***
  *** NEW BEST CNN (avg=10.19) ep=19 ***
  *** NEW BEST CNN (avg=10.20) ep=20 ***
  *** NEW BEST CNN (avg=10.21) ep=21 ***
  *** NEW BEST CNN (avg=10.21) ep=22 ***
  *** NEW BEST CNN (avg=10.21) ep=26 ***
  *** NEW BEST CNN (avg=10.21) ep=27 ***
  *** NEW BEST CNN (avg=10.21) ep=31 ***
  *** NEW BEST CNN (avg=10.22) ep=34 ***
  *** NEW BEST CNN (avg=10.22) ep=35 ***
  *** NEW BEST CNN (avg=10.22) ep=37 ***
[CNN]   ep=  100  recent=10.21  best=10.22
[CNN]   ep=  200  recent=10.21  best=10.22
[CNN]   ep=  300  recent=10.16  best=10.22
[CNN]   ep=  400  recent=10.22  best=10.22
[CNN]   ep=  500  recent=10.21  best=10.22
[CNN]   ep=  600  recent=10.21  best=10.22
[CNN]   ep=  700  recent=10.22  best=10.22
[CNN]   ep=  800  recent=10.21  best=10.22
[CNN]   ep=  900  recent=10.21  best=10.22
[CNN]   ep= 1000  recent=10.22  best=10.22
[CNN]   ep= 1100  recent=10.22  best=10.22

[train_single] Training done in 297.3 min. Evaluating ...
[train_single] solve_rate=100.0%  reward=10.24±0.00
[train_single] Policy saved → /projects/amfa5003/rush-hour/policies/d12_p8_cnn.pth
