[task 17] difficulty=15  puzzle_idx=3  method=vrep  episodes=2500
[train_single] difficulty=15  puzzle_idx=3  method=vrep  episodes=2500
[train_single] board=BBIoooGoICCCGAAoKLoHDDKLoHoJEEFFoJoo
[V-rep] device=cpu  board=BBIoooGoICCCGAAoKLoHDDKLoHoJEEFFoJoo
[V-rep] ep=    0  recent=-2.87  best=-inf
  *** NEW BEST V-rep (avg=-2.90) ep=2 ***
  *** NEW BEST V-rep (avg=-2.90) ep=9 ***
  *** NEW BEST V-rep (avg=-2.88) ep=10 ***
  *** NEW BEST V-rep (avg=-2.87) ep=11 ***
  *** NEW BEST V-rep (avg=-2.86) ep=67 ***
[V-rep] ep=  100  recent=-2.91  best=-2.86
[V-rep] ep=  200  recent=-2.92  best=-2.86
[V-rep] ep=  300  recent=-2.91  best=-2.86
[V-rep] ep=  400  recent=-2.92  best=-2.86
[V-rep] ep=  500  recent=-2.89  best=-2.86
[V-rep] ep=  600  recent=-2.93  best=-2.86
[V-rep] ep=  700  recent=-2.92  best=-2.86
[V-rep] ep=  800  recent=-2.94  best=-2.86
  *** NEW BEST V-rep (avg=-2.68) ep=895 ***
[V-rep] ep=  900  recent=-2.84  best=-2.68
  *** NEW BEST V-rep (avg=-2.43) ep=903 ***
[V-rep] ep= 1000  recent=-2.95  best=-2.43
[V-rep] ep= 1100  recent=-2.91  best=-2.43
[V-rep] ep= 1200  recent=-2.92  best=-2.43
[V-rep] ep= 1300  recent=-2.92  best=-2.43
[V-rep] ep= 1400  recent=-2.92  best=-2.43
[V-rep] ep= 1500  recent=-2.92  best=-2.43
[V-rep] ep= 1600  recent=-2.92  best=-2.43
[V-rep] ep= 1700  recent=-2.92  best=-2.43
[V-rep] ep= 1800  recent=-2.91  best=-2.43
  *** NEW BEST V-rep (avg=-2.20) ep=1898 ***
  *** NEW BEST V-rep (avg=-2.19) ep=1899 ***
[V-rep] ep= 1900  recent=-2.84  best=-2.19
[V-rep] ep= 2000  recent=-2.94  best=-2.19
[V-rep] ep= 2100  recent=-2.91  best=-2.19
[V-rep] ep= 2200  recent=-2.92  best=-2.19
[V-rep] ep= 2300  recent=-2.91  best=-2.19
[V-rep] ep= 2400  recent=-2.91  best=-2.19

[train_single] Training done in 543.5 min. Evaluating ...
[train_single] solve_rate=0.0%  reward=-2.90±0.00
[train_single] Policy saved → /projects/amfa5003/rush-hour/policies/d15_p3_vrep.pth
