[train_single] difficulty=12  puzzle_idx=0  method=cnn  episodes=1200
[train_single] board=ooBBJoFGHoJKFGHAAKoCCIoKoooIDDEEoooo
[CNN] device=cpu  board=ooBBJoFGHoJKFGHAAKoCCIoKoooIDDEEoooo
[CNN]   ep=    0  recent=-3.16  best=-inf
  *** NEW BEST CNN (avg=-3.17) ep=2 ***
  *** NEW BEST CNN (avg=-3.17) ep=5 ***
  *** NEW BEST CNN (avg=-3.17) ep=6 ***
  *** NEW BEST CNN (avg=-3.17) ep=27 ***
  *** NEW BEST CNN (avg=-3.16) ep=31 ***
  *** NEW BEST CNN (avg=-3.16) ep=53 ***
  *** NEW BEST CNN (avg=-3.16) ep=56 ***
  *** NEW BEST CNN (avg=-3.16) ep=85 ***
[CNN]   ep=  100  recent=-3.16  best=-3.16
  *** NEW BEST CNN (avg=-3.15) ep=120 ***
  *** NEW BEST CNN (avg=-3.14) ep=152 ***
  *** NEW BEST CNN (avg=-3.13) ep=153 ***
  *** NEW BEST CNN (avg=-3.13) ep=154 ***
[CNN]   ep=  200  recent=-3.17  best=-3.13
[CNN]   ep=  300  recent=-3.19  best=-3.13
[CNN]   ep=  400  recent=-3.16  best=-3.13
[CNN]   ep=  500  recent=-3.15  best=-3.13
[CNN]   ep=  600  recent=-3.16  best=-3.13
[CNN]   ep=  700  recent=-3.17  best=-3.13
[CNN]   ep=  800  recent=-3.16  best=-3.13
[CNN]   ep=  900  recent=-3.14  best=-3.13
[CNN]   ep= 1000  recent=-3.14  best=-3.13
[CNN]   ep= 1100  recent=-3.14  best=-3.13

[train_single] Training done in 204.7 min. Evaluating ...
[train_single] solve_rate=0.0%  reward=-3.17±0.00
[train_single] Policy saved → /projects/amfa5003/rush-hour/policies/d12_p0_cnn.pth
