[task 31] difficulty=12  puzzle_idx=6  method=hrep  episodes=1200
[train_single] difficulty=12  puzzle_idx=6  method=hrep  episodes=1200
[train_single] board=BBooxooooJDDAAoJKLHoEEKLHoIFFoGGIooo
[H-rep] device=cpu  board=BBooxooooJDDAAoJKLHoEEKLHoIFFoGGIooo
[H-rep] ep=    0  recent=-1.66  best=-inf
  *** NEW BEST H-rep (avg=-0.26) ep=2 ***
  *** NEW BEST H-rep (avg=2.12) ep=3 ***
  *** NEW BEST H-rep (avg=2.41) ep=4 ***
  *** NEW BEST H-rep (avg=2.76) ep=7 ***
  *** NEW BEST H-rep (avg=5.83) ep=8 ***
  *** NEW BEST H-rep (avg=7.13) ep=9 ***
  *** NEW BEST H-rep (avg=8.12) ep=12 ***
  *** NEW BEST H-rep (avg=8.95) ep=13 ***
  *** NEW BEST H-rep (avg=9.06) ep=14 ***
  *** NEW BEST H-rep (avg=9.55) ep=15 ***
  *** NEW BEST H-rep (avg=9.80) ep=16 ***
  *** NEW BEST H-rep (avg=9.83) ep=17 ***
  *** NEW BEST H-rep (avg=9.91) ep=18 ***
  *** NEW BEST H-rep (avg=9.99) ep=20 ***
  *** NEW BEST H-rep (avg=9.99) ep=25 ***
  *** NEW BEST H-rep (avg=10.05) ep=26 ***
  *** NEW BEST H-rep (avg=10.10) ep=27 ***
  *** NEW BEST H-rep (avg=10.13) ep=29 ***
  *** NEW BEST H-rep (avg=10.13) ep=30 ***
  *** NEW BEST H-rep (avg=10.21) ep=31 ***
  *** NEW BEST H-rep (avg=10.24) ep=32 ***
  *** NEW BEST H-rep (avg=10.29) ep=33 ***
  *** NEW BEST H-rep (avg=10.31) ep=39 ***
  *** NEW BEST H-rep (avg=10.34) ep=41 ***
  *** NEW BEST H-rep (avg=10.34) ep=44 ***
  *** NEW BEST H-rep (avg=10.39) ep=45 ***
  *** NEW BEST H-rep (avg=10.40) ep=47 ***
  *** NEW BEST H-rep (avg=10.42) ep=48 ***
  *** NEW BEST H-rep (avg=10.43) ep=51 ***
  *** NEW BEST H-rep (avg=10.44) ep=54 ***
  *** NEW BEST H-rep (avg=10.44) ep=56 ***
  *** NEW BEST H-rep (avg=10.45) ep=57 ***
  *** NEW BEST H-rep (avg=10.45) ep=58 ***
  *** NEW BEST H-rep (avg=10.45) ep=59 ***
  *** NEW BEST H-rep (avg=10.45) ep=61 ***
  *** NEW BEST H-rep (avg=10.45) ep=63 ***
  *** NEW BEST H-rep (avg=10.46) ep=68 ***
  *** NEW BEST H-rep (avg=10.46) ep=70 ***
  *** NEW BEST H-rep (avg=10.46) ep=79 ***
  *** NEW BEST H-rep (avg=10.47) ep=98 ***
  *** NEW BEST H-rep (avg=10.47) ep=99 ***
  *** NEW BEST H-rep (avg=10.47) ep=100 ***
[H-rep] ep=  100  recent=10.47  best=10.47
  *** NEW BEST H-rep (avg=10.47) ep=105 ***
  *** NEW BEST H-rep (avg=10.47) ep=134 ***
  *** NEW BEST H-rep (avg=10.48) ep=146 ***
  *** NEW BEST H-rep (avg=10.48) ep=153 ***
  *** NEW BEST H-rep (avg=10.48) ep=160 ***
  *** NEW BEST H-rep (avg=10.48) ep=167 ***
  *** NEW BEST H-rep (avg=10.48) ep=169 ***
  *** NEW BEST H-rep (avg=10.48) ep=178 ***
  *** NEW BEST H-rep (avg=10.48) ep=192 ***
  *** NEW BEST H-rep (avg=10.48) ep=199 ***
[H-rep] ep=  200  recent=10.47  best=10.48
[H-rep] ep=  300  recent=10.47  best=10.48
  *** NEW BEST H-rep (avg=10.48) ep=339 ***
[H-rep] ep=  400  recent=10.47  best=10.48
  *** NEW BEST H-rep (avg=10.48) ep=462 ***
[H-rep] ep=  500  recent=10.48  best=10.48
[H-rep] ep=  600  recent=-2.89  best=10.48
[H-rep] ep=  700  recent=10.33  best=10.48
[H-rep] ep=  800  recent=10.33  best=10.48
[H-rep] ep=  900  recent=10.34  best=10.48
[H-rep] ep= 1000  recent=10.34  best=10.48
[H-rep] ep= 1100  recent=10.33  best=10.48

[train_single] Training done in 284.2 min. Evaluating ...
[train_single] solve_rate=100.0%  reward=10.48±0.00
[train_single] Policy saved → /projects/amfa5003/rush-hour/policies/d12_p6_hrep.pth
