[task 74] difficulty=12  puzzle_idx=14  method=mlp  episodes=1200
[train_single] difficulty=12  puzzle_idx=14  method=mlp  episodes=1200
[train_single] board=GHBBoxGHDDKLGAAJKLooIJooooIEEoFFoooo
[MLP] device=cpu  board=GHBBoxGHDDKLGAAJKLooIJooooIEEoFFoooo
[MLP]   ep=    0  recent=-2.76  best=-inf
  *** NEW BEST MLP (avg=7.89) ep=1 ***
  *** NEW BEST MLP (avg=9.77) ep=2 ***
  *** NEW BEST MLP (avg=10.30) ep=3 ***
  *** NEW BEST MLP (avg=10.40) ep=4 ***
  *** NEW BEST MLP (avg=10.44) ep=5 ***
  *** NEW BEST MLP (avg=10.45) ep=6 ***
  *** NEW BEST MLP (avg=10.47) ep=7 ***
  *** NEW BEST MLP (avg=10.48) ep=9 ***
  *** NEW BEST MLP (avg=10.49) ep=10 ***
  *** NEW BEST MLP (avg=10.50) ep=12 ***
  *** NEW BEST MLP (avg=10.51) ep=14 ***
  *** NEW BEST MLP (avg=10.51) ep=15 ***
  *** NEW BEST MLP (avg=10.53) ep=16 ***
  *** NEW BEST MLP (avg=10.53) ep=19 ***
  *** NEW BEST MLP (avg=10.53) ep=20 ***
  *** NEW BEST MLP (avg=10.53) ep=22 ***
  *** NEW BEST MLP (avg=10.53) ep=32 ***
  *** NEW BEST MLP (avg=10.53) ep=41 ***
  *** NEW BEST MLP (avg=10.53) ep=77 ***
  *** NEW BEST MLP (avg=10.53) ep=79 ***
  *** NEW BEST MLP (avg=10.53) ep=93 ***
[MLP]   ep=  100  recent=10.52  best=10.53
  *** NEW BEST MLP (avg=10.53) ep=155 ***
  *** NEW BEST MLP (avg=10.53) ep=171 ***
  *** NEW BEST MLP (avg=10.53) ep=174 ***
[MLP]   ep=  200  recent=10.53  best=10.53
[MLP]   ep=  300  recent=10.53  best=10.53
[MLP]   ep=  400  recent=10.53  best=10.53
[MLP]   ep=  500  recent=10.53  best=10.53
[MLP]   ep=  600  recent=10.53  best=10.53
[MLP]   ep=  700  recent=10.53  best=10.53
[MLP]   ep=  800  recent=10.53  best=10.53
[MLP]   ep=  900  recent=10.53  best=10.53
[MLP]   ep= 1000  recent=10.53  best=10.53
[MLP]   ep= 1100  recent=10.53  best=10.53

[train_single] Training done in 435.9 min. Evaluating ...
[train_single] solve_rate=100.0%  reward=10.54±0.00
[train_single] Policy saved → /projects/amfa5003/rush-hour/policies/d12_p14_mlp.pth
