[task 70] difficulty=15  puzzle_idx=13  method=cnn  episodes=2500
[train_single] difficulty=15  puzzle_idx=13  method=cnn  episodes=2500
[train_single] board=oIBBBxoIDDoLAAJooLHoJEEoHFFoKoGGooKo
[CNN] device=cpu  board=oIBBBxoIDDoLAAJooLHoJEEoHFFoKoGGooKo
[CNN]   ep=    0  recent=-2.80  best=-inf
  *** NEW BEST CNN (avg=3.87) ep=1 ***
  *** NEW BEST CNN (avg=8.34) ep=2 ***
  *** NEW BEST CNN (avg=10.02) ep=3 ***
  *** NEW BEST CNN (avg=10.25) ep=4 ***
  *** NEW BEST CNN (avg=10.34) ep=5 ***
  *** NEW BEST CNN (avg=10.37) ep=6 ***
  *** NEW BEST CNN (avg=10.39) ep=7 ***
  *** NEW BEST CNN (avg=10.41) ep=8 ***
  *** NEW BEST CNN (avg=10.42) ep=9 ***
  *** NEW BEST CNN (avg=10.43) ep=10 ***
  *** NEW BEST CNN (avg=10.43) ep=11 ***
  *** NEW BEST CNN (avg=10.44) ep=12 ***
  *** NEW BEST CNN (avg=10.45) ep=13 ***
  *** NEW BEST CNN (avg=10.45) ep=14 ***
  *** NEW BEST CNN (avg=10.45) ep=15 ***
  *** NEW BEST CNN (avg=10.45) ep=18 ***
  *** NEW BEST CNN (avg=10.46) ep=21 ***
  *** NEW BEST CNN (avg=10.46) ep=61 ***
  *** NEW BEST CNN (avg=10.46) ep=64 ***
  *** NEW BEST CNN (avg=10.46) ep=66 ***
  *** NEW BEST CNN (avg=10.46) ep=67 ***
  *** NEW BEST CNN (avg=10.46) ep=71 ***
[CNN]   ep=  100  recent=10.46  best=10.46
  *** NEW BEST CNN (avg=10.46) ep=125 ***
  *** NEW BEST CNN (avg=10.46) ep=129 ***
  *** NEW BEST CNN (avg=10.46) ep=149 ***
  *** NEW BEST CNN (avg=10.46) ep=158 ***
  *** NEW BEST CNN (avg=10.46) ep=159 ***
[CNN]   ep=  200  recent=10.45  best=10.46
[CNN]   ep=  300  recent=10.46  best=10.46
[CNN]   ep=  400  recent=10.46  best=10.46
[CNN]   ep=  500  recent=10.46  best=10.46
[CNN]   ep=  600  recent=10.46  best=10.46
[CNN]   ep=  700  recent=10.46  best=10.46
[CNN]   ep=  800  recent=10.46  best=10.46
[CNN]   ep=  900  recent=10.45  best=10.46
[CNN]   ep= 1000  recent=10.46  best=10.46
[CNN]   ep= 1100  recent=10.46  best=10.46
[CNN]   ep= 1200  recent=10.46  best=10.46
[CNN]   ep= 1300  recent=10.45  best=10.46
  *** NEW BEST CNN (avg=10.46) ep=1313 ***
[CNN]   ep= 1400  recent=10.46  best=10.46
[CNN]   ep= 1500  recent=10.46  best=10.46
[CNN]   ep= 1600  recent=10.46  best=10.46
[CNN]   ep= 1700  recent=10.46  best=10.46
[CNN]   ep= 1800  recent=10.46  best=10.46
[CNN]   ep= 1900  recent=10.46  best=10.46
[CNN]   ep= 2000  recent=10.46  best=10.46
[CNN]   ep= 2100  recent=10.46  best=10.46
[CNN]   ep= 2200  recent=10.46  best=10.46
[CNN]   ep= 2300  recent=10.46  best=10.46
[CNN]   ep= 2400  recent=10.45  best=10.46

[train_single] Training done in 810.4 min. Evaluating ...
[train_single] solve_rate=100.0%  reward=10.46±0.00
[train_single] Policy saved → /projects/amfa5003/rush-hour/policies/d15_p13_cnn.pth
