[task 75] difficulty=12  puzzle_idx=14  method=cnn  episodes=1200
[train_single] difficulty=12  puzzle_idx=14  method=cnn  episodes=1200
[train_single] board=GHBBoxGHDDKLGAAJKLooIJooooIEEoFFoooo
[CNN] device=cpu  board=GHBBoxGHDDKLGAAJKLooIJooooIEEoFFoooo
[CNN]   ep=    0  recent=-2.78  best=-inf
  *** NEW BEST CNN (avg=4.52) ep=1 ***
  *** NEW BEST CNN (avg=9.27) ep=2 ***
  *** NEW BEST CNN (avg=9.99) ep=3 ***
  *** NEW BEST CNN (avg=10.36) ep=4 ***
  *** NEW BEST CNN (avg=10.44) ep=5 ***
  *** NEW BEST CNN (avg=10.47) ep=6 ***
  *** NEW BEST CNN (avg=10.47) ep=7 ***
  *** NEW BEST CNN (avg=10.49) ep=8 ***
  *** NEW BEST CNN (avg=10.51) ep=9 ***
  *** NEW BEST CNN (avg=10.52) ep=10 ***
  *** NEW BEST CNN (avg=10.52) ep=11 ***
  *** NEW BEST CNN (avg=10.53) ep=13 ***
  *** NEW BEST CNN (avg=10.53) ep=17 ***
  *** NEW BEST CNN (avg=10.53) ep=20 ***
  *** NEW BEST CNN (avg=10.53) ep=22 ***
  *** NEW BEST CNN (avg=10.53) ep=27 ***
  *** NEW BEST CNN (avg=10.53) ep=29 ***
  *** NEW BEST CNN (avg=10.53) ep=48 ***
  *** NEW BEST CNN (avg=10.53) ep=52 ***
  *** NEW BEST CNN (avg=10.53) ep=73 ***
  *** NEW BEST CNN (avg=10.53) ep=74 ***
  *** NEW BEST CNN (avg=10.53) ep=85 ***
[CNN]   ep=  100  recent=10.53  best=10.53
[CNN]   ep=  200  recent=10.53  best=10.53
[CNN]   ep=  300  recent=10.53  best=10.53
[CNN]   ep=  400  recent=10.53  best=10.53
[CNN]   ep=  500  recent=10.53  best=10.53
[CNN]   ep=  600  recent=10.53  best=10.53
[CNN]   ep=  700  recent=10.53  best=10.53
[CNN]   ep=  800  recent=10.53  best=10.53
[CNN]   ep=  900  recent=10.53  best=10.53
[CNN]   ep= 1000  recent=10.53  best=10.53
[CNN]   ep= 1100  recent=10.53  best=10.53

[train_single] Training done in 501.7 min. Evaluating ...
[train_single] solve_rate=100.0%  reward=10.53±0.00
[train_single] Policy saved → /projects/amfa5003/rush-hour/policies/d12_p14_cnn.pth
