[task 33] difficulty=10  puzzle_idx=6  method=gnn  episodes=750
[train_single] difficulty=10  puzzle_idx=6  method=gnn  episodes=750
[train_single] board=ooGHBBoFGHCCoFGAAJoooooJEoooIKEDDoIK
[GNN] device=cpu  board=ooGHBBoFGHCCoFGAAJoooooJEoooIKEDDoIK
[GNN]   ep=    0  recent=-3.15  best=-inf
  *** NEW BEST GNN (avg=-2.69) ep=2 ***
  *** NEW BEST GNN (avg=-1.85) ep=4 ***
  *** NEW BEST GNN (avg=-1.63) ep=5 ***
  *** NEW BEST GNN (avg=-1.33) ep=10 ***
  *** NEW BEST GNN (avg=-1.30) ep=11 ***
  *** NEW BEST GNN (avg=-0.34) ep=12 ***
  *** NEW BEST GNN (avg=1.88) ep=13 ***
  *** NEW BEST GNN (avg=3.17) ep=14 ***
  *** NEW BEST GNN (avg=3.18) ep=15 ***
  *** NEW BEST GNN (avg=4.96) ep=18 ***
  *** NEW BEST GNN (avg=5.04) ep=19 ***
  *** NEW BEST GNN (avg=5.78) ep=20 ***
  *** NEW BEST GNN (avg=7.37) ep=21 ***
  *** NEW BEST GNN (avg=7.55) ep=22 ***
  *** NEW BEST GNN (avg=8.25) ep=23 ***
  *** NEW BEST GNN (avg=8.45) ep=24 ***
  *** NEW BEST GNN (avg=8.55) ep=25 ***
  *** NEW BEST GNN (avg=8.82) ep=26 ***
  *** NEW BEST GNN (avg=9.06) ep=27 ***
  *** NEW BEST GNN (avg=9.24) ep=28 ***
  *** NEW BEST GNN (avg=9.39) ep=29 ***
  *** NEW BEST GNN (avg=9.54) ep=30 ***
  *** NEW BEST GNN (avg=9.63) ep=31 ***
  *** NEW BEST GNN (avg=9.67) ep=32 ***
  *** NEW BEST GNN (avg=9.73) ep=35 ***
  *** NEW BEST GNN (avg=9.79) ep=37 ***
  *** NEW BEST GNN (avg=9.82) ep=38 ***
  *** NEW BEST GNN (avg=9.87) ep=39 ***
  *** NEW BEST GNN (avg=9.91) ep=42 ***
  *** NEW BEST GNN (avg=9.93) ep=43 ***
  *** NEW BEST GNN (avg=9.95) ep=46 ***
  *** NEW BEST GNN (avg=10.00) ep=47 ***
  *** NEW BEST GNN (avg=10.00) ep=48 ***
  *** NEW BEST GNN (avg=10.02) ep=49 ***
  *** NEW BEST GNN (avg=10.02) ep=51 ***
  *** NEW BEST GNN (avg=10.04) ep=52 ***
  *** NEW BEST GNN (avg=10.06) ep=55 ***
  *** NEW BEST GNN (avg=10.07) ep=56 ***
  *** NEW BEST GNN (avg=10.08) ep=61 ***
  *** NEW BEST GNN (avg=10.09) ep=62 ***
  *** NEW BEST GNN (avg=10.09) ep=74 ***
  *** NEW BEST GNN (avg=10.10) ep=75 ***
  *** NEW BEST GNN (avg=10.10) ep=77 ***
  *** NEW BEST GNN (avg=10.10) ep=80 ***
  *** NEW BEST GNN (avg=10.11) ep=82 ***
  *** NEW BEST GNN (avg=10.11) ep=83 ***
  *** NEW BEST GNN (avg=10.11) ep=85 ***
  *** NEW BEST GNN (avg=10.11) ep=88 ***
  *** NEW BEST GNN (avg=10.11) ep=95 ***
  *** NEW BEST GNN (avg=10.11) ep=96 ***
  *** NEW BEST GNN (avg=10.11) ep=99 ***
  *** NEW BEST GNN (avg=10.11) ep=100 ***
[GNN]   ep=  100  recent=10.11  best=10.11
  *** NEW BEST GNN (avg=10.12) ep=102 ***
  *** NEW BEST GNN (avg=10.12) ep=103 ***
  *** NEW BEST GNN (avg=10.12) ep=105 ***
  *** NEW BEST GNN (avg=10.12) ep=107 ***
  *** NEW BEST GNN (avg=10.12) ep=120 ***
  *** NEW BEST GNN (avg=10.12) ep=127 ***
  *** NEW BEST GNN (avg=10.12) ep=129 ***
  *** NEW BEST GNN (avg=10.12) ep=145 ***
  *** NEW BEST GNN (avg=10.13) ep=159 ***
[GNN]   ep=  200  recent=10.13  best=10.13
  *** NEW BEST GNN (avg=10.13) ep=229 ***
  *** NEW BEST GNN (avg=10.13) ep=240 ***
  *** NEW BEST GNN (avg=10.13) ep=280 ***
[GNN]   ep=  300  recent=10.12  best=10.13
  *** NEW BEST GNN (avg=10.13) ep=348 ***
[GNN]   ep=  400  recent=10.13  best=10.13
[GNN]   ep=  500  recent=-3.18  best=10.13
[GNN]   ep=  600  recent=-3.17  best=10.13
[GNN]   ep=  700  recent=8.58  best=10.13

[train_single] Training done in 147.8 min. Evaluating ...
[train_single] solve_rate=100.0%  reward=10.13±0.00
[train_single] Policy saved → /projects/amfa5003/rush-hour/policies/d10_p6_gnn.pth
