[task 69] difficulty=15  puzzle_idx=13  method=mlp  episodes=2500
[train_single] difficulty=15  puzzle_idx=13  method=mlp  episodes=2500
[train_single] board=oIBBBxoIDDoLAAJooLHoJEEoHFFoKoGGooKo
[MLP] device=cpu  board=oIBBBxoIDDoLAAJooLHoJEEoHFFoKoGGooKo
[MLP]   ep=    0  recent=-0.50  best=-inf
  *** NEW BEST MLP (avg=3.94) ep=1 ***
  *** NEW BEST MLP (avg=9.80) ep=2 ***
  *** NEW BEST MLP (avg=10.17) ep=3 ***
  *** NEW BEST MLP (avg=10.32) ep=4 ***
  *** NEW BEST MLP (avg=10.35) ep=5 ***
  *** NEW BEST MLP (avg=10.38) ep=6 ***
  *** NEW BEST MLP (avg=10.40) ep=7 ***
  *** NEW BEST MLP (avg=10.40) ep=8 ***
  *** NEW BEST MLP (avg=10.42) ep=9 ***
  *** NEW BEST MLP (avg=10.42) ep=10 ***
  *** NEW BEST MLP (avg=10.44) ep=11 ***
  *** NEW BEST MLP (avg=10.44) ep=14 ***
  *** NEW BEST MLP (avg=10.44) ep=16 ***
  *** NEW BEST MLP (avg=10.44) ep=19 ***
  *** NEW BEST MLP (avg=10.44) ep=23 ***
  *** NEW BEST MLP (avg=10.45) ep=25 ***
  *** NEW BEST MLP (avg=10.45) ep=28 ***
  *** NEW BEST MLP (avg=10.45) ep=31 ***
  *** NEW BEST MLP (avg=10.45) ep=47 ***
  *** NEW BEST MLP (avg=10.45) ep=51 ***
  *** NEW BEST MLP (avg=10.46) ep=56 ***
  *** NEW BEST MLP (avg=10.46) ep=61 ***
  *** NEW BEST MLP (avg=10.46) ep=63 ***
  *** NEW BEST MLP (avg=10.46) ep=68 ***
  *** NEW BEST MLP (avg=10.46) ep=76 ***
[MLP]   ep=  100  recent=10.46  best=10.46
[MLP]   ep=  200  recent=10.45  best=10.46
  *** NEW BEST MLP (avg=10.46) ep=258 ***
  *** NEW BEST MLP (avg=10.46) ep=263 ***
[MLP]   ep=  300  recent=10.43  best=10.46
  *** NEW BEST MLP (avg=10.46) ep=316 ***
[MLP]   ep=  400  recent=10.46  best=10.46
[MLP]   ep=  500  recent=10.45  best=10.46
[MLP]   ep=  600  recent=10.46  best=10.46
  *** NEW BEST MLP (avg=10.46) ep=610 ***
  *** NEW BEST MLP (avg=10.46) ep=700 ***
[MLP]   ep=  700  recent=10.46  best=10.46
[MLP]   ep=  800  recent=10.46  best=10.46
[MLP]   ep=  900  recent=10.46  best=10.46
[MLP]   ep= 1000  recent=10.46  best=10.46
[MLP]   ep= 1100  recent=10.46  best=10.46
[MLP]   ep= 1200  recent=10.46  best=10.46
[MLP]   ep= 1300  recent=10.45  best=10.46
[MLP]   ep= 1400  recent=10.45  best=10.46
[MLP]   ep= 1500  recent=10.46  best=10.46
[MLP]   ep= 1600  recent=10.46  best=10.46
[MLP]   ep= 1700  recent=10.46  best=10.46
[MLP]   ep= 1800  recent=10.45  best=10.46
[MLP]   ep= 1900  recent=10.46  best=10.46
[MLP]   ep= 2000  recent=10.46  best=10.46
[MLP]   ep= 2100  recent=10.46  best=10.46
[MLP]   ep= 2200  recent=10.45  best=10.46
[MLP]   ep= 2300  recent=10.46  best=10.46
[MLP]   ep= 2400  recent=10.46  best=10.46

[train_single] Training done in 722.8 min. Evaluating ...
[train_single] solve_rate=100.0%  reward=10.46±0.00
[train_single] Policy saved → /projects/amfa5003/rush-hour/policies/d15_p13_mlp.pth
