[task 57] difficulty=15  puzzle_idx=11  method=vrep  episodes=2500
[train_single] difficulty=15  puzzle_idx=11  method=vrep  episodes=2500
[train_single] board=oHoBBooHCCKooAAJKoooIJDDxoIFFLooGGoL
[V-rep] device=cpu  board=oHoBBooHCCKooAAJKoooIJDDxoIFFLooGGoL
[V-rep] ep=    0  recent=0.65  best=-inf
  *** NEW BEST V-rep (avg=-0.12) ep=2 ***
  *** NEW BEST V-rep (avg=2.27) ep=3 ***
  *** NEW BEST V-rep (avg=4.52) ep=4 ***
  *** NEW BEST V-rep (avg=9.73) ep=5 ***
  *** NEW BEST V-rep (avg=9.95) ep=6 ***
  *** NEW BEST V-rep (avg=9.98) ep=9 ***
  *** NEW BEST V-rep (avg=9.98) ep=10 ***
  *** NEW BEST V-rep (avg=10.03) ep=11 ***
  *** NEW BEST V-rep (avg=10.12) ep=12 ***
  *** NEW BEST V-rep (avg=10.14) ep=13 ***
  *** NEW BEST V-rep (avg=10.18) ep=15 ***
  *** NEW BEST V-rep (avg=10.18) ep=16 ***
  *** NEW BEST V-rep (avg=10.24) ep=17 ***
  *** NEW BEST V-rep (avg=10.28) ep=18 ***
  *** NEW BEST V-rep (avg=10.28) ep=21 ***
  *** NEW BEST V-rep (avg=10.28) ep=23 ***
  *** NEW BEST V-rep (avg=10.29) ep=24 ***
  *** NEW BEST V-rep (avg=10.31) ep=25 ***
  *** NEW BEST V-rep (avg=10.31) ep=26 ***
  *** NEW BEST V-rep (avg=10.33) ep=27 ***
  *** NEW BEST V-rep (avg=10.34) ep=29 ***
  *** NEW BEST V-rep (avg=10.34) ep=30 ***
  *** NEW BEST V-rep (avg=10.34) ep=33 ***
  *** NEW BEST V-rep (avg=10.34) ep=34 ***
  *** NEW BEST V-rep (avg=10.35) ep=35 ***
  *** NEW BEST V-rep (avg=10.35) ep=39 ***
  *** NEW BEST V-rep (avg=10.35) ep=41 ***
  *** NEW BEST V-rep (avg=10.35) ep=42 ***
  *** NEW BEST V-rep (avg=10.35) ep=48 ***
  *** NEW BEST V-rep (avg=10.35) ep=64 ***
  *** NEW BEST V-rep (avg=10.35) ep=82 ***
  *** NEW BEST V-rep (avg=10.35) ep=84 ***
  *** NEW BEST V-rep (avg=10.35) ep=98 ***
[V-rep] ep=  100  recent=10.35  best=10.35
  *** NEW BEST V-rep (avg=10.35) ep=118 ***
  *** NEW BEST V-rep (avg=10.35) ep=121 ***
  *** NEW BEST V-rep (avg=10.35) ep=130 ***
[V-rep] ep=  200  recent=10.23  best=10.35
[V-rep] ep=  300  recent=9.69  best=10.35
[V-rep] ep=  400  recent=10.35  best=10.35
[V-rep] ep=  500  recent=10.34  best=10.35
[V-rep] ep=  600  recent=10.34  best=10.35
[V-rep] ep=  700  recent=10.34  best=10.35
[V-rep] ep=  800  recent=10.35  best=10.35
[V-rep] ep=  900  recent=10.34  best=10.35
[V-rep] ep= 1000  recent=10.31  best=10.35
[V-rep] ep= 1100  recent=10.35  best=10.35
[V-rep] ep= 1200  recent=10.35  best=10.35
[V-rep] ep= 1300  recent=0.62  best=10.35
[V-rep] ep= 1400  recent=2.11  best=10.35
[V-rep] ep= 1500  recent=10.35  best=10.35
[V-rep] ep= 1600  recent=10.34  best=10.35
[V-rep] ep= 1700  recent=10.35  best=10.35
[V-rep] ep= 1800  recent=10.25  best=10.35
[V-rep] ep= 1900  recent=9.70  best=10.35
[V-rep] ep= 2000  recent=10.25  best=10.35
[V-rep] ep= 2100  recent=10.35  best=10.35
[V-rep] ep= 2200  recent=10.34  best=10.35
[V-rep] ep= 2300  recent=10.32  best=10.35
[V-rep] ep= 2400  recent=10.35  best=10.35

[train_single] Training done in 659.1 min. Evaluating ...
[train_single] solve_rate=100.0%  reward=10.35±0.00
[train_single] Policy saved → /projects/amfa5003/rush-hour/policies/d15_p11_vrep.pth
