[task 48] difficulty=12  puzzle_idx=9  method=gnn  episodes=1200
[train_single] difficulty=12  puzzle_idx=9  method=gnn  episodes=1200
[train_single] board=HoBBooHoCCKLooAAKLooIDDLooIJEEoFFJGG
[GNN] device=cpu  board=HoBBooHoCCKLooAAKLooIDDLooIJEEoFFJGG
[GNN]   ep=    0  recent=-2.93  best=-inf
  *** NEW BEST GNN (avg=-2.32) ep=2 ***
  *** NEW BEST GNN (avg=-2.31) ep=3 ***
[GNN]   ep=  100  recent=-3.06  best=-2.31
[GNN]   ep=  200  recent=-3.06  best=-2.31
[GNN]   ep=  300  recent=-3.03  best=-2.31
[GNN]   ep=  400  recent=-3.05  best=-2.31
[GNN]   ep=  500  recent=-3.06  best=-2.31
[GNN]   ep=  600  recent=-3.05  best=-2.31
[GNN]   ep=  700  recent=-3.05  best=-2.31
[GNN]   ep=  800  recent=-3.04  best=-2.31
[GNN]   ep=  900  recent=-3.04  best=-2.31
[GNN]   ep= 1000  recent=-3.04  best=-2.31
[GNN]   ep= 1100  recent=-3.03  best=-2.31

[train_single] Training done in 270.7 min. Evaluating ...
[train_single] solve_rate=0.0%  reward=-2.93±0.00
[train_single] Policy saved → /projects/amfa5003/rush-hour/policies/d12_p9_gnn.pth
