[task 71] difficulty=12  puzzle_idx=14  method=hrep  episodes=1200
[train_single] difficulty=12  puzzle_idx=14  method=hrep  episodes=1200
[train_single] board=GHBBoxGHDDKLGAAJKLooIJooooIEEoFFoooo
[H-rep] device=cpu  board=GHBBoxGHDDKLGAAJKLooIJooooIEEoFFoooo
[H-rep] ep=    0  recent=-2.78  best=-inf
  *** NEW BEST H-rep (avg=1.57) ep=2 ***
  *** NEW BEST H-rep (avg=5.69) ep=3 ***
  *** NEW BEST H-rep (avg=7.04) ep=4 ***
  *** NEW BEST H-rep (avg=8.22) ep=5 ***
  *** NEW BEST H-rep (avg=8.31) ep=9 ***
  *** NEW BEST H-rep (avg=9.33) ep=10 ***
  *** NEW BEST H-rep (avg=9.47) ep=11 ***
  *** NEW BEST H-rep (avg=9.93) ep=12 ***
  *** NEW BEST H-rep (avg=10.16) ep=13 ***
  *** NEW BEST H-rep (avg=10.23) ep=14 ***
  *** NEW BEST H-rep (avg=10.28) ep=16 ***
  *** NEW BEST H-rep (avg=10.33) ep=17 ***
  *** NEW BEST H-rep (avg=10.39) ep=18 ***
  *** NEW BEST H-rep (avg=10.43) ep=19 ***
  *** NEW BEST H-rep (avg=10.46) ep=20 ***
  *** NEW BEST H-rep (avg=10.46) ep=21 ***
  *** NEW BEST H-rep (avg=10.48) ep=22 ***
  *** NEW BEST H-rep (avg=10.48) ep=24 ***
  *** NEW BEST H-rep (avg=10.50) ep=26 ***
  *** NEW BEST H-rep (avg=10.51) ep=27 ***
  *** NEW BEST H-rep (avg=10.51) ep=32 ***
  *** NEW BEST H-rep (avg=10.51) ep=54 ***
  *** NEW BEST H-rep (avg=10.51) ep=57 ***
  *** NEW BEST H-rep (avg=10.52) ep=66 ***
  *** NEW BEST H-rep (avg=10.52) ep=69 ***
[H-rep] ep=  100  recent=10.51  best=10.52
  *** NEW BEST H-rep (avg=10.52) ep=107 ***
  *** NEW BEST H-rep (avg=10.52) ep=119 ***
  *** NEW BEST H-rep (avg=10.53) ep=121 ***
  *** NEW BEST H-rep (avg=10.53) ep=128 ***
  *** NEW BEST H-rep (avg=10.53) ep=130 ***
  *** NEW BEST H-rep (avg=10.53) ep=131 ***
  *** NEW BEST H-rep (avg=10.53) ep=133 ***
  *** NEW BEST H-rep (avg=10.53) ep=134 ***
  *** NEW BEST H-rep (avg=10.53) ep=136 ***
  *** NEW BEST H-rep (avg=10.53) ep=158 ***
  *** NEW BEST H-rep (avg=10.53) ep=162 ***
  *** NEW BEST H-rep (avg=10.53) ep=189 ***
[H-rep] ep=  200  recent=10.53  best=10.53
  *** NEW BEST H-rep (avg=10.53) ep=206 ***
  *** NEW BEST H-rep (avg=10.53) ep=237 ***
[H-rep] ep=  300  recent=10.53  best=10.53
[H-rep] ep=  400  recent=10.53  best=10.53
  *** NEW BEST H-rep (avg=10.53) ep=407 ***
[H-rep] ep=  500  recent=10.53  best=10.53
  *** NEW BEST H-rep (avg=10.53) ep=572 ***
[H-rep] ep=  600  recent=10.53  best=10.53
[H-rep] ep=  700  recent=10.53  best=10.53
[H-rep] ep=  800  recent=10.53  best=10.53
[H-rep] ep=  900  recent=10.53  best=10.53
[H-rep] ep= 1000  recent=10.53  best=10.53
[H-rep] ep= 1100  recent=10.53  best=10.53

[train_single] Training done in 352.6 min. Evaluating ...
[train_single] solve_rate=100.0%  reward=10.53±0.00
[train_single] Policy saved → /projects/amfa5003/rush-hour/policies/d12_p14_hrep.pth
