[task 21] difficulty=15  puzzle_idx=4  method=hrep  episodes=2500
[train_single] difficulty=15  puzzle_idx=4  method=hrep  episodes=2500
[train_single] board=BBoJoooHoJCCGHAAKLGDDoKLooIEEEFFIooo
[H-rep] device=cpu  board=BBoJoooHoJCCGHAAKLGDDoKLooIEEEFFIooo
[H-rep] ep=    0  recent=-2.89  best=-inf
  *** NEW BEST H-rep (avg=-2.92) ep=2 ***
[H-rep] ep=  100  recent=-2.96  best=-2.92
  *** NEW BEST H-rep (avg=-2.92) ep=126 ***
  *** NEW BEST H-rep (avg=-2.92) ep=167 ***
[H-rep] ep=  200  recent=-2.90  best=-2.92
  *** NEW BEST H-rep (avg=-2.92) ep=201 ***
  *** NEW BEST H-rep (avg=-2.90) ep=219 ***
  *** NEW BEST H-rep (avg=-2.89) ep=220 ***
[H-rep] ep=  300  recent=-2.91  best=-2.89
  *** NEW BEST H-rep (avg=-2.89) ep=317 ***
  *** NEW BEST H-rep (avg=-2.69) ep=377 ***
  *** NEW BEST H-rep (avg=-2.68) ep=378 ***
[H-rep] ep=  400  recent=-2.93  best=-2.68
[H-rep] ep=  500  recent=-2.94  best=-2.68
[H-rep] ep=  600  recent=-2.93  best=-2.68
[H-rep] ep=  700  recent=-2.93  best=-2.68
[H-rep] ep=  800  recent=-2.93  best=-2.68
[H-rep] ep=  900  recent=-2.93  best=-2.68
[H-rep] ep= 1000  recent=-2.93  best=-2.68
[H-rep] ep= 1100  recent=-2.93  best=-2.68
[H-rep] ep= 1200  recent=-2.93  best=-2.68
[H-rep] ep= 1300  recent=-2.93  best=-2.68
[H-rep] ep= 1400  recent=-2.93  best=-2.68
  *** NEW BEST H-rep (avg=-1.79) ep=1452 ***
  *** NEW BEST H-rep (avg=-1.57) ep=1453 ***
  *** NEW BEST H-rep (avg=-1.11) ep=1457 ***
  *** NEW BEST H-rep (avg=0.50) ep=1458 ***
  *** NEW BEST H-rep (avg=3.15) ep=1459 ***
  *** NEW BEST H-rep (avg=4.58) ep=1460 ***
  *** NEW BEST H-rep (avg=7.82) ep=1461 ***
  *** NEW BEST H-rep (avg=8.37) ep=1462 ***
  *** NEW BEST H-rep (avg=8.78) ep=1463 ***
  *** NEW BEST H-rep (avg=9.44) ep=1464 ***
  *** NEW BEST H-rep (avg=9.61) ep=1466 ***
  *** NEW BEST H-rep (avg=9.95) ep=1467 ***
  *** NEW BEST H-rep (avg=9.98) ep=1468 ***
  *** NEW BEST H-rep (avg=10.02) ep=1471 ***
  *** NEW BEST H-rep (avg=10.02) ep=1472 ***
  *** NEW BEST H-rep (avg=10.04) ep=1473 ***
  *** NEW BEST H-rep (avg=10.06) ep=1474 ***
  *** NEW BEST H-rep (avg=10.07) ep=1475 ***
  *** NEW BEST H-rep (avg=10.07) ep=1478 ***
  *** NEW BEST H-rep (avg=10.08) ep=1479 ***
  *** NEW BEST H-rep (avg=10.08) ep=1480 ***
  *** NEW BEST H-rep (avg=10.08) ep=1481 ***
  *** NEW BEST H-rep (avg=10.08) ep=1483 ***
  *** NEW BEST H-rep (avg=10.08) ep=1493 ***
[H-rep] ep= 1500  recent=9.86  best=10.08
  *** NEW BEST H-rep (avg=10.09) ep=1554 ***
  *** NEW BEST H-rep (avg=10.09) ep=1555 ***
[H-rep] ep= 1600  recent=8.79  best=10.09
  *** NEW BEST H-rep (avg=10.10) ep=1601 ***
[H-rep] ep= 1700  recent=10.07  best=10.10
  *** NEW BEST H-rep (avg=10.10) ep=1713 ***
  *** NEW BEST H-rep (avg=10.10) ep=1715 ***
[H-rep] ep= 1800  recent=10.09  best=10.10
[H-rep] ep= 1900  recent=10.07  best=10.10
[H-rep] ep= 2000  recent=-2.93  best=10.10
[H-rep] ep= 2100  recent=-2.93  best=10.10
[H-rep] ep= 2200  recent=-2.94  best=10.10
[H-rep] ep= 2300  recent=-2.93  best=10.10
[H-rep] ep= 2400  recent=-2.93  best=10.10

[train_single] Training done in 503.7 min. Evaluating ...
[train_single] solve_rate=100.0%  reward=10.10±0.00
[train_single] Policy saved → /projects/amfa5003/rush-hour/policies/d15_p4_hrep.pth
