[task 58] difficulty=15  puzzle_idx=11  method=gnn  episodes=2500
[train_single] difficulty=15  puzzle_idx=11  method=gnn  episodes=2500
[train_single] board=oHoBBooHCCKooAAJKoooIJDDxoIFFLooGGoL
[GNN] device=cpu  board=oHoBBooHCCKooAAJKoooIJDDxoIFFLooGGoL
[GNN]   ep=    0  recent=0.66  best=-inf
  *** NEW BEST GNN (avg=3.47) ep=1 ***
  *** NEW BEST GNN (avg=6.78) ep=2 ***
  *** NEW BEST GNN (avg=7.99) ep=3 ***
  *** NEW BEST GNN (avg=9.14) ep=5 ***
  *** NEW BEST GNN (avg=9.66) ep=7 ***
  *** NEW BEST GNN (avg=9.88) ep=8 ***
  *** NEW BEST GNN (avg=9.90) ep=9 ***
  *** NEW BEST GNN (avg=9.95) ep=10 ***
  *** NEW BEST GNN (avg=9.99) ep=11 ***
  *** NEW BEST GNN (avg=10.15) ep=12 ***
  *** NEW BEST GNN (avg=10.17) ep=13 ***
  *** NEW BEST GNN (avg=10.19) ep=14 ***
  *** NEW BEST GNN (avg=10.21) ep=16 ***
  *** NEW BEST GNN (avg=10.21) ep=18 ***
  *** NEW BEST GNN (avg=10.25) ep=19 ***
  *** NEW BEST GNN (avg=10.26) ep=20 ***
  *** NEW BEST GNN (avg=10.28) ep=22 ***
  *** NEW BEST GNN (avg=10.29) ep=25 ***
  *** NEW BEST GNN (avg=10.32) ep=26 ***
  *** NEW BEST GNN (avg=10.32) ep=27 ***
  *** NEW BEST GNN (avg=10.33) ep=28 ***
  *** NEW BEST GNN (avg=10.33) ep=31 ***
  *** NEW BEST GNN (avg=10.34) ep=32 ***
  *** NEW BEST GNN (avg=10.34) ep=33 ***
  *** NEW BEST GNN (avg=10.34) ep=37 ***
  *** NEW BEST GNN (avg=10.35) ep=38 ***
  *** NEW BEST GNN (avg=10.35) ep=40 ***
  *** NEW BEST GNN (avg=10.35) ep=46 ***
  *** NEW BEST GNN (avg=10.35) ep=54 ***
  *** NEW BEST GNN (avg=10.35) ep=62 ***
  *** NEW BEST GNN (avg=10.35) ep=70 ***
[GNN]   ep=  100  recent=10.35  best=10.35
[GNN]   ep=  200  recent=10.35  best=10.35
[GNN]   ep=  300  recent=-1.83  best=10.35
[GNN]   ep=  400  recent=-2.95  best=10.35
[GNN]   ep=  500  recent=-2.94  best=10.35
[GNN]   ep=  600  recent=10.30  best=10.35
[GNN]   ep=  700  recent=10.33  best=10.35
[GNN]   ep=  800  recent=10.34  best=10.35
[GNN]   ep=  900  recent=10.32  best=10.35
[GNN]   ep= 1000  recent=10.35  best=10.35
  *** NEW BEST GNN (avg=10.35) ep=1055 ***
[GNN]   ep= 1100  recent=10.34  best=10.35
[GNN]   ep= 1200  recent=10.35  best=10.35
[GNN]   ep= 1300  recent=10.35  best=10.35
[GNN]   ep= 1400  recent=10.33  best=10.35
[GNN]   ep= 1500  recent=10.34  best=10.35
[GNN]   ep= 1600  recent=10.35  best=10.35
  *** NEW BEST GNN (avg=10.35) ep=1698 ***
[GNN]   ep= 1700  recent=10.35  best=10.35
  *** NEW BEST GNN (avg=10.35) ep=1800 ***
[GNN]   ep= 1800  recent=10.35  best=10.35
[GNN]   ep= 1900  recent=10.31  best=10.35
[GNN]   ep= 2000  recent=-2.94  best=10.35
[GNN]   ep= 2100  recent=-2.96  best=10.35
[GNN]   ep= 2200  recent=-2.99  best=10.35
[GNN]   ep= 2300  recent=-2.98  best=10.35
[GNN]   ep= 2400  recent=10.30  best=10.35

[train_single] Training done in 728.4 min. Evaluating ...
[train_single] solve_rate=100.0%  reward=10.35±0.00
[train_single] Policy saved → /projects/amfa5003/rush-hour/policies/d15_p11_gnn.pth
