[task 41] difficulty=15  puzzle_idx=8  method=hrep  episodes=2500
[train_single] difficulty=15  puzzle_idx=8  method=hrep  episodes=2500
[train_single] board=BBJoooGoJoLxGAAoLMHIDDoMHIoKEEFFoKoo
[H-rep] device=cpu  board=BBJoooGoJoLxGAAoLMHIDDoMHIoKEEFFoKoo
  *** NEW BEST H-rep (avg=9.30) ep=0 ***
[H-rep] ep=    0  recent=9.40  best=9.30
  *** NEW BEST H-rep (avg=10.09) ep=1 ***
  *** NEW BEST H-rep (avg=10.26) ep=2 ***
  *** NEW BEST H-rep (avg=10.26) ep=3 ***
  *** NEW BEST H-rep (avg=10.34) ep=6 ***
  *** NEW BEST H-rep (avg=10.38) ep=7 ***
  *** NEW BEST H-rep (avg=10.40) ep=8 ***
  *** NEW BEST H-rep (avg=10.41) ep=9 ***
  *** NEW BEST H-rep (avg=10.43) ep=10 ***
  *** NEW BEST H-rep (avg=10.44) ep=14 ***
  *** NEW BEST H-rep (avg=10.44) ep=15 ***
  *** NEW BEST H-rep (avg=10.44) ep=21 ***
  *** NEW BEST H-rep (avg=10.44) ep=52 ***
  *** NEW BEST H-rep (avg=10.44) ep=54 ***
  *** NEW BEST H-rep (avg=10.45) ep=56 ***
  *** NEW BEST H-rep (avg=10.45) ep=57 ***
  *** NEW BEST H-rep (avg=10.45) ep=62 ***
[H-rep] ep=  100  recent=10.44  best=10.45
[H-rep] ep=  200  recent=10.45  best=10.45
[H-rep] ep=  300  recent=10.45  best=10.45
[H-rep] ep=  400  recent=10.45  best=10.45
[H-rep] ep=  500  recent=10.45  best=10.45
[H-rep] ep=  600  recent=10.45  best=10.45
[H-rep] ep=  700  recent=10.45  best=10.45
[H-rep] ep=  800  recent=10.45  best=10.45
[H-rep] ep=  900  recent=-3.02  best=10.45
[H-rep] ep= 1000  recent=10.44  best=10.45
[H-rep] ep= 1100  recent=10.45  best=10.45
[H-rep] ep= 1200  recent=7.63  best=10.45
[H-rep] ep= 1300  recent=10.41  best=10.45
[H-rep] ep= 1400  recent=10.45  best=10.45
[H-rep] ep= 1500  recent=10.45  best=10.45
[H-rep] ep= 1600  recent=10.44  best=10.45
[H-rep] ep= 1700  recent=10.44  best=10.45
[H-rep] ep= 1800  recent=10.45  best=10.45
[H-rep] ep= 1900  recent=10.45  best=10.45
[H-rep] ep= 2000  recent=10.44  best=10.45
[H-rep] ep= 2100  recent=10.44  best=10.45
[H-rep] ep= 2200  recent=10.45  best=10.45
[H-rep] ep= 2300  recent=10.45  best=10.45
[H-rep] ep= 2400  recent=10.45  best=10.45

[train_single] Training done in 789.3 min. Evaluating ...
[train_single] solve_rate=100.0%  reward=10.45±0.00
[train_single] Policy saved → /projects/amfa5003/rush-hour/policies/d15_p8_hrep.pth
