[task 36] difficulty=12  puzzle_idx=7  method=hrep  episodes=1200
[train_single] difficulty=12  puzzle_idx=7  method=hrep  episodes=1200
[train_single] board=FBBoJoFCCoJKoGAAJKoGHIooooHIDDoooEEo
[H-rep] device=cpu  board=FBBoJoFCCoJKoGAAJKoGHIooooHIDDoooEEo
[H-rep] ep=    0  recent=-2.97  best=-inf
  *** NEW BEST H-rep (avg=-3.01) ep=2 ***
  *** NEW BEST H-rep (avg=-3.01) ep=9 ***
  *** NEW BEST H-rep (avg=-3.00) ep=10 ***
  *** NEW BEST H-rep (avg=-3.00) ep=11 ***
  *** NEW BEST H-rep (avg=-2.99) ep=13 ***
  *** NEW BEST H-rep (avg=-2.99) ep=33 ***
  *** NEW BEST H-rep (avg=-2.98) ep=34 ***
  *** NEW BEST H-rep (avg=-2.97) ep=66 ***
[H-rep] ep=  100  recent=-2.99  best=-2.97
[H-rep] ep=  200  recent=-3.05  best=-2.97
[H-rep] ep=  300  recent=-3.06  best=-2.97
[H-rep] ep=  400  recent=-3.06  best=-2.97
[H-rep] ep=  500  recent=-3.06  best=-2.97
[H-rep] ep=  600  recent=-3.04  best=-2.97
[H-rep] ep=  700  recent=-3.02  best=-2.97
[H-rep] ep=  800  recent=-3.05  best=-2.97
[H-rep] ep=  900  recent=-3.04  best=-2.97
[H-rep] ep= 1000  recent=-3.01  best=-2.97
[H-rep] ep= 1100  recent=-3.00  best=-2.97

[train_single] Training done in 204.5 min. Evaluating ...
[train_single] solve_rate=0.0%  reward=-3.08±0.00
[train_single] Policy saved → /projects/amfa5003/rush-hour/policies/d12_p7_hrep.pth
