[task 69] difficulty=12  puzzle_idx=13  method=mlp  episodes=1200
[train_single] difficulty=12  puzzle_idx=13  method=mlp  episodes=1200
[train_single] board=xHCCKLGHDDKLGAAJoLooIJooooIEEoooooFF
[MLP] device=cpu  board=xHCCKLGHDDKLGAAJoLooIJooooIEEoooooFF
[MLP]   ep=    0  recent=-1.66  best=-inf
  *** NEW BEST MLP (avg=-1.27) ep=2 ***
  *** NEW BEST MLP (avg=-1.03) ep=3 ***
  *** NEW BEST MLP (avg=0.64) ep=4 ***
  *** NEW BEST MLP (avg=4.85) ep=5 ***
  *** NEW BEST MLP (avg=9.25) ep=6 ***
  *** NEW BEST MLP (avg=9.50) ep=7 ***
  *** NEW BEST MLP (avg=9.62) ep=8 ***
  *** NEW BEST MLP (avg=10.00) ep=9 ***
  *** NEW BEST MLP (avg=10.09) ep=10 ***
  *** NEW BEST MLP (avg=10.14) ep=11 ***
  *** NEW BEST MLP (avg=10.19) ep=13 ***
  *** NEW BEST MLP (avg=10.20) ep=15 ***
  *** NEW BEST MLP (avg=10.22) ep=18 ***
  *** NEW BEST MLP (avg=10.24) ep=19 ***
  *** NEW BEST MLP (avg=10.24) ep=23 ***
  *** NEW BEST MLP (avg=10.24) ep=24 ***
  *** NEW BEST MLP (avg=10.26) ep=25 ***
  *** NEW BEST MLP (avg=10.26) ep=26 ***
  *** NEW BEST MLP (avg=10.26) ep=27 ***
  *** NEW BEST MLP (avg=10.26) ep=28 ***
  *** NEW BEST MLP (avg=10.27) ep=29 ***
  *** NEW BEST MLP (avg=10.27) ep=30 ***
  *** NEW BEST MLP (avg=10.27) ep=31 ***
  *** NEW BEST MLP (avg=10.27) ep=44 ***
[MLP]   ep=  100  recent=10.24  best=10.27
[MLP]   ep=  200  recent=10.27  best=10.27
[MLP]   ep=  300  recent=10.26  best=10.27
  *** NEW BEST MLP (avg=10.29) ep=319 ***
  *** NEW BEST MLP (avg=10.30) ep=320 ***
  *** NEW BEST MLP (avg=10.31) ep=323 ***
  *** NEW BEST MLP (avg=10.31) ep=333 ***
  *** NEW BEST MLP (avg=10.31) ep=352 ***
[MLP]   ep=  400  recent=10.30  best=10.31
[MLP]   ep=  500  recent=10.31  best=10.31
[MLP]   ep=  600  recent=-1.85  best=10.31
[MLP]   ep=  700  recent=9.76  best=10.31
[MLP]   ep=  800  recent=10.29  best=10.31
[MLP]   ep=  900  recent=9.94  best=10.31
[MLP]   ep= 1000  recent=10.30  best=10.31
[MLP]   ep= 1100  recent=10.30  best=10.31

[train_single] Training done in 264.6 min. Evaluating ...
[train_single] solve_rate=100.0%  reward=10.31±0.00
[train_single] Policy saved → /projects/amfa5003/rush-hour/policies/d12_p13_mlp.pth
