[task 35] difficulty=15  puzzle_idx=6  method=cnn  episodes=2500
[train_single] difficulty=15  puzzle_idx=6  method=cnn  episodes=2500
[train_single] board=xHooooGHCCKoGAAJKoooIJDDooIEELooFFoL
[CNN] device=cpu  board=xHooooGHCCKoGAAJKoooIJDDooIEELooFFoL
[CNN]   ep=    0  recent=1.72  best=-inf
  *** NEW BEST CNN (avg=3.12) ep=2 ***
  *** NEW BEST CNN (avg=9.99) ep=3 ***
  *** NEW BEST CNN (avg=10.18) ep=4 ***
  *** NEW BEST CNN (avg=10.26) ep=5 ***
  *** NEW BEST CNN (avg=10.31) ep=6 ***
  *** NEW BEST CNN (avg=10.34) ep=7 ***
  *** NEW BEST CNN (avg=10.34) ep=8 ***
  *** NEW BEST CNN (avg=10.34) ep=10 ***
  *** NEW BEST CNN (avg=10.35) ep=11 ***
  *** NEW BEST CNN (avg=10.35) ep=13 ***
  *** NEW BEST CNN (avg=10.35) ep=17 ***
  *** NEW BEST CNN (avg=10.35) ep=41 ***
  *** NEW BEST CNN (avg=10.35) ep=47 ***
[CNN]   ep=  100  recent=10.34  best=10.35
[CNN]   ep=  200  recent=10.34  best=10.35
[CNN]   ep=  300  recent=10.35  best=10.35
[CNN]   ep=  400  recent=10.35  best=10.35
[CNN]   ep=  500  recent=10.35  best=10.35
[CNN]   ep=  600  recent=10.35  best=10.35
[CNN]   ep=  700  recent=10.33  best=10.35
[CNN]   ep=  800  recent=10.35  best=10.35
[CNN]   ep=  900  recent=10.33  best=10.35
[CNN]   ep= 1000  recent=10.35  best=10.35
[CNN]   ep= 1100  recent=10.32  best=10.35
[CNN]   ep= 1200  recent=10.35  best=10.35
[CNN]   ep= 1300  recent=10.34  best=10.35
[CNN]   ep= 1400  recent=10.35  best=10.35
[CNN]   ep= 1500  recent=10.34  best=10.35
[CNN]   ep= 1600  recent=10.35  best=10.35
[CNN]   ep= 1700  recent=10.34  best=10.35
[CNN]   ep= 1800  recent=10.35  best=10.35
[CNN]   ep= 1900  recent=10.34  best=10.35
[CNN]   ep= 2000  recent=10.35  best=10.35
[CNN]   ep= 2100  recent=10.34  best=10.35
[CNN]   ep= 2200  recent=10.35  best=10.35
[CNN]   ep= 2300  recent=10.35  best=10.35
[CNN]   ep= 2400  recent=10.35  best=10.35

[train_single] Training done in 716.2 min. Evaluating ...
[train_single] solve_rate=100.0%  reward=10.35±0.00
[train_single] Policy saved → /projects/amfa5003/rush-hour/policies/d15_p6_cnn.pth
