[task 44] difficulty=10  puzzle_idx=8  method=mlp  episodes=750
[train_single] difficulty=10  puzzle_idx=8  method=mlp  episodes=750
[train_single] board=ooBBooFoooIJFoAAIJooGCCJooGHDDoEEHoo
[MLP] device=cpu  board=ooBBooFoooIJFoAAIJooGCCJooGHDDoEEHoo
[MLP]   ep=    0  recent=-2.89  best=-inf
  *** NEW BEST MLP (avg=4.09) ep=2 ***
  *** NEW BEST MLP (avg=5.91) ep=3 ***
  *** NEW BEST MLP (avg=7.35) ep=4 ***
  *** NEW BEST MLP (avg=9.59) ep=5 ***
  *** NEW BEST MLP (avg=9.74) ep=6 ***
  *** NEW BEST MLP (avg=9.94) ep=7 ***
  *** NEW BEST MLP (avg=9.97) ep=8 ***
  *** NEW BEST MLP (avg=10.07) ep=9 ***
  *** NEW BEST MLP (avg=10.11) ep=10 ***
  *** NEW BEST MLP (avg=10.15) ep=12 ***
  *** NEW BEST MLP (avg=10.18) ep=13 ***
  *** NEW BEST MLP (avg=10.20) ep=14 ***
  *** NEW BEST MLP (avg=10.22) ep=15 ***
  *** NEW BEST MLP (avg=10.22) ep=16 ***
  *** NEW BEST MLP (avg=10.23) ep=17 ***
  *** NEW BEST MLP (avg=10.24) ep=18 ***
  *** NEW BEST MLP (avg=10.24) ep=19 ***
  *** NEW BEST MLP (avg=10.25) ep=20 ***
  *** NEW BEST MLP (avg=10.25) ep=21 ***
  *** NEW BEST MLP (avg=10.25) ep=23 ***
  *** NEW BEST MLP (avg=10.26) ep=24 ***
  *** NEW BEST MLP (avg=10.26) ep=26 ***
  *** NEW BEST MLP (avg=10.26) ep=32 ***
  *** NEW BEST MLP (avg=10.26) ep=54 ***
  *** NEW BEST MLP (avg=10.27) ep=59 ***
[MLP]   ep=  100  recent=10.26  best=10.27
[MLP]   ep=  200  recent=10.25  best=10.27
[MLP]   ep=  300  recent=10.17  best=10.27
[MLP]   ep=  400  recent=10.26  best=10.27
[MLP]   ep=  500  recent=10.26  best=10.27
[MLP]   ep=  600  recent=10.26  best=10.27
[MLP]   ep=  700  recent=10.24  best=10.27
  *** NEW BEST MLP (avg=10.27) ep=731 ***

[train_single] Training done in 178.5 min. Evaluating ...
[train_single] solve_rate=100.0%  reward=10.27±0.00
[train_single] Policy saved → /projects/amfa5003/rush-hour/policies/d10_p8_mlp.pth
