[task 51] difficulty=12  puzzle_idx=10  method=hrep  episodes=1200
[train_single] difficulty=12  puzzle_idx=10  method=hrep  episodes=1200
[train_single] board=GBBoKoGoIoKLAAIooLoHCCDDoHoJEEFFoJoo
[H-rep] device=cpu  board=GBBoKoGoIoKLAAIooLoHCCDDoHoJEEFFoJoo
[H-rep] ep=    0  recent=-2.79  best=-inf
  *** NEW BEST H-rep (avg=-2.15) ep=2 ***
  *** NEW BEST H-rep (avg=-2.12) ep=3 ***
[H-rep] ep=  100  recent=-2.83  best=-2.12
[H-rep] ep=  200  recent=-2.90  best=-2.12
  *** NEW BEST H-rep (avg=-1.91) ep=298 ***
  *** NEW BEST H-rep (avg=-0.99) ep=299 ***
  *** NEW BEST H-rep (avg=-0.55) ep=300 ***
[H-rep] ep=  300  recent=-0.63  best=-0.55
  *** NEW BEST H-rep (avg=0.07) ep=302 ***
  *** NEW BEST H-rep (avg=0.77) ep=303 ***
  *** NEW BEST H-rep (avg=1.89) ep=304 ***
  *** NEW BEST H-rep (avg=3.74) ep=305 ***
  *** NEW BEST H-rep (avg=5.17) ep=306 ***
  *** NEW BEST H-rep (avg=7.15) ep=309 ***
  *** NEW BEST H-rep (avg=8.71) ep=310 ***
  *** NEW BEST H-rep (avg=8.99) ep=313 ***
  *** NEW BEST H-rep (avg=9.63) ep=314 ***
  *** NEW BEST H-rep (avg=9.82) ep=315 ***
  *** NEW BEST H-rep (avg=9.92) ep=318 ***
  *** NEW BEST H-rep (avg=10.04) ep=323 ***
  *** NEW BEST H-rep (avg=10.06) ep=324 ***
  *** NEW BEST H-rep (avg=10.10) ep=327 ***
  *** NEW BEST H-rep (avg=10.11) ep=328 ***
  *** NEW BEST H-rep (avg=10.12) ep=329 ***
  *** NEW BEST H-rep (avg=10.12) ep=330 ***
  *** NEW BEST H-rep (avg=10.14) ep=331 ***
  *** NEW BEST H-rep (avg=10.15) ep=332 ***
  *** NEW BEST H-rep (avg=10.16) ep=333 ***
  *** NEW BEST H-rep (avg=10.17) ep=335 ***
  *** NEW BEST H-rep (avg=10.17) ep=337 ***
  *** NEW BEST H-rep (avg=10.17) ep=340 ***
  *** NEW BEST H-rep (avg=10.18) ep=346 ***
  *** NEW BEST H-rep (avg=10.18) ep=358 ***
  *** NEW BEST H-rep (avg=10.18) ep=359 ***
  *** NEW BEST H-rep (avg=10.18) ep=361 ***
  *** NEW BEST H-rep (avg=10.19) ep=393 ***
  *** NEW BEST H-rep (avg=10.19) ep=395 ***
  *** NEW BEST H-rep (avg=10.19) ep=399 ***
[H-rep] ep=  400  recent=10.19  best=10.19
  *** NEW BEST H-rep (avg=10.19) ep=405 ***
  *** NEW BEST H-rep (avg=10.20) ep=406 ***
  *** NEW BEST H-rep (avg=10.20) ep=411 ***
  *** NEW BEST H-rep (avg=10.20) ep=414 ***
  *** NEW BEST H-rep (avg=10.20) ep=421 ***
  *** NEW BEST H-rep (avg=10.20) ep=451 ***
  *** NEW BEST H-rep (avg=10.20) ep=465 ***
  *** NEW BEST H-rep (avg=10.20) ep=471 ***
[H-rep] ep=  500  recent=10.18  best=10.20
  *** NEW BEST H-rep (avg=10.20) ep=503 ***
  *** NEW BEST H-rep (avg=10.20) ep=565 ***
[H-rep] ep=  600  recent=5.27  best=10.20
[H-rep] ep=  700  recent=10.17  best=10.20
[H-rep] ep=  800  recent=10.05  best=10.20
[H-rep] ep=  900  recent=10.11  best=10.20
[H-rep] ep= 1000  recent=9.96  best=10.20
[H-rep] ep= 1100  recent=9.80  best=10.20
  *** NEW BEST H-rep (avg=10.20) ep=1144 ***
  *** NEW BEST H-rep (avg=10.20) ep=1147 ***

[train_single] Training done in 247.2 min. Evaluating ...
[train_single] solve_rate=100.0%  reward=10.20±0.00
[train_single] Policy saved → /projects/amfa5003/rush-hour/policies/d12_p10_hrep.pth
