[task 21] difficulty=12  puzzle_idx=4  method=hrep  episodes=1200
[train_single] difficulty=12  puzzle_idx=4  method=hrep  episodes=1200
[train_single] board=oGoBBooGCCJoAAHIJoFoHIDDFoEEoKoooooK
[H-rep] device=cpu  board=oGoBBooGCCJoAAHIJoFoHIDDFoEEoKoooooK
[H-rep] ep=    0  recent=-2.61  best=-inf
  *** NEW BEST H-rep (avg=-1.81) ep=2 ***
  *** NEW BEST H-rep (avg=-1.60) ep=3 ***
  *** NEW BEST H-rep (avg=-1.60) ep=4 ***
  *** NEW BEST H-rep (avg=-1.54) ep=7 ***
  *** NEW BEST H-rep (avg=-1.37) ep=11 ***
  *** NEW BEST H-rep (avg=-1.15) ep=15 ***
  *** NEW BEST H-rep (avg=-0.90) ep=25 ***
  *** NEW BEST H-rep (avg=-0.67) ep=34 ***
  *** NEW BEST H-rep (avg=-0.24) ep=36 ***
  *** NEW BEST H-rep (avg=0.69) ep=53 ***
  *** NEW BEST H-rep (avg=0.69) ep=54 ***
  *** NEW BEST H-rep (avg=0.75) ep=60 ***
  *** NEW BEST H-rep (avg=0.81) ep=61 ***
  *** NEW BEST H-rep (avg=2.79) ep=62 ***
  *** NEW BEST H-rep (avg=4.74) ep=63 ***
  *** NEW BEST H-rep (avg=4.94) ep=64 ***
  *** NEW BEST H-rep (avg=5.06) ep=66 ***
  *** NEW BEST H-rep (avg=7.59) ep=67 ***
  *** NEW BEST H-rep (avg=8.19) ep=68 ***
  *** NEW BEST H-rep (avg=9.27) ep=69 ***
  *** NEW BEST H-rep (avg=9.61) ep=70 ***
  *** NEW BEST H-rep (avg=9.80) ep=71 ***
  *** NEW BEST H-rep (avg=9.93) ep=72 ***
  *** NEW BEST H-rep (avg=9.93) ep=73 ***
  *** NEW BEST H-rep (avg=9.99) ep=75 ***
  *** NEW BEST H-rep (avg=10.13) ep=76 ***
  *** NEW BEST H-rep (avg=10.18) ep=77 ***
  *** NEW BEST H-rep (avg=10.19) ep=79 ***
  *** NEW BEST H-rep (avg=10.24) ep=80 ***
  *** NEW BEST H-rep (avg=10.25) ep=81 ***
  *** NEW BEST H-rep (avg=10.27) ep=82 ***
  *** NEW BEST H-rep (avg=10.28) ep=83 ***
  *** NEW BEST H-rep (avg=10.30) ep=84 ***
  *** NEW BEST H-rep (avg=10.31) ep=85 ***
  *** NEW BEST H-rep (avg=10.34) ep=86 ***
  *** NEW BEST H-rep (avg=10.34) ep=87 ***
  *** NEW BEST H-rep (avg=10.34) ep=88 ***
  *** NEW BEST H-rep (avg=10.35) ep=89 ***
  *** NEW BEST H-rep (avg=10.36) ep=91 ***
  *** NEW BEST H-rep (avg=10.36) ep=92 ***
  *** NEW BEST H-rep (avg=10.37) ep=93 ***
  *** NEW BEST H-rep (avg=10.38) ep=94 ***
  *** NEW BEST H-rep (avg=10.38) ep=95 ***
  *** NEW BEST H-rep (avg=10.39) ep=100 ***
[H-rep] ep=  100  recent=10.38  best=10.39
  *** NEW BEST H-rep (avg=10.39) ep=103 ***
  *** NEW BEST H-rep (avg=10.39) ep=119 ***
  *** NEW BEST H-rep (avg=10.39) ep=123 ***
  *** NEW BEST H-rep (avg=10.40) ep=129 ***
  *** NEW BEST H-rep (avg=10.40) ep=156 ***
  *** NEW BEST H-rep (avg=10.40) ep=157 ***
  *** NEW BEST H-rep (avg=10.40) ep=159 ***
  *** NEW BEST H-rep (avg=10.40) ep=161 ***
  *** NEW BEST H-rep (avg=10.40) ep=166 ***
  *** NEW BEST H-rep (avg=10.40) ep=170 ***
  *** NEW BEST H-rep (avg=10.41) ep=193 ***
  *** NEW BEST H-rep (avg=10.41) ep=196 ***
  *** NEW BEST H-rep (avg=10.41) ep=200 ***
[H-rep] ep=  200  recent=10.41  best=10.41
[H-rep] ep=  300  recent=10.40  best=10.41
[H-rep] ep=  400  recent=10.37  best=10.41
[H-rep] ep=  500  recent=10.40  best=10.41
[H-rep] ep=  600  recent=10.39  best=10.41
[H-rep] ep=  700  recent=10.39  best=10.41
[H-rep] ep=  800  recent=10.39  best=10.41
[H-rep] ep=  900  recent=10.34  best=10.41
[H-rep] ep= 1000  recent=10.38  best=10.41
[H-rep] ep= 1100  recent=-2.78  best=10.41

[train_single] Training done in 275.2 min. Evaluating ...
[train_single] solve_rate=100.0%  reward=10.41±0.00
[train_single] Policy saved → /projects/amfa5003/rush-hour/policies/d12_p4_hrep.pth
