[task 31] difficulty=15  puzzle_idx=6  method=hrep  episodes=2500
[train_single] difficulty=15  puzzle_idx=6  method=hrep  episodes=2500
[train_single] board=xHooooGHCCKoGAAJKoooIJDDooIEELooFFoL
[H-rep] device=cpu  board=xHooooGHCCKoGAAJKoooIJDDooIEELooFFoL
[H-rep] ep=    0  recent=-1.60  best=-inf
  *** NEW BEST H-rep (avg=-1.12) ep=2 ***
  *** NEW BEST H-rep (avg=0.51) ep=3 ***
  *** NEW BEST H-rep (avg=2.29) ep=28 ***
  *** NEW BEST H-rep (avg=4.19) ep=29 ***
  *** NEW BEST H-rep (avg=4.73) ep=32 ***
  *** NEW BEST H-rep (avg=5.82) ep=33 ***
  *** NEW BEST H-rep (avg=6.62) ep=34 ***
  *** NEW BEST H-rep (avg=7.25) ep=35 ***
  *** NEW BEST H-rep (avg=7.31) ep=36 ***
  *** NEW BEST H-rep (avg=8.22) ep=42 ***
  *** NEW BEST H-rep (avg=8.93) ep=47 ***
  *** NEW BEST H-rep (avg=9.43) ep=48 ***
  *** NEW BEST H-rep (avg=9.57) ep=49 ***
  *** NEW BEST H-rep (avg=9.82) ep=50 ***
  *** NEW BEST H-rep (avg=9.83) ep=52 ***
  *** NEW BEST H-rep (avg=9.87) ep=53 ***
  *** NEW BEST H-rep (avg=9.90) ep=54 ***
  *** NEW BEST H-rep (avg=9.90) ep=55 ***
  *** NEW BEST H-rep (avg=9.93) ep=56 ***
  *** NEW BEST H-rep (avg=10.01) ep=57 ***
  *** NEW BEST H-rep (avg=10.03) ep=60 ***
  *** NEW BEST H-rep (avg=10.12) ep=63 ***
  *** NEW BEST H-rep (avg=10.15) ep=69 ***
  *** NEW BEST H-rep (avg=10.17) ep=70 ***
  *** NEW BEST H-rep (avg=10.20) ep=71 ***
  *** NEW BEST H-rep (avg=10.23) ep=73 ***
  *** NEW BEST H-rep (avg=10.23) ep=75 ***
  *** NEW BEST H-rep (avg=10.27) ep=78 ***
  *** NEW BEST H-rep (avg=10.28) ep=80 ***
  *** NEW BEST H-rep (avg=10.29) ep=86 ***
  *** NEW BEST H-rep (avg=10.29) ep=87 ***
  *** NEW BEST H-rep (avg=10.30) ep=88 ***
  *** NEW BEST H-rep (avg=10.30) ep=91 ***
  *** NEW BEST H-rep (avg=10.31) ep=92 ***
  *** NEW BEST H-rep (avg=10.31) ep=94 ***
  *** NEW BEST H-rep (avg=10.31) ep=95 ***
  *** NEW BEST H-rep (avg=10.32) ep=96 ***
  *** NEW BEST H-rep (avg=10.33) ep=98 ***
  *** NEW BEST H-rep (avg=10.34) ep=99 ***
[H-rep] ep=  100  recent=10.31  best=10.34
  *** NEW BEST H-rep (avg=10.34) ep=103 ***
  *** NEW BEST H-rep (avg=10.34) ep=104 ***
  *** NEW BEST H-rep (avg=10.35) ep=114 ***
  *** NEW BEST H-rep (avg=10.35) ep=126 ***
  *** NEW BEST H-rep (avg=10.35) ep=136 ***
  *** NEW BEST H-rep (avg=10.35) ep=138 ***
  *** NEW BEST H-rep (avg=10.35) ep=148 ***
  *** NEW BEST H-rep (avg=10.35) ep=163 ***
  *** NEW BEST H-rep (avg=10.35) ep=199 ***
[H-rep] ep=  200  recent=10.29  best=10.35
[H-rep] ep=  300  recent=10.32  best=10.35
[H-rep] ep=  400  recent=-2.89  best=10.35
  *** NEW BEST H-rep (avg=10.35) ep=475 ***
[H-rep] ep=  500  recent=10.35  best=10.35
[H-rep] ep=  600  recent=10.34  best=10.35
[H-rep] ep=  700  recent=10.35  best=10.35
  *** NEW BEST H-rep (avg=10.35) ep=738 ***
[H-rep] ep=  800  recent=10.34  best=10.35
[H-rep] ep=  900  recent=-2.80  best=10.35
[H-rep] ep= 1000  recent=9.57  best=10.35
[H-rep] ep= 1100  recent=10.30  best=10.35
[H-rep] ep= 1200  recent=10.31  best=10.35
[H-rep] ep= 1300  recent=10.34  best=10.35
[H-rep] ep= 1400  recent=10.34  best=10.35
[H-rep] ep= 1500  recent=10.34  best=10.35
[H-rep] ep= 1600  recent=-2.95  best=10.35
[H-rep] ep= 1700  recent=-2.93  best=10.35
  *** NEW BEST H-rep (avg=10.35) ep=1768 ***
[H-rep] ep= 1800  recent=10.30  best=10.35
[H-rep] ep= 1900  recent=-2.86  best=10.35
[H-rep] ep= 2000  recent=-2.98  best=10.35
[H-rep] ep= 2100  recent=-2.96  best=10.35
[H-rep] ep= 2200  recent=-2.98  best=10.35
[H-rep] ep= 2300  recent=-3.00  best=10.35
[H-rep] ep= 2400  recent=-2.99  best=10.35

[train_single] Training done in 614.5 min. Evaluating ...
[train_single] solve_rate=100.0%  reward=10.35±0.00
[train_single] Policy saved → /projects/amfa5003/rush-hour/policies/d15_p6_hrep.pth
