[task 27] difficulty=15  puzzle_idx=5  method=vrep  episodes=2500
[train_single] difficulty=15  puzzle_idx=5  method=vrep  episodes=2500
[train_single] board=BBJooxHoJoLxHAAoLMoIEEoMoIoKFFGGoKoo
[V-rep] device=cpu  board=BBJooxHoJoLxHAAoLMoIEEoMoIoKFFGGoKoo
[V-rep] ep=    0  recent=-1.84  best=-inf
  *** NEW BEST V-rep (avg=9.16) ep=1 ***
  *** NEW BEST V-rep (avg=9.96) ep=2 ***
  *** NEW BEST V-rep (avg=10.22) ep=3 ***
  *** NEW BEST V-rep (avg=10.34) ep=4 ***
  *** NEW BEST V-rep (avg=10.38) ep=5 ***
  *** NEW BEST V-rep (avg=10.42) ep=6 ***
  *** NEW BEST V-rep (avg=10.42) ep=7 ***
  *** NEW BEST V-rep (avg=10.43) ep=8 ***
  *** NEW BEST V-rep (avg=10.43) ep=9 ***
  *** NEW BEST V-rep (avg=10.43) ep=10 ***
  *** NEW BEST V-rep (avg=10.44) ep=19 ***
  *** NEW BEST V-rep (avg=10.44) ep=20 ***
  *** NEW BEST V-rep (avg=10.45) ep=28 ***
  *** NEW BEST V-rep (avg=10.45) ep=29 ***
  *** NEW BEST V-rep (avg=10.45) ep=32 ***
  *** NEW BEST V-rep (avg=10.45) ep=36 ***
  *** NEW BEST V-rep (avg=10.45) ep=38 ***
  *** NEW BEST V-rep (avg=10.45) ep=77 ***
[V-rep] ep=  100  recent=10.45  best=10.45
  *** NEW BEST V-rep (avg=10.45) ep=197 ***
[V-rep] ep=  200  recent=10.45  best=10.45
  *** NEW BEST V-rep (avg=10.45) ep=284 ***
[V-rep] ep=  300  recent=10.45  best=10.45
  *** NEW BEST V-rep (avg=10.45) ep=341 ***
[V-rep] ep=  400  recent=10.45  best=10.45
[V-rep] ep=  500  recent=10.44  best=10.45
[V-rep] ep=  600  recent=10.45  best=10.45
[V-rep] ep=  700  recent=10.44  best=10.45
[V-rep] ep=  800  recent=10.45  best=10.45
[V-rep] ep=  900  recent=10.45  best=10.45
[V-rep] ep= 1000  recent=10.45  best=10.45
[V-rep] ep= 1100  recent=10.44  best=10.45
[V-rep] ep= 1200  recent=10.44  best=10.45
[V-rep] ep= 1300  recent=10.45  best=10.45
[V-rep] ep= 1400  recent=10.45  best=10.45
[V-rep] ep= 1500  recent=10.45  best=10.45
[V-rep] ep= 1600  recent=10.45  best=10.45
[V-rep] ep= 1700  recent=10.45  best=10.45
[V-rep] ep= 1800  recent=10.45  best=10.45
[V-rep] ep= 1900  recent=10.45  best=10.45
[V-rep] ep= 2000  recent=10.42  best=10.45
[V-rep] ep= 2100  recent=10.45  best=10.45
[V-rep] ep= 2200  recent=10.44  best=10.45
[V-rep] ep= 2300  recent=10.29  best=10.45
[V-rep] ep= 2400  recent=10.31  best=10.45

[train_single] Training done in 997.2 min. Evaluating ...
[train_single] solve_rate=100.0%  reward=10.45±0.00
[train_single] Policy saved → /projects/amfa5003/rush-hour/policies/d15_p5_vrep.pth
