[task 52] difficulty=12  puzzle_idx=10  method=vrep  episodes=1200
[train_single] difficulty=12  puzzle_idx=10  method=vrep  episodes=1200
[train_single] board=GBBoKoGoIoKLAAIooLoHCCDDoHoJEEFFoJoo
[V-rep] device=cpu  board=GBBoKoGoIoKLAAIooLoHCCDDoHoJEEFFoJoo
[V-rep] ep=    0  recent=-2.73  best=-inf
  *** NEW BEST V-rep (avg=-2.81) ep=2 ***
  *** NEW BEST V-rep (avg=-2.80) ep=3 ***
  *** NEW BEST V-rep (avg=-2.77) ep=4 ***
  *** NEW BEST V-rep (avg=-2.77) ep=5 ***
  *** NEW BEST V-rep (avg=-2.77) ep=8 ***
  *** NEW BEST V-rep (avg=-2.76) ep=15 ***
[V-rep] ep=  100  recent=-2.76  best=-2.76
[V-rep] ep=  200  recent=-2.84  best=-2.76
[V-rep] ep=  300  recent=-2.88  best=-2.76
[V-rep] ep=  400  recent=-2.91  best=-2.76
  *** NEW BEST V-rep (avg=-2.69) ep=422 ***
  *** NEW BEST V-rep (avg=-2.67) ep=423 ***
  *** NEW BEST V-rep (avg=-2.63) ep=425 ***
  *** NEW BEST V-rep (avg=-2.60) ep=426 ***
[V-rep] ep=  500  recent=-2.92  best=-2.60
[V-rep] ep=  600  recent=-2.93  best=-2.60
  *** NEW BEST V-rep (avg=-2.39) ep=672 ***
  *** NEW BEST V-rep (avg=-2.37) ep=673 ***
  *** NEW BEST V-rep (avg=-2.16) ep=674 ***
  *** NEW BEST V-rep (avg=-1.68) ep=676 ***
  *** NEW BEST V-rep (avg=-1.23) ep=677 ***
  *** NEW BEST V-rep (avg=0.83) ep=681 ***
  *** NEW BEST V-rep (avg=5.16) ep=682 ***
  *** NEW BEST V-rep (avg=6.22) ep=683 ***
  *** NEW BEST V-rep (avg=9.19) ep=684 ***
  *** NEW BEST V-rep (avg=9.89) ep=685 ***
  *** NEW BEST V-rep (avg=10.05) ep=686 ***
  *** NEW BEST V-rep (avg=10.09) ep=687 ***
  *** NEW BEST V-rep (avg=10.17) ep=688 ***
  *** NEW BEST V-rep (avg=10.22) ep=689 ***
  *** NEW BEST V-rep (avg=10.23) ep=690 ***
  *** NEW BEST V-rep (avg=10.25) ep=691 ***
  *** NEW BEST V-rep (avg=10.26) ep=692 ***
  *** NEW BEST V-rep (avg=10.26) ep=696 ***
  *** NEW BEST V-rep (avg=10.26) ep=697 ***
[V-rep] ep=  700  recent=10.25  best=10.26
[V-rep] ep=  800  recent=7.48  best=10.26
  *** NEW BEST V-rep (avg=10.26) ep=850 ***
[V-rep] ep=  900  recent=10.05  best=10.26
  *** NEW BEST V-rep (avg=10.26) ep=908 ***
[V-rep] ep= 1000  recent=10.16  best=10.26
[V-rep] ep= 1100  recent=9.95  best=10.26

[train_single] Training done in 234.3 min. Evaluating ...
[train_single] solve_rate=100.0%  reward=10.26±0.00
[train_single] Policy saved → /projects/amfa5003/rush-hour/policies/d12_p10_vrep.pth
