[task 43] difficulty=12  puzzle_idx=8  method=gnn  episodes=1200
[train_single] difficulty=12  puzzle_idx=8  method=gnn  episodes=1200
[train_single] board=ooBBJoooCCJKooAAJKoooIDDHooIEEHFFGGo
[GNN] device=cpu  board=ooBBJoooCCJKooAAJKoooIDDHooIEEHFFGGo
[GNN]   ep=    0  recent=-2.85  best=-inf
  *** NEW BEST GNN (avg=-2.24) ep=2 ***
  *** NEW BEST GNN (avg=-1.14) ep=8 ***
  *** NEW BEST GNN (avg=-0.67) ep=14 ***
  *** NEW BEST GNN (avg=-0.64) ep=15 ***
  *** NEW BEST GNN (avg=1.40) ep=16 ***
  *** NEW BEST GNN (avg=2.54) ep=17 ***
  *** NEW BEST GNN (avg=3.78) ep=18 ***
  *** NEW BEST GNN (avg=4.89) ep=19 ***
  *** NEW BEST GNN (avg=5.87) ep=20 ***
  *** NEW BEST GNN (avg=7.23) ep=23 ***
  *** NEW BEST GNN (avg=8.12) ep=24 ***
  *** NEW BEST GNN (avg=9.01) ep=25 ***
  *** NEW BEST GNN (avg=9.10) ep=26 ***
  *** NEW BEST GNN (avg=9.21) ep=28 ***
  *** NEW BEST GNN (avg=9.38) ep=31 ***
  *** NEW BEST GNN (avg=9.40) ep=33 ***
  *** NEW BEST GNN (avg=9.54) ep=34 ***
  *** NEW BEST GNN (avg=9.69) ep=35 ***
  *** NEW BEST GNN (avg=9.74) ep=37 ***
  *** NEW BEST GNN (avg=9.83) ep=38 ***
  *** NEW BEST GNN (avg=9.85) ep=41 ***
  *** NEW BEST GNN (avg=9.96) ep=42 ***
  *** NEW BEST GNN (avg=9.96) ep=44 ***
  *** NEW BEST GNN (avg=10.00) ep=45 ***
  *** NEW BEST GNN (avg=10.04) ep=46 ***
  *** NEW BEST GNN (avg=10.07) ep=48 ***
  *** NEW BEST GNN (avg=10.09) ep=50 ***
  *** NEW BEST GNN (avg=10.12) ep=51 ***
  *** NEW BEST GNN (avg=10.12) ep=58 ***
  *** NEW BEST GNN (avg=10.13) ep=60 ***
  *** NEW BEST GNN (avg=10.13) ep=64 ***
  *** NEW BEST GNN (avg=10.15) ep=65 ***
  *** NEW BEST GNN (avg=10.15) ep=74 ***
  *** NEW BEST GNN (avg=10.16) ep=76 ***
  *** NEW BEST GNN (avg=10.16) ep=79 ***
  *** NEW BEST GNN (avg=10.16) ep=82 ***
  *** NEW BEST GNN (avg=10.16) ep=83 ***
  *** NEW BEST GNN (avg=10.17) ep=85 ***
  *** NEW BEST GNN (avg=10.17) ep=87 ***
  *** NEW BEST GNN (avg=10.17) ep=90 ***
  *** NEW BEST GNN (avg=10.18) ep=92 ***
  *** NEW BEST GNN (avg=10.18) ep=94 ***
  *** NEW BEST GNN (avg=10.18) ep=95 ***
  *** NEW BEST GNN (avg=10.18) ep=96 ***
[GNN]   ep=  100  recent=10.18  best=10.18
  *** NEW BEST GNN (avg=10.18) ep=106 ***
  *** NEW BEST GNN (avg=10.18) ep=109 ***
  *** NEW BEST GNN (avg=10.19) ep=110 ***
  *** NEW BEST GNN (avg=10.19) ep=116 ***
  *** NEW BEST GNN (avg=10.19) ep=118 ***
  *** NEW BEST GNN (avg=10.19) ep=121 ***
  *** NEW BEST GNN (avg=10.19) ep=122 ***
  *** NEW BEST GNN (avg=10.19) ep=123 ***
  *** NEW BEST GNN (avg=10.20) ep=124 ***
  *** NEW BEST GNN (avg=10.20) ep=129 ***
  *** NEW BEST GNN (avg=10.20) ep=131 ***
  *** NEW BEST GNN (avg=10.20) ep=142 ***
  *** NEW BEST GNN (avg=10.20) ep=143 ***
  *** NEW BEST GNN (avg=10.20) ep=145 ***
  *** NEW BEST GNN (avg=10.21) ep=148 ***
  *** NEW BEST GNN (avg=10.21) ep=149 ***
  *** NEW BEST GNN (avg=10.21) ep=176 ***
  *** NEW BEST GNN (avg=10.21) ep=177 ***
  *** NEW BEST GNN (avg=10.21) ep=182 ***
[GNN]   ep=  200  recent=10.21  best=10.21
  *** NEW BEST GNN (avg=10.21) ep=218 ***
  *** NEW BEST GNN (avg=10.21) ep=234 ***
  *** NEW BEST GNN (avg=10.21) ep=237 ***
  *** NEW BEST GNN (avg=10.21) ep=256 ***
  *** NEW BEST GNN (avg=10.21) ep=268 ***
[GNN]   ep=  300  recent=10.21  best=10.21
  *** NEW BEST GNN (avg=10.21) ep=322 ***
  *** NEW BEST GNN (avg=10.21) ep=323 ***
  *** NEW BEST GNN (avg=10.21) ep=343 ***
  *** NEW BEST GNN (avg=10.21) ep=355 ***
  *** NEW BEST GNN (avg=10.21) ep=376 ***
[GNN]   ep=  400  recent=10.21  best=10.21
  *** NEW BEST GNN (avg=10.21) ep=420 ***
[GNN]   ep=  500  recent=10.21  best=10.21
  *** NEW BEST GNN (avg=10.22) ep=522 ***
  *** NEW BEST GNN (avg=10.22) ep=549 ***
  *** NEW BEST GNN (avg=10.22) ep=561 ***
[GNN]   ep=  600  recent=10.20  best=10.22
[GNN]   ep=  700  recent=10.22  best=10.22
  *** NEW BEST GNN (avg=10.22) ep=745 ***
[GNN]   ep=  800  recent=10.21  best=10.22
  *** NEW BEST GNN (avg=10.22) ep=834 ***
  *** NEW BEST GNN (avg=10.22) ep=835 ***
  *** NEW BEST GNN (avg=10.22) ep=838 ***
  *** NEW BEST GNN (avg=10.22) ep=840 ***
[GNN]   ep=  900  recent=10.21  best=10.22
[GNN]   ep= 1000  recent=10.21  best=10.22
[GNN]   ep= 1100  recent=10.22  best=10.22
  *** NEW BEST GNN (avg=10.22) ep=1129 ***

[train_single] Training done in 332.3 min. Evaluating ...
[train_single] solve_rate=100.0%  reward=10.22±0.00
[train_single] Policy saved → /projects/amfa5003/rush-hour/policies/d12_p8_gnn.pth
