[train_single] difficulty=10  puzzle_idx=1  method=cnn  episodes=750
[train_single] board=FoBBoJFoooIJooAAIKooGCCKooGHDDoEEHoo
[CNN] device=cpu  board=FoBBoJFoooIJooAAIKooGCCKooGHDDoEEHoo
[CNN]   ep=    0  recent=-2.95  best=-inf
  *** NEW BEST CNN (avg=1.17) ep=2 ***
  *** NEW BEST CNN (avg=6.54) ep=3 ***
  *** NEW BEST CNN (avg=8.03) ep=4 ***
  *** NEW BEST CNN (avg=9.85) ep=5 ***
  *** NEW BEST CNN (avg=10.02) ep=6 ***
  *** NEW BEST CNN (avg=10.09) ep=7 ***
  *** NEW BEST CNN (avg=10.16) ep=8 ***
  *** NEW BEST CNN (avg=10.20) ep=9 ***
  *** NEW BEST CNN (avg=10.22) ep=10 ***
  *** NEW BEST CNN (avg=10.24) ep=11 ***
  *** NEW BEST CNN (avg=10.25) ep=12 ***
  *** NEW BEST CNN (avg=10.27) ep=13 ***
  *** NEW BEST CNN (avg=10.27) ep=14 ***
  *** NEW BEST CNN (avg=10.28) ep=15 ***
  *** NEW BEST CNN (avg=10.28) ep=17 ***
[CNN]   ep=  100  recent=10.27  best=10.28
[CNN]   ep=  200  recent=10.25  best=10.28
[CNN]   ep=  300  recent=10.28  best=10.28
[CNN]   ep=  400  recent=10.27  best=10.28
[CNN]   ep=  500  recent=10.27  best=10.28
  *** NEW BEST CNN (avg=10.28) ep=565 ***
[CNN]   ep=  600  recent=10.26  best=10.28
[CNN]   ep=  700  recent=10.28  best=10.28

[train_single] Training done in 225.0 min. Evaluating ...
[train_single] solve_rate=100.0%  reward=10.28±0.00
[train_single] Policy saved → /projects/amfa5003/rush-hour/policies/d10_p1_cnn.pth
