[task 25] difficulty=15  puzzle_idx=4  method=cnn  episodes=2500
[train_single] difficulty=15  puzzle_idx=4  method=cnn  episodes=2500
[train_single] board=BBoJoooHoJCCGHAAKLGDDoKLooIEEEFFIooo
[CNN] device=cpu  board=BBoJoooHoJCCGHAAKLGDDoKLooIEEEFFIooo
[CNN]   ep=    0  recent=-2.95  best=-inf
  *** NEW BEST CNN (avg=-2.94) ep=2 ***
  *** NEW BEST CNN (avg=-2.93) ep=4 ***
  *** NEW BEST CNN (avg=-2.93) ep=9 ***
  *** NEW BEST CNN (avg=-2.93) ep=10 ***
  *** NEW BEST CNN (avg=-2.93) ep=15 ***
  *** NEW BEST CNN (avg=-2.93) ep=18 ***
  *** NEW BEST CNN (avg=-2.92) ep=19 ***
  *** NEW BEST CNN (avg=-2.92) ep=20 ***
  *** NEW BEST CNN (avg=-2.91) ep=25 ***
  *** NEW BEST CNN (avg=-2.91) ep=26 ***
  *** NEW BEST CNN (avg=-2.90) ep=43 ***
[CNN]   ep=  100  recent=-2.92  best=-2.90
[CNN]   ep=  200  recent=-2.94  best=-2.90
[CNN]   ep=  300  recent=-2.93  best=-2.90
[CNN]   ep=  400  recent=-2.94  best=-2.90
  *** NEW BEST CNN (avg=-2.90) ep=462 ***
[CNN]   ep=  500  recent=-2.93  best=-2.90
[CNN]   ep=  600  recent=-2.92  best=-2.90
[CNN]   ep=  700  recent=-2.93  best=-2.90
[CNN]   ep=  800  recent=-2.92  best=-2.90
[CNN]   ep=  900  recent=-2.93  best=-2.90
[CNN]   ep= 1000  recent=-2.93  best=-2.90
[CNN]   ep= 1100  recent=-2.94  best=-2.90
[CNN]   ep= 1200  recent=-2.93  best=-2.90
[CNN]   ep= 1300  recent=-2.93  best=-2.90
[CNN]   ep= 1400  recent=-2.93  best=-2.90
[CNN]   ep= 1500  recent=-2.93  best=-2.90
[CNN]   ep= 1600  recent=-2.93  best=-2.90
[CNN]   ep= 1700  recent=-2.93  best=-2.90
[CNN]   ep= 1800  recent=-2.93  best=-2.90
[CNN]   ep= 1900  recent=-2.93  best=-2.90
[CNN]   ep= 2000  recent=-2.93  best=-2.90
[CNN]   ep= 2100  recent=-2.93  best=-2.90
[CNN]   ep= 2200  recent=-2.94  best=-2.90
[CNN]   ep= 2300  recent=-2.92  best=-2.90
[CNN]   ep= 2400  recent=-2.93  best=-2.90

[train_single] Training done in 531.4 min. Evaluating ...
[train_single] solve_rate=0.0%  reward=-2.93±0.00
[train_single] Policy saved → /projects/amfa5003/rush-hour/policies/d15_p4_cnn.pth
