[task 36] difficulty=15  puzzle_idx=7  method=hrep  episodes=2500
[train_single] difficulty=15  puzzle_idx=7  method=hrep  episodes=2500
[train_single] board=GBBJooGCCJoLAAIooLoHIDDooHEEKoooooKx
[H-rep] device=cpu  board=GBBJooGCCJoLAAIooLoHIDDooHEEKoooooKx
[H-rep] ep=    0  recent=-2.77  best=-inf
  *** NEW BEST H-rep (avg=-1.62) ep=2 ***
  *** NEW BEST H-rep (avg=-1.19) ep=7 ***
  *** NEW BEST H-rep (avg=-0.95) ep=13 ***
  *** NEW BEST H-rep (avg=-0.65) ep=14 ***
  *** NEW BEST H-rep (avg=0.27) ep=15 ***
  *** NEW BEST H-rep (avg=0.95) ep=16 ***
  *** NEW BEST H-rep (avg=2.16) ep=17 ***
  *** NEW BEST H-rep (avg=4.87) ep=18 ***
  *** NEW BEST H-rep (avg=5.34) ep=20 ***
  *** NEW BEST H-rep (avg=8.16) ep=21 ***
  *** NEW BEST H-rep (avg=8.88) ep=24 ***
  *** NEW BEST H-rep (avg=9.17) ep=26 ***
  *** NEW BEST H-rep (avg=9.74) ep=27 ***
  *** NEW BEST H-rep (avg=9.83) ep=28 ***
  *** NEW BEST H-rep (avg=10.04) ep=31 ***
  *** NEW BEST H-rep (avg=10.11) ep=32 ***
  *** NEW BEST H-rep (avg=10.19) ep=34 ***
  *** NEW BEST H-rep (avg=10.23) ep=35 ***
  *** NEW BEST H-rep (avg=10.27) ep=38 ***
  *** NEW BEST H-rep (avg=10.29) ep=39 ***
  *** NEW BEST H-rep (avg=10.29) ep=40 ***
  *** NEW BEST H-rep (avg=10.30) ep=42 ***
  *** NEW BEST H-rep (avg=10.31) ep=65 ***
  *** NEW BEST H-rep (avg=10.31) ep=70 ***
  *** NEW BEST H-rep (avg=10.32) ep=81 ***
[H-rep] ep=  100  recent=0.89  best=10.32
  *** NEW BEST H-rep (avg=10.32) ep=106 ***
  *** NEW BEST H-rep (avg=10.32) ep=109 ***
[H-rep] ep=  200  recent=10.32  best=10.32
[H-rep] ep=  300  recent=10.31  best=10.32
[H-rep] ep=  400  recent=10.32  best=10.32
  *** NEW BEST H-rep (avg=10.32) ep=414 ***
  *** NEW BEST H-rep (avg=10.32) ep=423 ***
  *** NEW BEST H-rep (avg=10.32) ep=484 ***
  *** NEW BEST H-rep (avg=10.32) ep=498 ***
[H-rep] ep=  500  recent=10.32  best=10.32
[H-rep] ep=  600  recent=10.32  best=10.32
[H-rep] ep=  700  recent=10.23  best=10.32
[H-rep] ep=  800  recent=10.28  best=10.32
[H-rep] ep=  900  recent=10.21  best=10.32
[H-rep] ep= 1000  recent=10.31  best=10.32
[H-rep] ep= 1100  recent=10.31  best=10.32
  *** NEW BEST H-rep (avg=10.32) ep=1147 ***
[H-rep] ep= 1200  recent=10.11  best=10.32
[H-rep] ep= 1300  recent=10.32  best=10.32
  *** NEW BEST H-rep (avg=10.32) ep=1382 ***
[H-rep] ep= 1400  recent=10.32  best=10.32
[H-rep] ep= 1500  recent=10.29  best=10.32
  *** NEW BEST H-rep (avg=10.32) ep=1536 ***
[H-rep] ep= 1600  recent=10.32  best=10.32
[H-rep] ep= 1700  recent=10.06  best=10.32
[H-rep] ep= 1800  recent=10.31  best=10.32
[H-rep] ep= 1900  recent=10.30  best=10.32
[H-rep] ep= 2000  recent=9.72  best=10.32
[H-rep] ep= 2100  recent=10.32  best=10.32
[H-rep] ep= 2200  recent=10.31  best=10.32
[H-rep] ep= 2300  recent=10.30  best=10.32
[H-rep] ep= 2400  recent=10.32  best=10.32

[train_single] Training done in 556.5 min. Evaluating ...
[train_single] solve_rate=100.0%  reward=10.32±0.00
[train_single] Policy saved → /projects/amfa5003/rush-hour/policies/d15_p7_hrep.pth
