[task 42] difficulty=15  puzzle_idx=8  method=vrep  episodes=2500
[train_single] difficulty=15  puzzle_idx=8  method=vrep  episodes=2500
[train_single] board=BBJoooGoJoLxGAAoLMHIDDoMHIoKEEFFoKoo
[V-rep] device=cpu  board=BBJoooGoJoLxGAAoLMHIDDoMHIoKEEFFoKoo
[V-rep] ep=    0  recent=4.52  best=-inf
  *** NEW BEST V-rep (avg=9.72) ep=1 ***
  *** NEW BEST V-rep (avg=10.26) ep=2 ***
  *** NEW BEST V-rep (avg=10.39) ep=3 ***
  *** NEW BEST V-rep (avg=10.42) ep=4 ***
  *** NEW BEST V-rep (avg=10.43) ep=5 ***
  *** NEW BEST V-rep (avg=10.44) ep=8 ***
  *** NEW BEST V-rep (avg=10.44) ep=9 ***
  *** NEW BEST V-rep (avg=10.44) ep=10 ***
  *** NEW BEST V-rep (avg=10.44) ep=11 ***
  *** NEW BEST V-rep (avg=10.45) ep=12 ***
  *** NEW BEST V-rep (avg=10.45) ep=13 ***
  *** NEW BEST V-rep (avg=10.45) ep=19 ***
  *** NEW BEST V-rep (avg=10.45) ep=28 ***
[V-rep] ep=  100  recent=10.44  best=10.45
[V-rep] ep=  200  recent=10.45  best=10.45
[V-rep] ep=  300  recent=10.45  best=10.45
  *** NEW BEST V-rep (avg=10.45) ep=307 ***
[V-rep] ep=  400  recent=10.45  best=10.45
[V-rep] ep=  500  recent=10.44  best=10.45
[V-rep] ep=  600  recent=10.45  best=10.45
[V-rep] ep=  700  recent=10.45  best=10.45
[V-rep] ep=  800  recent=10.45  best=10.45
[V-rep] ep=  900  recent=10.45  best=10.45
[V-rep] ep= 1000  recent=10.45  best=10.45
[V-rep] ep= 1100  recent=10.44  best=10.45
[V-rep] ep= 1200  recent=10.45  best=10.45
[V-rep] ep= 1300  recent=10.45  best=10.45
[V-rep] ep= 1400  recent=10.45  best=10.45
[V-rep] ep= 1500  recent=10.45  best=10.45
[V-rep] ep= 1600  recent=10.45  best=10.45
[V-rep] ep= 1700  recent=10.44  best=10.45
[V-rep] ep= 1800  recent=10.45  best=10.45
[V-rep] ep= 1900  recent=10.45  best=10.45
[V-rep] ep= 2000  recent=10.45  best=10.45
[V-rep] ep= 2100  recent=10.45  best=10.45
[V-rep] ep= 2200  recent=10.45  best=10.45
[V-rep] ep= 2300  recent=10.45  best=10.45
[V-rep] ep= 2400  recent=10.44  best=10.45

[train_single] Training done in 817.6 min. Evaluating ...
[train_single] solve_rate=100.0%  reward=10.45±0.00
[train_single] Policy saved → /projects/amfa5003/rush-hour/policies/d15_p8_vrep.pth
