[train_single] difficulty=10  puzzle_idx=1  method=mlp  episodes=750
[train_single] board=FoBBoJFoooIJooAAIKooGCCKooGHDDoEEHoo
[MLP] device=cpu  board=FoBBoJFoooIJooAAIKooGCCKooGHDDoEEHoo
[MLP]   ep=    0  recent=-1.89  best=-inf
  *** NEW BEST MLP (avg=-0.87) ep=2 ***
  *** NEW BEST MLP (avg=2.14) ep=3 ***
  *** NEW BEST MLP (avg=5.48) ep=4 ***
  *** NEW BEST MLP (avg=8.42) ep=5 ***
  *** NEW BEST MLP (avg=9.31) ep=6 ***
  *** NEW BEST MLP (avg=9.86) ep=7 ***
  *** NEW BEST MLP (avg=10.03) ep=8 ***
  *** NEW BEST MLP (avg=10.06) ep=9 ***
  *** NEW BEST MLP (avg=10.13) ep=10 ***
  *** NEW BEST MLP (avg=10.17) ep=11 ***
  *** NEW BEST MLP (avg=10.18) ep=12 ***
  *** NEW BEST MLP (avg=10.20) ep=13 ***
  *** NEW BEST MLP (avg=10.23) ep=14 ***
  *** NEW BEST MLP (avg=10.24) ep=15 ***
  *** NEW BEST MLP (avg=10.25) ep=19 ***
  *** NEW BEST MLP (avg=10.26) ep=21 ***
  *** NEW BEST MLP (avg=10.27) ep=22 ***
  *** NEW BEST MLP (avg=10.27) ep=27 ***
  *** NEW BEST MLP (avg=10.28) ep=30 ***
  *** NEW BEST MLP (avg=10.28) ep=32 ***
  *** NEW BEST MLP (avg=10.28) ep=37 ***
  *** NEW BEST MLP (avg=10.28) ep=49 ***
[MLP]   ep=  100  recent=10.21  best=10.28
  *** NEW BEST MLP (avg=10.28) ep=173 ***
  *** NEW BEST MLP (avg=10.28) ep=178 ***
[MLP]   ep=  200  recent=10.27  best=10.28
  *** NEW BEST MLP (avg=10.28) ep=258 ***
[MLP]   ep=  300  recent=-3.04  best=10.28
[MLP]   ep=  400  recent=10.28  best=10.28
[MLP]   ep=  500  recent=10.28  best=10.28
[MLP]   ep=  600  recent=10.27  best=10.28
  *** NEW BEST MLP (avg=10.28) ep=626 ***
  *** NEW BEST MLP (avg=10.28) ep=640 ***
  *** NEW BEST MLP (avg=10.28) ep=642 ***
[MLP]   ep=  700  recent=-2.97  best=10.28
  *** NEW BEST MLP (avg=10.28) ep=739 ***
  *** NEW BEST MLP (avg=10.28) ep=742 ***

[train_single] Training done in 138.0 min. Evaluating ...
[train_single] solve_rate=100.0%  reward=10.29±0.00
[train_single] Policy saved → /projects/amfa5003/rush-hour/policies/d10_p1_mlp.pth
