[task 31] difficulty=10  puzzle_idx=6  method=hrep  episodes=750
[train_single] difficulty=10  puzzle_idx=6  method=hrep  episodes=750
[train_single] board=ooGHBBoFGHCCoFGAAJoooooJEoooIKEDDoIK
[H-rep] device=cpu  board=ooGHBBoFGHCCoFGAAJoooooJEoooIKEDDoIK
[H-rep] ep=    0  recent=-2.07  best=-inf
  *** NEW BEST H-rep (avg=-2.96) ep=2 ***
  *** NEW BEST H-rep (avg=-2.53) ep=11 ***
  *** NEW BEST H-rep (avg=-2.29) ep=12 ***
  *** NEW BEST H-rep (avg=-2.08) ep=13 ***
  *** NEW BEST H-rep (avg=-2.06) ep=14 ***
  *** NEW BEST H-rep (avg=-1.86) ep=16 ***
  *** NEW BEST H-rep (avg=-1.42) ep=17 ***
  *** NEW BEST H-rep (avg=-0.98) ep=21 ***
  *** NEW BEST H-rep (avg=0.60) ep=22 ***
  *** NEW BEST H-rep (avg=1.20) ep=24 ***
  *** NEW BEST H-rep (avg=3.58) ep=25 ***
  *** NEW BEST H-rep (avg=4.95) ep=27 ***
  *** NEW BEST H-rep (avg=5.01) ep=28 ***
  *** NEW BEST H-rep (avg=5.17) ep=29 ***
  *** NEW BEST H-rep (avg=6.19) ep=31 ***
  *** NEW BEST H-rep (avg=6.87) ep=33 ***
  *** NEW BEST H-rep (avg=7.20) ep=35 ***
  *** NEW BEST H-rep (avg=8.12) ep=36 ***
  *** NEW BEST H-rep (avg=8.91) ep=37 ***
  *** NEW BEST H-rep (avg=8.94) ep=40 ***
  *** NEW BEST H-rep (avg=9.15) ep=41 ***
  *** NEW BEST H-rep (avg=9.29) ep=44 ***
  *** NEW BEST H-rep (avg=9.40) ep=45 ***
  *** NEW BEST H-rep (avg=9.52) ep=46 ***
  *** NEW BEST H-rep (avg=9.59) ep=47 ***
  *** NEW BEST H-rep (avg=9.73) ep=50 ***
  *** NEW BEST H-rep (avg=9.84) ep=53 ***
  *** NEW BEST H-rep (avg=9.88) ep=58 ***
  *** NEW BEST H-rep (avg=9.91) ep=59 ***
  *** NEW BEST H-rep (avg=9.94) ep=60 ***
  *** NEW BEST H-rep (avg=9.95) ep=61 ***
  *** NEW BEST H-rep (avg=9.97) ep=62 ***
  *** NEW BEST H-rep (avg=9.99) ep=63 ***
  *** NEW BEST H-rep (avg=9.99) ep=65 ***
  *** NEW BEST H-rep (avg=10.01) ep=66 ***
  *** NEW BEST H-rep (avg=10.01) ep=67 ***
  *** NEW BEST H-rep (avg=10.03) ep=72 ***
  *** NEW BEST H-rep (avg=10.03) ep=78 ***
  *** NEW BEST H-rep (avg=10.04) ep=79 ***
  *** NEW BEST H-rep (avg=10.05) ep=80 ***
  *** NEW BEST H-rep (avg=10.05) ep=90 ***
  *** NEW BEST H-rep (avg=10.06) ep=91 ***
  *** NEW BEST H-rep (avg=10.06) ep=92 ***
[H-rep] ep=  100  recent=10.06  best=10.06
  *** NEW BEST H-rep (avg=10.06) ep=103 ***
  *** NEW BEST H-rep (avg=10.06) ep=104 ***
  *** NEW BEST H-rep (avg=10.07) ep=105 ***
  *** NEW BEST H-rep (avg=10.08) ep=107 ***
  *** NEW BEST H-rep (avg=10.08) ep=108 ***
  *** NEW BEST H-rep (avg=10.08) ep=109 ***
  *** NEW BEST H-rep (avg=10.08) ep=110 ***
  *** NEW BEST H-rep (avg=10.08) ep=111 ***
  *** NEW BEST H-rep (avg=10.09) ep=112 ***
  *** NEW BEST H-rep (avg=10.09) ep=113 ***
  *** NEW BEST H-rep (avg=10.09) ep=114 ***
  *** NEW BEST H-rep (avg=10.10) ep=115 ***
  *** NEW BEST H-rep (avg=10.10) ep=129 ***
  *** NEW BEST H-rep (avg=10.10) ep=134 ***
  *** NEW BEST H-rep (avg=10.10) ep=138 ***
  *** NEW BEST H-rep (avg=10.10) ep=146 ***
  *** NEW BEST H-rep (avg=10.10) ep=147 ***
  *** NEW BEST H-rep (avg=10.11) ep=148 ***
  *** NEW BEST H-rep (avg=10.11) ep=172 ***
[H-rep] ep=  200  recent=10.11  best=10.11
  *** NEW BEST H-rep (avg=10.11) ep=254 ***
[H-rep] ep=  300  recent=10.11  best=10.11
[H-rep] ep=  400  recent=10.10  best=10.11
  *** NEW BEST H-rep (avg=10.11) ep=482 ***
[H-rep] ep=  500  recent=9.97  best=10.11
  *** NEW BEST H-rep (avg=10.11) ep=555 ***
  *** NEW BEST H-rep (avg=10.11) ep=562 ***
  *** NEW BEST H-rep (avg=10.11) ep=586 ***
[H-rep] ep=  600  recent=10.11  best=10.11
[H-rep] ep=  700  recent=-3.19  best=10.11

[train_single] Training done in 117.0 min. Evaluating ...
[train_single] solve_rate=100.0%  reward=10.11±0.00
[train_single] Policy saved → /projects/amfa5003/rush-hour/policies/d10_p6_hrep.pth
