[task 20] difficulty=10  puzzle_idx=3  method=cnn  episodes=750
[train_single] difficulty=10  puzzle_idx=3  method=cnn  episodes=750
[train_single] board=ooBBoJooCCIJooAAIJoooHDDGooHEEGooFFF
[CNN] device=cpu  board=ooBBoJooCCIJooAAIJoooHDDGooHEEGooFFF
[CNN]   ep=    0  recent=-0.51  best=-inf
  *** NEW BEST CNN (avg=2.09) ep=2 ***
  *** NEW BEST CNN (avg=5.15) ep=3 ***
  *** NEW BEST CNN (avg=8.77) ep=4 ***
  *** NEW BEST CNN (avg=9.64) ep=5 ***
  *** NEW BEST CNN (avg=9.86) ep=6 ***
  *** NEW BEST CNN (avg=10.00) ep=7 ***
  *** NEW BEST CNN (avg=10.06) ep=8 ***
  *** NEW BEST CNN (avg=10.16) ep=9 ***
  *** NEW BEST CNN (avg=10.19) ep=10 ***
  *** NEW BEST CNN (avg=10.20) ep=11 ***
  *** NEW BEST CNN (avg=10.23) ep=12 ***
  *** NEW BEST CNN (avg=10.25) ep=13 ***
  *** NEW BEST CNN (avg=10.26) ep=14 ***
  *** NEW BEST CNN (avg=10.27) ep=16 ***
  *** NEW BEST CNN (avg=10.28) ep=17 ***
  *** NEW BEST CNN (avg=10.28) ep=18 ***
  *** NEW BEST CNN (avg=10.28) ep=20 ***
  *** NEW BEST CNN (avg=10.28) ep=24 ***
[CNN]   ep=  100  recent=10.28  best=10.28
[CNN]   ep=  200  recent=10.28  best=10.28
[CNN]   ep=  300  recent=10.28  best=10.28
[CNN]   ep=  400  recent=10.28  best=10.28
  *** NEW BEST CNN (avg=10.28) ep=435 ***
[CNN]   ep=  500  recent=10.28  best=10.28
[CNN]   ep=  600  recent=10.28  best=10.28
[CNN]   ep=  700  recent=10.28  best=10.28

[train_single] Training done in 193.5 min. Evaluating ...
[train_single] solve_rate=100.0%  reward=10.28±0.00
[train_single] Policy saved → /projects/amfa5003/rush-hour/policies/d10_p3_cnn.pth
