[task 59] difficulty=15  puzzle_idx=11  method=mlp  episodes=2500
[train_single] difficulty=15  puzzle_idx=11  method=mlp  episodes=2500
[train_single] board=oHoBBooHCCKooAAJKoooIJDDxoIFFLooGGoL
[MLP] device=cpu  board=oHoBBooHCCKooAAJKoooIJDDxoIFFLooGGoL
[MLP]   ep=    0  recent=-0.46  best=-inf
  *** NEW BEST MLP (avg=3.02) ep=1 ***
  *** NEW BEST MLP (avg=6.10) ep=2 ***
  *** NEW BEST MLP (avg=9.96) ep=3 ***
  *** NEW BEST MLP (avg=10.04) ep=4 ***
  *** NEW BEST MLP (avg=10.19) ep=5 ***
  *** NEW BEST MLP (avg=10.22) ep=6 ***
  *** NEW BEST MLP (avg=10.28) ep=7 ***
  *** NEW BEST MLP (avg=10.29) ep=8 ***
  *** NEW BEST MLP (avg=10.32) ep=9 ***
  *** NEW BEST MLP (avg=10.33) ep=10 ***
  *** NEW BEST MLP (avg=10.34) ep=11 ***
  *** NEW BEST MLP (avg=10.34) ep=12 ***
  *** NEW BEST MLP (avg=10.34) ep=13 ***
  *** NEW BEST MLP (avg=10.35) ep=14 ***
  *** NEW BEST MLP (avg=10.35) ep=17 ***
  *** NEW BEST MLP (avg=10.35) ep=18 ***
  *** NEW BEST MLP (avg=10.35) ep=28 ***
  *** NEW BEST MLP (avg=10.35) ep=29 ***
  *** NEW BEST MLP (avg=10.35) ep=32 ***
  *** NEW BEST MLP (avg=10.35) ep=33 ***
  *** NEW BEST MLP (avg=10.35) ep=68 ***
  *** NEW BEST MLP (avg=10.35) ep=72 ***
  *** NEW BEST MLP (avg=10.35) ep=79 ***
[MLP]   ep=  100  recent=10.35  best=10.35
[MLP]   ep=  200  recent=10.34  best=10.35
[MLP]   ep=  300  recent=9.51  best=10.35
[MLP]   ep=  400  recent=10.31  best=10.35
[MLP]   ep=  500  recent=10.30  best=10.35
[MLP]   ep=  600  recent=8.15  best=10.35
  *** NEW BEST MLP (avg=10.35) ep=616 ***
  *** NEW BEST MLP (avg=10.35) ep=639 ***
  *** NEW BEST MLP (avg=10.35) ep=654 ***
[MLP]   ep=  700  recent=10.33  best=10.35
  *** NEW BEST MLP (avg=10.35) ep=756 ***
[MLP]   ep=  800  recent=10.35  best=10.35
  *** NEW BEST MLP (avg=10.35) ep=803 ***
  *** NEW BEST MLP (avg=10.35) ep=811 ***
  *** NEW BEST MLP (avg=10.35) ep=837 ***
[MLP]   ep=  900  recent=10.32  best=10.35
[MLP]   ep= 1000  recent=8.65  best=10.35
[MLP]   ep= 1100  recent=10.35  best=10.35
[MLP]   ep= 1200  recent=10.32  best=10.35
[MLP]   ep= 1300  recent=10.35  best=10.35
[MLP]   ep= 1400  recent=10.33  best=10.35
[MLP]   ep= 1500  recent=-2.79  best=10.35
[MLP]   ep= 1600  recent=10.26  best=10.35
[MLP]   ep= 1700  recent=10.35  best=10.35
  *** NEW BEST MLP (avg=10.35) ep=1701 ***
  *** NEW BEST MLP (avg=10.35) ep=1706 ***
[MLP]   ep= 1800  recent=10.29  best=10.35
[MLP]   ep= 1900  recent=10.34  best=10.35
[MLP]   ep= 2000  recent=10.35  best=10.35
[MLP]   ep= 2100  recent=10.35  best=10.35
[MLP]   ep= 2200  recent=10.34  best=10.35
[MLP]   ep= 2300  recent=10.34  best=10.35
[MLP]   ep= 2400  recent=10.34  best=10.35

[train_single] Training done in 610.4 min. Evaluating ...
[train_single] solve_rate=100.0%  reward=10.35±0.00
[train_single] Policy saved → /projects/amfa5003/rush-hour/policies/d15_p11_mlp.pth
