[task 75] difficulty=15  puzzle_idx=14  method=cnn  episodes=2500
[train_single] difficulty=15  puzzle_idx=14  method=cnn  episodes=2500
[train_single] board=GHBBoxGHooooGAAJKLDDIJKLooIEEoFFoooo
[CNN] device=cpu  board=GHBBoxGHooooGAAJKLDDIJKLooIEEoFFoooo
[CNN]   ep=    0  recent=-1.75  best=-inf
  *** NEW BEST CNN (avg=9.77) ep=2 ***
  *** NEW BEST CNN (avg=10.19) ep=3 ***
  *** NEW BEST CNN (avg=10.39) ep=4 ***
  *** NEW BEST CNN (avg=10.45) ep=5 ***
  *** NEW BEST CNN (avg=10.46) ep=6 ***
  *** NEW BEST CNN (avg=10.47) ep=7 ***
  *** NEW BEST CNN (avg=10.48) ep=8 ***
  *** NEW BEST CNN (avg=10.49) ep=9 ***
  *** NEW BEST CNN (avg=10.49) ep=10 ***
  *** NEW BEST CNN (avg=10.50) ep=11 ***
  *** NEW BEST CNN (avg=10.50) ep=12 ***
  *** NEW BEST CNN (avg=10.50) ep=13 ***
  *** NEW BEST CNN (avg=10.51) ep=26 ***
  *** NEW BEST CNN (avg=10.51) ep=29 ***
  *** NEW BEST CNN (avg=10.51) ep=50 ***
[CNN]   ep=  100  recent=10.50  best=10.51
[CNN]   ep=  200  recent=10.50  best=10.51
  *** NEW BEST CNN (avg=10.51) ep=298 ***
[CNN]   ep=  300  recent=10.50  best=10.51
[CNN]   ep=  400  recent=10.51  best=10.51
  *** NEW BEST CNN (avg=10.51) ep=459 ***
  *** NEW BEST CNN (avg=10.51) ep=495 ***
[CNN]   ep=  500  recent=10.51  best=10.51
  *** NEW BEST CNN (avg=10.51) ep=588 ***
[CNN]   ep=  600  recent=10.51  best=10.51
  *** NEW BEST CNN (avg=10.51) ep=641 ***
[CNN]   ep=  700  recent=10.51  best=10.51
[CNN]   ep=  800  recent=10.49  best=10.51
[CNN]   ep=  900  recent=10.50  best=10.51
  *** NEW BEST CNN (avg=10.51) ep=930 ***
[CNN]   ep= 1000  recent=10.50  best=10.51
[CNN]   ep= 1100  recent=10.51  best=10.51
[CNN]   ep= 1200  recent=10.50  best=10.51
[CNN]   ep= 1300  recent=10.50  best=10.51
[CNN]   ep= 1400  recent=10.51  best=10.51
[CNN]   ep= 1500  recent=10.50  best=10.51
[CNN]   ep= 1600  recent=10.50  best=10.51
[CNN]   ep= 1700  recent=10.51  best=10.51
[CNN]   ep= 1800  recent=10.50  best=10.51
[CNN]   ep= 1900  recent=10.50  best=10.51
[CNN]   ep= 2000  recent=10.51  best=10.51
[CNN]   ep= 2100  recent=10.50  best=10.51
[CNN]   ep= 2200  recent=10.51  best=10.51
[CNN]   ep= 2300  recent=10.51  best=10.51
[CNN]   ep= 2400  recent=10.51  best=10.51

[train_single] Training done in 863.1 min. Evaluating ...
[train_single] solve_rate=100.0%  reward=10.50±0.00
[train_single] Policy saved → /projects/amfa5003/rush-hour/policies/d15_p14_cnn.pth
