[task 74] difficulty=10  puzzle_idx=14  method=mlp  episodes=750
[train_single] difficulty=10  puzzle_idx=14  method=mlp  episodes=750
[train_single] board=GoBBoxGoooJoooAAJKooHDDKooHIEEoFFIoo
[MLP] device=cpu  board=GoBBoxGoooJoooAAJKooHDDKooHIEEoFFIoo
[MLP]   ep=    0  recent=2.11  best=-inf
  *** NEW BEST MLP (avg=9.61) ep=1 ***
  *** NEW BEST MLP (avg=10.29) ep=2 ***
  *** NEW BEST MLP (avg=10.36) ep=3 ***
  *** NEW BEST MLP (avg=10.39) ep=4 ***
  *** NEW BEST MLP (avg=10.41) ep=5 ***
  *** NEW BEST MLP (avg=10.42) ep=6 ***
  *** NEW BEST MLP (avg=10.42) ep=8 ***
  *** NEW BEST MLP (avg=10.43) ep=9 ***
  *** NEW BEST MLP (avg=10.44) ep=11 ***
  *** NEW BEST MLP (avg=10.44) ep=12 ***
  *** NEW BEST MLP (avg=10.44) ep=14 ***
  *** NEW BEST MLP (avg=10.45) ep=32 ***
  *** NEW BEST MLP (avg=10.45) ep=50 ***
[MLP]   ep=  100  recent=10.45  best=10.45
  *** NEW BEST MLP (avg=10.45) ep=125 ***
  *** NEW BEST MLP (avg=10.45) ep=145 ***
  *** NEW BEST MLP (avg=10.45) ep=147 ***
  *** NEW BEST MLP (avg=10.45) ep=154 ***
[MLP]   ep=  200  recent=10.44  best=10.45
  *** NEW BEST MLP (avg=10.45) ep=231 ***
  *** NEW BEST MLP (avg=10.45) ep=242 ***
[MLP]   ep=  300  recent=10.45  best=10.45
[MLP]   ep=  400  recent=10.45  best=10.45
[MLP]   ep=  500  recent=10.44  best=10.45
[MLP]   ep=  600  recent=10.45  best=10.45
[MLP]   ep=  700  recent=10.44  best=10.45

[train_single] Training done in 302.7 min. Evaluating ...
[train_single] solve_rate=100.0%  reward=10.45±0.00
[train_single] Policy saved → /projects/amfa5003/rush-hour/policies/d10_p14_mlp.pth
