[task 16] difficulty=12  puzzle_idx=3  method=hrep  episodes=1200
[train_single] difficulty=12  puzzle_idx=3  method=hrep  episodes=1200
[train_single] board=oGHoBBoGHCCoAAHoooFooIJKFDDIJKoEEooo
[H-rep] device=cpu  board=oGHoBBoGHCCoAAHoooFooIJKFDDIJKoEEooo
[H-rep] ep=    0  recent=-2.82  best=-inf
  *** NEW BEST H-rep (avg=-2.88) ep=2 ***
  *** NEW BEST H-rep (avg=-2.88) ep=8 ***
  *** NEW BEST H-rep (avg=-2.86) ep=9 ***
  *** NEW BEST H-rep (avg=-2.86) ep=10 ***
  *** NEW BEST H-rep (avg=-2.84) ep=11 ***
  *** NEW BEST H-rep (avg=-2.84) ep=12 ***
  *** NEW BEST H-rep (avg=-2.84) ep=13 ***
  *** NEW BEST H-rep (avg=-2.83) ep=15 ***
  *** NEW BEST H-rep (avg=-2.82) ep=16 ***
  *** NEW BEST H-rep (avg=-2.82) ep=21 ***
  *** NEW BEST H-rep (avg=-2.81) ep=22 ***
[H-rep] ep=  100  recent=-2.84  best=-2.81
  *** NEW BEST H-rep (avg=-2.81) ep=147 ***
[H-rep] ep=  200  recent=-2.91  best=-2.81
[H-rep] ep=  300  recent=-2.87  best=-2.81
[H-rep] ep=  400  recent=-2.87  best=-2.81
[H-rep] ep=  500  recent=-2.86  best=-2.81
[H-rep] ep=  600  recent=-2.86  best=-2.81
[H-rep] ep=  700  recent=-2.84  best=-2.81
[H-rep] ep=  800  recent=-2.88  best=-2.81
[H-rep] ep=  900  recent=-2.85  best=-2.81
[H-rep] ep= 1000  recent=-2.85  best=-2.81
[H-rep] ep= 1100  recent=-2.90  best=-2.81

[train_single] Training done in 202.2 min. Evaluating ...
[train_single] solve_rate=0.0%  reward=-2.92±0.00
[train_single] Policy saved → /projects/amfa5003/rush-hour/policies/d12_p3_hrep.pth
