[task 55] difficulty=10  puzzle_idx=10  method=cnn  episodes=750
[train_single] difficulty=10  puzzle_idx=10  method=cnn  episodes=750
[train_single] board=oBBBoLoCCooLAAIJooHoIJDDHoEEKoFFGGKo
[CNN] device=cpu  board=oBBBoLoCCooLAAIJooHoIJDDHoEEKoFFGGKo
[CNN]   ep=    0  recent=-1.50  best=-inf
  *** NEW BEST CNN (avg=5.64) ep=2 ***
  *** NEW BEST CNN (avg=9.86) ep=3 ***
  *** NEW BEST CNN (avg=10.12) ep=4 ***
  *** NEW BEST CNN (avg=10.24) ep=5 ***
  *** NEW BEST CNN (avg=10.30) ep=6 ***
  *** NEW BEST CNN (avg=10.33) ep=7 ***
  *** NEW BEST CNN (avg=10.35) ep=8 ***
  *** NEW BEST CNN (avg=10.36) ep=9 ***
  *** NEW BEST CNN (avg=10.37) ep=10 ***
  *** NEW BEST CNN (avg=10.38) ep=11 ***
  *** NEW BEST CNN (avg=10.38) ep=12 ***
  *** NEW BEST CNN (avg=10.38) ep=13 ***
  *** NEW BEST CNN (avg=10.39) ep=15 ***
  *** NEW BEST CNN (avg=10.39) ep=17 ***
  *** NEW BEST CNN (avg=10.39) ep=21 ***
  *** NEW BEST CNN (avg=10.39) ep=32 ***
  *** NEW BEST CNN (avg=10.39) ep=66 ***
  *** NEW BEST CNN (avg=10.39) ep=73 ***
  *** NEW BEST CNN (avg=10.39) ep=82 ***
[CNN]   ep=  100  recent=10.39  best=10.39
  *** NEW BEST CNN (avg=10.39) ep=132 ***
  *** NEW BEST CNN (avg=10.39) ep=152 ***
[CNN]   ep=  200  recent=10.39  best=10.39
[CNN]   ep=  300  recent=10.38  best=10.39
[CNN]   ep=  400  recent=10.39  best=10.39
[CNN]   ep=  500  recent=10.38  best=10.39
[CNN]   ep=  600  recent=10.37  best=10.39
[CNN]   ep=  700  recent=10.39  best=10.39

[train_single] Training done in 208.1 min. Evaluating ...
[train_single] solve_rate=100.0%  reward=10.39±0.00
[train_single] Policy saved → /projects/amfa5003/rush-hour/policies/d10_p10_cnn.pth
