[task 24] difficulty=10  puzzle_idx=4  method=mlp  episodes=750
[train_single] difficulty=10  puzzle_idx=4  method=mlp  episodes=750
[train_single] board=oooHBBoooHCCAAooIJGDDDIJGoEEoKFFoooK
[MLP] device=cpu  board=oooHBBoooHCCAAooIJGDDDIJGoEEoKFFoooK
[MLP]   ep=    0  recent=-2.73  best=-inf
  *** NEW BEST MLP (avg=-0.10) ep=2 ***
  *** NEW BEST MLP (avg=4.13) ep=3 ***
  *** NEW BEST MLP (avg=7.48) ep=4 ***
  *** NEW BEST MLP (avg=9.65) ep=5 ***
  *** NEW BEST MLP (avg=9.81) ep=6 ***
  *** NEW BEST MLP (avg=9.97) ep=7 ***
  *** NEW BEST MLP (avg=10.07) ep=8 ***
  *** NEW BEST MLP (avg=10.12) ep=9 ***
  *** NEW BEST MLP (avg=10.20) ep=10 ***
  *** NEW BEST MLP (avg=10.23) ep=11 ***
  *** NEW BEST MLP (avg=10.24) ep=12 ***
  *** NEW BEST MLP (avg=10.26) ep=15 ***
  *** NEW BEST MLP (avg=10.28) ep=16 ***
  *** NEW BEST MLP (avg=10.29) ep=17 ***
  *** NEW BEST MLP (avg=10.31) ep=19 ***
  *** NEW BEST MLP (avg=10.32) ep=25 ***
  *** NEW BEST MLP (avg=10.33) ep=29 ***
  *** NEW BEST MLP (avg=10.34) ep=30 ***
  *** NEW BEST MLP (avg=10.34) ep=34 ***
  *** NEW BEST MLP (avg=10.34) ep=36 ***
  *** NEW BEST MLP (avg=10.35) ep=38 ***
  *** NEW BEST MLP (avg=10.35) ep=39 ***
  *** NEW BEST MLP (avg=10.36) ep=46 ***
  *** NEW BEST MLP (avg=10.37) ep=48 ***
  *** NEW BEST MLP (avg=10.37) ep=56 ***
  *** NEW BEST MLP (avg=10.37) ep=57 ***
  *** NEW BEST MLP (avg=10.37) ep=58 ***
  *** NEW BEST MLP (avg=10.37) ep=59 ***
  *** NEW BEST MLP (avg=10.37) ep=60 ***
  *** NEW BEST MLP (avg=10.37) ep=62 ***
  *** NEW BEST MLP (avg=10.38) ep=80 ***
[MLP]   ep=  100  recent=10.37  best=10.38
[MLP]   ep=  200  recent=10.37  best=10.38
[MLP]   ep=  300  recent=10.36  best=10.38
[MLP]   ep=  400  recent=10.36  best=10.38
[MLP]   ep=  500  recent=10.35  best=10.38
[MLP]   ep=  600  recent=10.34  best=10.38
[MLP]   ep=  700  recent=10.37  best=10.38

[train_single] Training done in 137.5 min. Evaluating ...
[train_single] solve_rate=100.0%  reward=10.38±0.00
[train_single] Policy saved → /projects/amfa5003/rush-hour/policies/d10_p4_mlp.pth
