[task 54] difficulty=10  puzzle_idx=10  method=mlp  episodes=750
[train_single] difficulty=10  puzzle_idx=10  method=mlp  episodes=750
[train_single] board=oBBBoLoCCooLAAIJooHoIJDDHoEEKoFFGGKo
[MLP] device=cpu  board=oBBBoLoCCooLAAIJooHoIJDDHoEEKoFFGGKo
[MLP]   ep=    0  recent=-1.63  best=-inf
  *** NEW BEST MLP (avg=-0.95) ep=2 ***
  *** NEW BEST MLP (avg=3.90) ep=3 ***
  *** NEW BEST MLP (avg=9.29) ep=4 ***
  *** NEW BEST MLP (avg=9.74) ep=5 ***
  *** NEW BEST MLP (avg=9.87) ep=6 ***
  *** NEW BEST MLP (avg=10.07) ep=7 ***
  *** NEW BEST MLP (avg=10.17) ep=8 ***
  *** NEW BEST MLP (avg=10.20) ep=9 ***
  *** NEW BEST MLP (avg=10.26) ep=10 ***
  *** NEW BEST MLP (avg=10.31) ep=11 ***
  *** NEW BEST MLP (avg=10.34) ep=12 ***
  *** NEW BEST MLP (avg=10.36) ep=13 ***
  *** NEW BEST MLP (avg=10.37) ep=14 ***
  *** NEW BEST MLP (avg=10.38) ep=15 ***
  *** NEW BEST MLP (avg=10.38) ep=16 ***
  *** NEW BEST MLP (avg=10.38) ep=17 ***
  *** NEW BEST MLP (avg=10.38) ep=19 ***
  *** NEW BEST MLP (avg=10.39) ep=23 ***
  *** NEW BEST MLP (avg=10.39) ep=28 ***
  *** NEW BEST MLP (avg=10.39) ep=39 ***
  *** NEW BEST MLP (avg=10.39) ep=41 ***
[MLP]   ep=  100  recent=10.39  best=10.39
[MLP]   ep=  200  recent=10.37  best=10.39
[MLP]   ep=  300  recent=10.39  best=10.39
[MLP]   ep=  400  recent=10.38  best=10.39
[MLP]   ep=  500  recent=10.39  best=10.39
[MLP]   ep=  600  recent=10.39  best=10.39
[MLP]   ep=  700  recent=10.32  best=10.39

[train_single] Training done in 184.1 min. Evaluating ...
[train_single] solve_rate=100.0%  reward=10.39±0.00
[train_single] Policy saved → /projects/amfa5003/rush-hour/policies/d10_p10_mlp.pth
