[task 66] difficulty=15  puzzle_idx=13  method=hrep  episodes=2500
[train_single] difficulty=15  puzzle_idx=13  method=hrep  episodes=2500
[train_single] board=oIBBBxoIDDoLAAJooLHoJEEoHFFoKoGGooKo
[H-rep] device=cpu  board=oIBBBxoIDDoLAAJooLHoJEEoHFFoKoGGooKo
[H-rep] ep=    0  recent=2.03  best=-inf
  *** NEW BEST H-rep (avg=2.56) ep=1 ***
  *** NEW BEST H-rep (avg=4.07) ep=3 ***
  *** NEW BEST H-rep (avg=6.04) ep=4 ***
  *** NEW BEST H-rep (avg=7.14) ep=5 ***
  *** NEW BEST H-rep (avg=7.94) ep=6 ***
  *** NEW BEST H-rep (avg=9.22) ep=8 ***
  *** NEW BEST H-rep (avg=9.41) ep=10 ***
  *** NEW BEST H-rep (avg=10.00) ep=13 ***
  *** NEW BEST H-rep (avg=10.05) ep=18 ***
  *** NEW BEST H-rep (avg=10.15) ep=19 ***
  *** NEW BEST H-rep (avg=10.15) ep=22 ***
  *** NEW BEST H-rep (avg=10.26) ep=25 ***
  *** NEW BEST H-rep (avg=10.29) ep=31 ***
  *** NEW BEST H-rep (avg=10.31) ep=32 ***
  *** NEW BEST H-rep (avg=10.33) ep=33 ***
  *** NEW BEST H-rep (avg=10.36) ep=35 ***
  *** NEW BEST H-rep (avg=10.39) ep=36 ***
  *** NEW BEST H-rep (avg=10.40) ep=37 ***
  *** NEW BEST H-rep (avg=10.42) ep=41 ***
  *** NEW BEST H-rep (avg=10.43) ep=43 ***
  *** NEW BEST H-rep (avg=10.43) ep=45 ***
  *** NEW BEST H-rep (avg=10.43) ep=46 ***
  *** NEW BEST H-rep (avg=10.43) ep=47 ***
  *** NEW BEST H-rep (avg=10.43) ep=49 ***
  *** NEW BEST H-rep (avg=10.43) ep=50 ***
  *** NEW BEST H-rep (avg=10.44) ep=57 ***
  *** NEW BEST H-rep (avg=10.44) ep=84 ***
  *** NEW BEST H-rep (avg=10.44) ep=85 ***
  *** NEW BEST H-rep (avg=10.44) ep=91 ***
  *** NEW BEST H-rep (avg=10.45) ep=92 ***
  *** NEW BEST H-rep (avg=10.45) ep=93 ***
  *** NEW BEST H-rep (avg=10.45) ep=97 ***
  *** NEW BEST H-rep (avg=10.45) ep=100 ***
[H-rep] ep=  100  recent=10.45  best=10.45
  *** NEW BEST H-rep (avg=10.45) ep=115 ***
  *** NEW BEST H-rep (avg=10.45) ep=126 ***
  *** NEW BEST H-rep (avg=10.45) ep=129 ***
  *** NEW BEST H-rep (avg=10.45) ep=131 ***
  *** NEW BEST H-rep (avg=10.46) ep=164 ***
  *** NEW BEST H-rep (avg=10.46) ep=168 ***
  *** NEW BEST H-rep (avg=10.46) ep=170 ***
  *** NEW BEST H-rep (avg=10.46) ep=171 ***
  *** NEW BEST H-rep (avg=10.46) ep=172 ***
  *** NEW BEST H-rep (avg=10.46) ep=173 ***
  *** NEW BEST H-rep (avg=10.46) ep=181 ***
[H-rep] ep=  200  recent=10.46  best=10.46
[H-rep] ep=  300  recent=10.45  best=10.46
[H-rep] ep=  400  recent=10.45  best=10.46
[H-rep] ep=  500  recent=10.44  best=10.46
[H-rep] ep=  600  recent=10.46  best=10.46
  *** NEW BEST H-rep (avg=10.46) ep=643 ***
  *** NEW BEST H-rep (avg=10.46) ep=644 ***
[H-rep] ep=  700  recent=10.46  best=10.46
[H-rep] ep=  800  recent=10.45  best=10.46
[H-rep] ep=  900  recent=10.46  best=10.46
[H-rep] ep= 1000  recent=10.46  best=10.46
[H-rep] ep= 1100  recent=10.46  best=10.46
[H-rep] ep= 1200  recent=10.46  best=10.46
[H-rep] ep= 1300  recent=10.44  best=10.46
[H-rep] ep= 1400  recent=10.45  best=10.46
[H-rep] ep= 1500  recent=10.45  best=10.46
[H-rep] ep= 1600  recent=10.46  best=10.46
  *** NEW BEST H-rep (avg=10.46) ep=1630 ***
[H-rep] ep= 1700  recent=10.46  best=10.46
[H-rep] ep= 1800  recent=10.46  best=10.46
[H-rep] ep= 1900  recent=10.46  best=10.46
[H-rep] ep= 2000  recent=10.45  best=10.46
[H-rep] ep= 2100  recent=10.45  best=10.46
[H-rep] ep= 2200  recent=10.46  best=10.46
[H-rep] ep= 2300  recent=10.46  best=10.46
[H-rep] ep= 2400  recent=10.46  best=10.46

[train_single] Training done in 751.9 min. Evaluating ...
[train_single] solve_rate=100.0%  reward=10.46±0.00
[train_single] Policy saved → /projects/amfa5003/rush-hour/policies/d15_p13_hrep.pth
