[train_single] difficulty=10  puzzle_idx=0  method=mlp  episodes=750
[train_single] board=oBBCCooooJDDAAoJKoHoEEKLHoIFFLGGIooo
[MLP] device=cpu  board=oBBCCooooJDDAAoJKoHoEEKLHoIFFLGGIooo
[MLP]   ep=    0  recent=-2.84  best=-inf
  *** NEW BEST MLP (avg=0.48) ep=2 ***
  *** NEW BEST MLP (avg=4.51) ep=3 ***
  *** NEW BEST MLP (avg=7.13) ep=4 ***
  *** NEW BEST MLP (avg=9.59) ep=5 ***
  *** NEW BEST MLP (avg=9.94) ep=6 ***
  *** NEW BEST MLP (avg=10.09) ep=7 ***
  *** NEW BEST MLP (avg=10.16) ep=8 ***
  *** NEW BEST MLP (avg=10.21) ep=9 ***
  *** NEW BEST MLP (avg=10.26) ep=10 ***
  *** NEW BEST MLP (avg=10.28) ep=12 ***
  *** NEW BEST MLP (avg=10.28) ep=13 ***
  *** NEW BEST MLP (avg=10.32) ep=14 ***
  *** NEW BEST MLP (avg=10.33) ep=15 ***
  *** NEW BEST MLP (avg=10.34) ep=16 ***
  *** NEW BEST MLP (avg=10.34) ep=22 ***
  *** NEW BEST MLP (avg=10.35) ep=25 ***
  *** NEW BEST MLP (avg=10.35) ep=26 ***
  *** NEW BEST MLP (avg=10.35) ep=27 ***
  *** NEW BEST MLP (avg=10.35) ep=28 ***
  *** NEW BEST MLP (avg=10.35) ep=31 ***
  *** NEW BEST MLP (avg=10.35) ep=32 ***
  *** NEW BEST MLP (avg=10.35) ep=33 ***
  *** NEW BEST MLP (avg=10.36) ep=36 ***
  *** NEW BEST MLP (avg=10.36) ep=37 ***
  *** NEW BEST MLP (avg=10.36) ep=51 ***
  *** NEW BEST MLP (avg=10.36) ep=52 ***
  *** NEW BEST MLP (avg=10.36) ep=57 ***
  *** NEW BEST MLP (avg=10.36) ep=58 ***
  *** NEW BEST MLP (avg=10.36) ep=73 ***
[MLP]   ep=  100  recent=10.36  best=10.36
  *** NEW BEST MLP (avg=10.36) ep=110 ***
  *** NEW BEST MLP (avg=10.36) ep=111 ***
  *** NEW BEST MLP (avg=10.36) ep=194 ***
[MLP]   ep=  200  recent=10.36  best=10.36
  *** NEW BEST MLP (avg=10.36) ep=219 ***
  *** NEW BEST MLP (avg=10.36) ep=289 ***
[MLP]   ep=  300  recent=10.36  best=10.36
[MLP]   ep=  400  recent=10.36  best=10.36
[MLP]   ep=  500  recent=10.36  best=10.36
[MLP]   ep=  600  recent=10.36  best=10.36
[MLP]   ep=  700  recent=10.36  best=10.36

[train_single] Training done in 180.0 min. Evaluating ...
[train_single] solve_rate=100.0%  reward=10.37±0.00
[train_single] Policy saved → /projects/amfa5003/rush-hour/policies/d10_p0_mlp.pth
