[task 45] difficulty=10  puzzle_idx=8  method=cnn  episodes=750
[train_single] difficulty=10  puzzle_idx=8  method=cnn  episodes=750
[train_single] board=ooBBooFoooIJFoAAIJooGCCJooGHDDoEEHoo
[CNN] device=cpu  board=ooBBooFoooIJFoAAIJooGCCJooGHDDoEEHoo
[CNN]   ep=    0  recent=-2.94  best=-inf
  *** NEW BEST CNN (avg=-2.77) ep=2 ***
  *** NEW BEST CNN (avg=-1.61) ep=3 ***
  *** NEW BEST CNN (avg=1.16) ep=4 ***
  *** NEW BEST CNN (avg=3.04) ep=5 ***
  *** NEW BEST CNN (avg=7.11) ep=6 ***
  *** NEW BEST CNN (avg=9.25) ep=7 ***
  *** NEW BEST CNN (avg=9.79) ep=8 ***
  *** NEW BEST CNN (avg=9.98) ep=9 ***
  *** NEW BEST CNN (avg=10.05) ep=10 ***
  *** NEW BEST CNN (avg=10.13) ep=11 ***
  *** NEW BEST CNN (avg=10.16) ep=12 ***
  *** NEW BEST CNN (avg=10.20) ep=13 ***
  *** NEW BEST CNN (avg=10.21) ep=14 ***
  *** NEW BEST CNN (avg=10.23) ep=15 ***
  *** NEW BEST CNN (avg=10.24) ep=16 ***
  *** NEW BEST CNN (avg=10.25) ep=17 ***
  *** NEW BEST CNN (avg=10.25) ep=18 ***
  *** NEW BEST CNN (avg=10.25) ep=19 ***
  *** NEW BEST CNN (avg=10.26) ep=20 ***
  *** NEW BEST CNN (avg=10.26) ep=21 ***
  *** NEW BEST CNN (avg=10.26) ep=23 ***
  *** NEW BEST CNN (avg=10.27) ep=25 ***
  *** NEW BEST CNN (avg=10.27) ep=28 ***
  *** NEW BEST CNN (avg=10.27) ep=30 ***
[CNN]   ep=  100  recent=10.25  best=10.27
[CNN]   ep=  200  recent=10.25  best=10.27
[CNN]   ep=  300  recent=10.25  best=10.27
[CNN]   ep=  400  recent=10.26  best=10.27
[CNN]   ep=  500  recent=10.26  best=10.27
[CNN]   ep=  600  recent=10.26  best=10.27
[CNN]   ep=  700  recent=10.26  best=10.27

[train_single] Training done in 208.2 min. Evaluating ...
[train_single] solve_rate=100.0%  reward=10.27±0.00
[train_single] Policy saved → /projects/amfa5003/rush-hour/policies/d10_p8_cnn.pth
