[task 34] difficulty=15  puzzle_idx=6  method=mlp  episodes=2500
[train_single] difficulty=15  puzzle_idx=6  method=mlp  episodes=2500
[train_single] board=xHooooGHCCKoGAAJKoooIJDDooIEELooFFoL
[MLP] device=cpu  board=xHooooGHCCKoGAAJKoooIJDDooIEELooFFoL
[MLP]   ep=    0  recent=-2.88  best=-inf
  *** NEW BEST MLP (avg=0.86) ep=2 ***
  *** NEW BEST MLP (avg=3.58) ep=3 ***
  *** NEW BEST MLP (avg=5.98) ep=4 ***
  *** NEW BEST MLP (avg=9.84) ep=5 ***
  *** NEW BEST MLP (avg=10.03) ep=6 ***
  *** NEW BEST MLP (avg=10.15) ep=7 ***
  *** NEW BEST MLP (avg=10.21) ep=8 ***
  *** NEW BEST MLP (avg=10.27) ep=9 ***
  *** NEW BEST MLP (avg=10.30) ep=10 ***
  *** NEW BEST MLP (avg=10.33) ep=11 ***
  *** NEW BEST MLP (avg=10.34) ep=12 ***
  *** NEW BEST MLP (avg=10.34) ep=13 ***
  *** NEW BEST MLP (avg=10.34) ep=14 ***
  *** NEW BEST MLP (avg=10.34) ep=15 ***
  *** NEW BEST MLP (avg=10.35) ep=17 ***
  *** NEW BEST MLP (avg=10.35) ep=19 ***
  *** NEW BEST MLP (avg=10.35) ep=23 ***
  *** NEW BEST MLP (avg=10.35) ep=26 ***
  *** NEW BEST MLP (avg=10.35) ep=27 ***
  *** NEW BEST MLP (avg=10.35) ep=28 ***
  *** NEW BEST MLP (avg=10.35) ep=30 ***
  *** NEW BEST MLP (avg=10.35) ep=31 ***
  *** NEW BEST MLP (avg=10.35) ep=55 ***
[MLP]   ep=  100  recent=10.34  best=10.35
[MLP]   ep=  200  recent=10.34  best=10.35
[MLP]   ep=  300  recent=10.33  best=10.35
[MLP]   ep=  400  recent=10.34  best=10.35
[MLP]   ep=  500  recent=10.35  best=10.35
[MLP]   ep=  600  recent=10.35  best=10.35
[MLP]   ep=  700  recent=10.35  best=10.35
[MLP]   ep=  800  recent=10.16  best=10.35
[MLP]   ep=  900  recent=10.34  best=10.35
[MLP]   ep= 1000  recent=10.32  best=10.35
[MLP]   ep= 1100  recent=10.33  best=10.35
[MLP]   ep= 1200  recent=10.35  best=10.35
[MLP]   ep= 1300  recent=10.35  best=10.35
[MLP]   ep= 1400  recent=10.34  best=10.35
[MLP]   ep= 1500  recent=10.34  best=10.35
[MLP]   ep= 1600  recent=10.24  best=10.35
[MLP]   ep= 1700  recent=10.35  best=10.35
[MLP]   ep= 1800  recent=10.34  best=10.35
[MLP]   ep= 1900  recent=10.35  best=10.35
[MLP]   ep= 2000  recent=10.35  best=10.35
[MLP]   ep= 2100  recent=10.34  best=10.35
[MLP]   ep= 2200  recent=10.16  best=10.35
[MLP]   ep= 2300  recent=10.33  best=10.35
[MLP]   ep= 2400  recent=10.35  best=10.35

[train_single] Training done in 690.3 min. Evaluating ...
[train_single] solve_rate=100.0%  reward=10.35±0.00
[train_single] Policy saved → /projects/amfa5003/rush-hour/policies/d15_p6_mlp.pth
