[task 56] difficulty=12  puzzle_idx=11  method=hrep  episodes=1200
[train_single] difficulty=12  puzzle_idx=11  method=hrep  episodes=1200
[train_single] board=oHBBoLoHCCKLAAooKLGoIJooGoIJDDooEEFF
[H-rep] device=cpu  board=oHBBoLoHCCKLAAooKLGoIJooGoIJDDooEEFF
[H-rep] ep=    0  recent=-2.78  best=-inf
  *** NEW BEST H-rep (avg=-2.87) ep=2 ***
  *** NEW BEST H-rep (avg=-2.86) ep=3 ***
  *** NEW BEST H-rep (avg=-2.85) ep=4 ***
  *** NEW BEST H-rep (avg=-2.84) ep=5 ***
  *** NEW BEST H-rep (avg=-2.84) ep=15 ***
  *** NEW BEST H-rep (avg=-2.84) ep=21 ***
  *** NEW BEST H-rep (avg=-2.84) ep=22 ***
[H-rep] ep=  100  recent=-2.87  best=-2.84
[H-rep] ep=  200  recent=-2.94  best=-2.84
[H-rep] ep=  300  recent=-2.94  best=-2.84
[H-rep] ep=  400  recent=-2.92  best=-2.84
[H-rep] ep=  500  recent=-2.94  best=-2.84
[H-rep] ep=  600  recent=-2.94  best=-2.84
[H-rep] ep=  700  recent=-2.94  best=-2.84
[H-rep] ep=  800  recent=-2.93  best=-2.84
[H-rep] ep=  900  recent=-2.92  best=-2.84
[H-rep] ep= 1000  recent=-2.94  best=-2.84
[H-rep] ep= 1100  recent=-2.97  best=-2.84

[train_single] Training done in 179.1 min. Evaluating ...
[train_single] solve_rate=0.0%  reward=-2.84±0.00
[train_single] Policy saved → /projects/amfa5003/rush-hour/policies/d12_p11_hrep.pth
