[task 71] difficulty=15  puzzle_idx=14  method=hrep  episodes=2500
[train_single] difficulty=15  puzzle_idx=14  method=hrep  episodes=2500
[train_single] board=GHBBoxGHooooGAAJKLDDIJKLooIEEoFFoooo
[H-rep] device=cpu  board=GHBBoxGHooooGAAJKLDDIJKLooIEEoFFoooo
[H-rep] ep=    0  recent=-1.68  best=-inf
  *** NEW BEST H-rep (avg=1.58) ep=2 ***
  *** NEW BEST H-rep (avg=3.80) ep=3 ***
  *** NEW BEST H-rep (avg=4.37) ep=4 ***
  *** NEW BEST H-rep (avg=9.01) ep=5 ***
  *** NEW BEST H-rep (avg=9.33) ep=9 ***
  *** NEW BEST H-rep (avg=9.62) ep=10 ***
  *** NEW BEST H-rep (avg=10.05) ep=11 ***
  *** NEW BEST H-rep (avg=10.15) ep=12 ***
  *** NEW BEST H-rep (avg=10.22) ep=13 ***
  *** NEW BEST H-rep (avg=10.30) ep=14 ***
  *** NEW BEST H-rep (avg=10.35) ep=15 ***
  *** NEW BEST H-rep (avg=10.39) ep=16 ***
  *** NEW BEST H-rep (avg=10.40) ep=17 ***
  *** NEW BEST H-rep (avg=10.41) ep=18 ***
  *** NEW BEST H-rep (avg=10.43) ep=20 ***
  *** NEW BEST H-rep (avg=10.43) ep=23 ***
  *** NEW BEST H-rep (avg=10.45) ep=24 ***
  *** NEW BEST H-rep (avg=10.45) ep=25 ***
  *** NEW BEST H-rep (avg=10.46) ep=26 ***
  *** NEW BEST H-rep (avg=10.46) ep=27 ***
  *** NEW BEST H-rep (avg=10.46) ep=29 ***
  *** NEW BEST H-rep (avg=10.47) ep=30 ***
  *** NEW BEST H-rep (avg=10.47) ep=31 ***
  *** NEW BEST H-rep (avg=10.47) ep=32 ***
  *** NEW BEST H-rep (avg=10.48) ep=34 ***
  *** NEW BEST H-rep (avg=10.48) ep=39 ***
  *** NEW BEST H-rep (avg=10.48) ep=41 ***
  *** NEW BEST H-rep (avg=10.49) ep=46 ***
  *** NEW BEST H-rep (avg=10.49) ep=50 ***
  *** NEW BEST H-rep (avg=10.49) ep=79 ***
[H-rep] ep=  100  recent=10.49  best=10.49
  *** NEW BEST H-rep (avg=10.50) ep=106 ***
  *** NEW BEST H-rep (avg=10.50) ep=107 ***
  *** NEW BEST H-rep (avg=10.50) ep=115 ***
  *** NEW BEST H-rep (avg=10.50) ep=119 ***
  *** NEW BEST H-rep (avg=10.50) ep=125 ***
  *** NEW BEST H-rep (avg=10.50) ep=134 ***
  *** NEW BEST H-rep (avg=10.50) ep=159 ***
  *** NEW BEST H-rep (avg=10.51) ep=174 ***
  *** NEW BEST H-rep (avg=10.51) ep=181 ***
[H-rep] ep=  200  recent=10.49  best=10.51
[H-rep] ep=  300  recent=10.50  best=10.51
[H-rep] ep=  400  recent=10.50  best=10.51
  *** NEW BEST H-rep (avg=10.51) ep=458 ***
[H-rep] ep=  500  recent=-2.72  best=10.51
[H-rep] ep=  600  recent=-2.85  best=10.51
[H-rep] ep=  700  recent=10.50  best=10.51
  *** NEW BEST H-rep (avg=10.51) ep=703 ***
  *** NEW BEST H-rep (avg=10.51) ep=707 ***
  *** NEW BEST H-rep (avg=10.51) ep=712 ***
  *** NEW BEST H-rep (avg=10.51) ep=750 ***
[H-rep] ep=  800  recent=10.51  best=10.51
[H-rep] ep=  900  recent=10.51  best=10.51
[H-rep] ep= 1000  recent=10.51  best=10.51
[H-rep] ep= 1100  recent=10.50  best=10.51
[H-rep] ep= 1200  recent=10.51  best=10.51
[H-rep] ep= 1300  recent=10.50  best=10.51
[H-rep] ep= 1400  recent=10.50  best=10.51
[H-rep] ep= 1500  recent=10.50  best=10.51
[H-rep] ep= 1600  recent=10.51  best=10.51
[H-rep] ep= 1700  recent=10.50  best=10.51
[H-rep] ep= 1800  recent=10.50  best=10.51
[H-rep] ep= 1900  recent=10.50  best=10.51
[H-rep] ep= 2000  recent=10.49  best=10.51
[H-rep] ep= 2100  recent=10.50  best=10.51
[H-rep] ep= 2200  recent=10.51  best=10.51
[H-rep] ep= 2300  recent=10.43  best=10.51
[H-rep] ep= 2400  recent=10.51  best=10.51

[train_single] Training done in 843.8 min. Evaluating ...
[train_single] solve_rate=100.0%  reward=10.51±0.00
[train_single] Policy saved → /projects/amfa5003/rush-hour/policies/d15_p14_hrep.pth
