[task 46] difficulty=10  puzzle_idx=9  method=hrep  episodes=750
[train_single] difficulty=10  puzzle_idx=9  method=hrep  episodes=750
[train_single] board=oFBBoJEFoHIJEAAHIJooGoooooGCCoooooDD
[H-rep] device=cpu  board=oFBBoJEFoHIJEAAHIJooGoooooGCCoooooDD
[H-rep] ep=    0  recent=-2.73  best=-inf
  *** NEW BEST H-rep (avg=-2.74) ep=2 ***
  *** NEW BEST H-rep (avg=-2.54) ep=25 ***
  *** NEW BEST H-rep (avg=-2.30) ep=26 ***
  *** NEW BEST H-rep (avg=-2.07) ep=27 ***
[H-rep] ep=  100  recent=-2.77  best=-2.07
  *** NEW BEST H-rep (avg=-2.05) ep=109 ***
  *** NEW BEST H-rep (avg=-1.84) ep=110 ***
  *** NEW BEST H-rep (avg=-1.61) ep=111 ***
  *** NEW BEST H-rep (avg=-0.95) ep=112 ***
  *** NEW BEST H-rep (avg=-0.48) ep=113 ***
  *** NEW BEST H-rep (avg=0.17) ep=114 ***
  *** NEW BEST H-rep (avg=2.73) ep=115 ***
  *** NEW BEST H-rep (avg=5.90) ep=116 ***
  *** NEW BEST H-rep (avg=6.43) ep=117 ***
  *** NEW BEST H-rep (avg=7.55) ep=119 ***
  *** NEW BEST H-rep (avg=9.33) ep=120 ***
  *** NEW BEST H-rep (avg=9.37) ep=121 ***
  *** NEW BEST H-rep (avg=9.40) ep=122 ***
  *** NEW BEST H-rep (avg=9.79) ep=124 ***
  *** NEW BEST H-rep (avg=9.89) ep=125 ***
  *** NEW BEST H-rep (avg=9.93) ep=126 ***
  *** NEW BEST H-rep (avg=10.08) ep=127 ***
  *** NEW BEST H-rep (avg=10.09) ep=128 ***
  *** NEW BEST H-rep (avg=10.16) ep=129 ***
  *** NEW BEST H-rep (avg=10.19) ep=131 ***
  *** NEW BEST H-rep (avg=10.25) ep=132 ***
  *** NEW BEST H-rep (avg=10.26) ep=133 ***
  *** NEW BEST H-rep (avg=10.27) ep=134 ***
  *** NEW BEST H-rep (avg=10.28) ep=135 ***
  *** NEW BEST H-rep (avg=10.31) ep=136 ***
  *** NEW BEST H-rep (avg=10.31) ep=138 ***
  *** NEW BEST H-rep (avg=10.32) ep=139 ***
  *** NEW BEST H-rep (avg=10.33) ep=140 ***
  *** NEW BEST H-rep (avg=10.34) ep=141 ***
  *** NEW BEST H-rep (avg=10.34) ep=144 ***
  *** NEW BEST H-rep (avg=10.35) ep=145 ***
  *** NEW BEST H-rep (avg=10.35) ep=151 ***
  *** NEW BEST H-rep (avg=10.35) ep=165 ***
  *** NEW BEST H-rep (avg=10.36) ep=166 ***
  *** NEW BEST H-rep (avg=10.36) ep=167 ***
  *** NEW BEST H-rep (avg=10.36) ep=170 ***
  *** NEW BEST H-rep (avg=10.36) ep=171 ***
  *** NEW BEST H-rep (avg=10.36) ep=173 ***
  *** NEW BEST H-rep (avg=10.36) ep=177 ***
  *** NEW BEST H-rep (avg=10.37) ep=191 ***
[H-rep] ep=  200  recent=10.36  best=10.37
  *** NEW BEST H-rep (avg=10.37) ep=204 ***
  *** NEW BEST H-rep (avg=10.37) ep=209 ***
  *** NEW BEST H-rep (avg=10.37) ep=215 ***
  *** NEW BEST H-rep (avg=10.37) ep=229 ***
  *** NEW BEST H-rep (avg=10.37) ep=230 ***
  *** NEW BEST H-rep (avg=10.37) ep=232 ***
  *** NEW BEST H-rep (avg=10.37) ep=246 ***
  *** NEW BEST H-rep (avg=10.37) ep=294 ***
  *** NEW BEST H-rep (avg=10.37) ep=299 ***
[H-rep] ep=  300  recent=10.37  best=10.37
[H-rep] ep=  400  recent=10.33  best=10.37
  *** NEW BEST H-rep (avg=10.37) ep=448 ***
  *** NEW BEST H-rep (avg=10.37) ep=483 ***
  *** NEW BEST H-rep (avg=10.37) ep=496 ***
[H-rep] ep=  500  recent=10.37  best=10.37
  *** NEW BEST H-rep (avg=10.37) ep=556 ***
  *** NEW BEST H-rep (avg=10.37) ep=581 ***
[H-rep] ep=  600  recent=10.36  best=10.37
  *** NEW BEST H-rep (avg=10.37) ep=605 ***
[H-rep] ep=  700  recent=10.37  best=10.37

[train_single] Training done in 160.3 min. Evaluating ...
[train_single] solve_rate=100.0%  reward=10.37±0.00
[train_single] Policy saved → /projects/amfa5003/rush-hour/policies/d10_p9_hrep.pth
