[task 56] difficulty=15  puzzle_idx=11  method=hrep  episodes=2500
[train_single] difficulty=15  puzzle_idx=11  method=hrep  episodes=2500
[train_single] board=oHoBBooHCCKooAAJKoooIJDDxoIFFLooGGoL
[H-rep] device=cpu  board=oHoBBooHCCKooAAJKoooIJDDxoIFFLooGGoL
[H-rep] ep=    0  recent=1.69  best=-inf
  *** NEW BEST H-rep (avg=1.73) ep=2 ***
  *** NEW BEST H-rep (avg=3.94) ep=3 ***
  *** NEW BEST H-rep (avg=5.03) ep=5 ***
  *** NEW BEST H-rep (avg=7.01) ep=6 ***
  *** NEW BEST H-rep (avg=8.31) ep=8 ***
  *** NEW BEST H-rep (avg=9.51) ep=10 ***
  *** NEW BEST H-rep (avg=9.65) ep=12 ***
  *** NEW BEST H-rep (avg=9.88) ep=14 ***
  *** NEW BEST H-rep (avg=9.92) ep=15 ***
  *** NEW BEST H-rep (avg=9.95) ep=30 ***
  *** NEW BEST H-rep (avg=9.98) ep=32 ***
  *** NEW BEST H-rep (avg=10.09) ep=33 ***
  *** NEW BEST H-rep (avg=10.14) ep=34 ***
  *** NEW BEST H-rep (avg=10.18) ep=35 ***
  *** NEW BEST H-rep (avg=10.19) ep=36 ***
  *** NEW BEST H-rep (avg=10.22) ep=37 ***
  *** NEW BEST H-rep (avg=10.23) ep=42 ***
  *** NEW BEST H-rep (avg=10.25) ep=45 ***
  *** NEW BEST H-rep (avg=10.26) ep=49 ***
  *** NEW BEST H-rep (avg=10.31) ep=50 ***
  *** NEW BEST H-rep (avg=10.31) ep=51 ***
  *** NEW BEST H-rep (avg=10.32) ep=52 ***
  *** NEW BEST H-rep (avg=10.33) ep=53 ***
  *** NEW BEST H-rep (avg=10.33) ep=57 ***
  *** NEW BEST H-rep (avg=10.34) ep=58 ***
  *** NEW BEST H-rep (avg=10.34) ep=59 ***
  *** NEW BEST H-rep (avg=10.34) ep=60 ***
  *** NEW BEST H-rep (avg=10.35) ep=61 ***
  *** NEW BEST H-rep (avg=10.35) ep=63 ***
  *** NEW BEST H-rep (avg=10.35) ep=70 ***
[H-rep] ep=  100  recent=10.35  best=10.35
  *** NEW BEST H-rep (avg=10.35) ep=112 ***
  *** NEW BEST H-rep (avg=10.35) ep=115 ***
  *** NEW BEST H-rep (avg=10.35) ep=187 ***
  *** NEW BEST H-rep (avg=10.35) ep=189 ***
  *** NEW BEST H-rep (avg=10.35) ep=200 ***
[H-rep] ep=  200  recent=10.35  best=10.35
[H-rep] ep=  300  recent=10.35  best=10.35
[H-rep] ep=  400  recent=10.32  best=10.35
[H-rep] ep=  500  recent=10.34  best=10.35
[H-rep] ep=  600  recent=10.35  best=10.35
  *** NEW BEST H-rep (avg=10.35) ep=613 ***
[H-rep] ep=  700  recent=10.35  best=10.35
[H-rep] ep=  800  recent=-1.62  best=10.35
[H-rep] ep=  900  recent=-2.93  best=10.35
  *** NEW BEST H-rep (avg=10.35) ep=947 ***
[H-rep] ep= 1000  recent=10.35  best=10.35
[H-rep] ep= 1100  recent=10.35  best=10.35
[H-rep] ep= 1200  recent=9.45  best=10.35
[H-rep] ep= 1300  recent=10.35  best=10.35
[H-rep] ep= 1400  recent=10.35  best=10.35
[H-rep] ep= 1500  recent=10.34  best=10.35
[H-rep] ep= 1600  recent=10.35  best=10.35
[H-rep] ep= 1700  recent=10.35  best=10.35
[H-rep] ep= 1800  recent=10.35  best=10.35
[H-rep] ep= 1900  recent=10.34  best=10.35
[H-rep] ep= 2000  recent=10.35  best=10.35
[H-rep] ep= 2100  recent=10.35  best=10.35
[H-rep] ep= 2200  recent=10.35  best=10.35
[H-rep] ep= 2300  recent=10.34  best=10.35
[H-rep] ep= 2400  recent=10.35  best=10.35

[train_single] Training done in 674.4 min. Evaluating ...
[train_single] solve_rate=100.0%  reward=10.35±0.00
[train_single] Policy saved → /projects/amfa5003/rush-hour/policies/d15_p11_hrep.pth
