[train_single] difficulty=15  puzzle_idx=1  method=mlp  episodes=2500
[train_single] board=BBHooKFoHoJKFAAoJLoGCCoLoGoIDDEEoIoo
[MLP] device=cpu  board=BBHooKFoHoJKFAAoJLoGCCoLoGoIDDEEoIoo
[MLP]   ep=    0  recent=-2.91  best=-inf
  *** NEW BEST MLP (avg=-2.98) ep=2 ***
[MLP]   ep=  100  recent=-3.01  best=-2.98
[MLP]   ep=  200  recent=-3.04  best=-2.98
[MLP]   ep=  300  recent=-3.02  best=-2.98
[MLP]   ep=  400  recent=-3.02  best=-2.98
[MLP]   ep=  500  recent=-3.03  best=-2.98
[MLP]   ep=  600  recent=-3.00  best=-2.98
[MLP]   ep=  700  recent=-3.02  best=-2.98
[MLP]   ep=  800  recent=-3.02  best=-2.98
[MLP]   ep=  900  recent=-3.01  best=-2.98
[MLP]   ep= 1000  recent=-2.99  best=-2.98
  *** NEW BEST MLP (avg=-2.97) ep=1027 ***
[MLP]   ep= 1100  recent=-3.03  best=-2.97
[MLP]   ep= 1200  recent=-3.01  best=-2.97
  *** NEW BEST MLP (avg=-2.97) ep=1204 ***
[MLP]   ep= 1300  recent=-3.00  best=-2.97
[MLP]   ep= 1400  recent=-3.01  best=-2.97
[MLP]   ep= 1500  recent=-3.03  best=-2.97
[MLP]   ep= 1600  recent=-3.00  best=-2.97
[MLP]   ep= 1700  recent=-3.01  best=-2.97
[MLP]   ep= 1800  recent=-3.03  best=-2.97
[MLP]   ep= 1900  recent=-3.01  best=-2.97
[MLP]   ep= 2000  recent=-3.03  best=-2.97
[MLP]   ep= 2100  recent=-3.00  best=-2.97
[MLP]   ep= 2200  recent=-3.03  best=-2.97
[MLP]   ep= 2300  recent=-3.00  best=-2.97
[MLP]   ep= 2400  recent=-2.99  best=-2.97

[train_single] Training done in 404.3 min. Evaluating ...
[train_single] solve_rate=0.0%  reward=-2.90±0.00
[train_single] Policy saved → /projects/amfa5003/rush-hour/policies/d15_p1_mlp.pth
