[task 30] difficulty=10  puzzle_idx=5  method=cnn  episodes=750
[train_single] difficulty=10  puzzle_idx=5  method=cnn  episodes=750
[train_single] board=oooooxFGooJoFGAAJKooHCCKooHIDDoEEIoo
[CNN] device=cpu  board=oooooxFGooJoFGAAJKooHCCKooHIDDoEEIoo
[CNN]   ep=    0  recent=5.56  best=-inf
  *** NEW BEST CNN (avg=9.79) ep=1 ***
  *** NEW BEST CNN (avg=10.20) ep=2 ***
  *** NEW BEST CNN (avg=10.32) ep=3 ***
  *** NEW BEST CNN (avg=10.37) ep=4 ***
  *** NEW BEST CNN (avg=10.39) ep=5 ***
  *** NEW BEST CNN (avg=10.40) ep=6 ***
  *** NEW BEST CNN (avg=10.42) ep=7 ***
  *** NEW BEST CNN (avg=10.43) ep=8 ***
  *** NEW BEST CNN (avg=10.43) ep=9 ***
  *** NEW BEST CNN (avg=10.44) ep=10 ***
  *** NEW BEST CNN (avg=10.44) ep=12 ***
  *** NEW BEST CNN (avg=10.44) ep=13 ***
  *** NEW BEST CNN (avg=10.44) ep=14 ***
  *** NEW BEST CNN (avg=10.45) ep=16 ***
  *** NEW BEST CNN (avg=10.45) ep=37 ***
  *** NEW BEST CNN (avg=10.45) ep=40 ***
  *** NEW BEST CNN (avg=10.45) ep=43 ***
  *** NEW BEST CNN (avg=10.45) ep=88 ***
  *** NEW BEST CNN (avg=10.45) ep=92 ***
[CNN]   ep=  100  recent=10.45  best=10.45
  *** NEW BEST CNN (avg=10.45) ep=110 ***
[CNN]   ep=  200  recent=10.44  best=10.45
  *** NEW BEST CNN (avg=10.45) ep=264 ***
[CNN]   ep=  300  recent=10.45  best=10.45
  *** NEW BEST CNN (avg=10.45) ep=343 ***
  *** NEW BEST CNN (avg=10.45) ep=349 ***
[CNN]   ep=  400  recent=10.45  best=10.45
[CNN]   ep=  500  recent=10.45  best=10.45
[CNN]   ep=  600  recent=10.45  best=10.45
[CNN]   ep=  700  recent=10.45  best=10.45

[train_single] Training done in 303.2 min. Evaluating ...
[train_single] solve_rate=100.0%  reward=10.45±0.00
[train_single] Policy saved → /projects/amfa5003/rush-hour/policies/d10_p5_cnn.pth
