[task 37] difficulty=10  puzzle_idx=7  method=vrep  episodes=750
[train_single] difficulty=10  puzzle_idx=7  method=vrep  episodes=750
[train_single] board=ooBBooooHCCLAAHIKLGDDIKoGooJEEFFoJoo
[V-rep] device=cpu  board=ooBBooooHCCLAAHIKLGDDIKoGooJEEFFoJoo
[V-rep] ep=    0  recent=-1.43  best=-inf
  *** NEW BEST V-rep (avg=-1.66) ep=2 ***
  *** NEW BEST V-rep (avg=-1.66) ep=3 ***
  *** NEW BEST V-rep (avg=-1.39) ep=6 ***
  *** NEW BEST V-rep (avg=-0.95) ep=7 ***
  *** NEW BEST V-rep (avg=-0.09) ep=8 ***
  *** NEW BEST V-rep (avg=0.56) ep=9 ***
  *** NEW BEST V-rep (avg=0.83) ep=10 ***
  *** NEW BEST V-rep (avg=2.62) ep=11 ***
  *** NEW BEST V-rep (avg=4.08) ep=13 ***
  *** NEW BEST V-rep (avg=5.33) ep=14 ***
  *** NEW BEST V-rep (avg=5.99) ep=15 ***
  *** NEW BEST V-rep (avg=6.13) ep=19 ***
  *** NEW BEST V-rep (avg=9.42) ep=20 ***
  *** NEW BEST V-rep (avg=9.65) ep=21 ***
  *** NEW BEST V-rep (avg=9.93) ep=24 ***
  *** NEW BEST V-rep (avg=10.07) ep=25 ***
  *** NEW BEST V-rep (avg=10.18) ep=26 ***
  *** NEW BEST V-rep (avg=10.20) ep=27 ***
  *** NEW BEST V-rep (avg=10.27) ep=30 ***
  *** NEW BEST V-rep (avg=10.33) ep=31 ***
  *** NEW BEST V-rep (avg=10.36) ep=32 ***
  *** NEW BEST V-rep (avg=10.36) ep=33 ***
  *** NEW BEST V-rep (avg=10.37) ep=34 ***
  *** NEW BEST V-rep (avg=10.38) ep=36 ***
  *** NEW BEST V-rep (avg=10.38) ep=37 ***
  *** NEW BEST V-rep (avg=10.39) ep=38 ***
  *** NEW BEST V-rep (avg=10.41) ep=39 ***
  *** NEW BEST V-rep (avg=10.43) ep=40 ***
  *** NEW BEST V-rep (avg=10.44) ep=41 ***
  *** NEW BEST V-rep (avg=10.45) ep=47 ***
  *** NEW BEST V-rep (avg=10.46) ep=48 ***
  *** NEW BEST V-rep (avg=10.46) ep=49 ***
  *** NEW BEST V-rep (avg=10.47) ep=50 ***
  *** NEW BEST V-rep (avg=10.47) ep=52 ***
  *** NEW BEST V-rep (avg=10.48) ep=53 ***
  *** NEW BEST V-rep (avg=10.48) ep=71 ***
  *** NEW BEST V-rep (avg=10.48) ep=73 ***
  *** NEW BEST V-rep (avg=10.49) ep=75 ***
  *** NEW BEST V-rep (avg=10.50) ep=77 ***
  *** NEW BEST V-rep (avg=10.50) ep=94 ***
  *** NEW BEST V-rep (avg=10.50) ep=100 ***
[V-rep] ep=  100  recent=10.50  best=10.50
[V-rep] ep=  200  recent=10.49  best=10.50
[V-rep] ep=  300  recent=10.47  best=10.50
[V-rep] ep=  400  recent=10.49  best=10.50
[V-rep] ep=  500  recent=10.45  best=10.50
[V-rep] ep=  600  recent=10.48  best=10.50
[V-rep] ep=  700  recent=5.76  best=10.50

[train_single] Training done in 177.3 min. Evaluating ...
[train_single] solve_rate=100.0%  reward=10.50±0.00
[train_single] Policy saved → /projects/amfa5003/rush-hour/policies/d10_p7_vrep.pth
