[task 28] difficulty=12  puzzle_idx=5  method=gnn  episodes=1200
[train_single] difficulty=12  puzzle_idx=5  method=gnn  episodes=1200
[train_single] board=ooBBooCCooJKGAAoJKGDDIJoooHIEEFFHooo
[GNN] device=cpu  board=ooBBooCCooJKGAAoJKGDDIJoooHIEEFFHooo
[GNN]   ep=    0  recent=-2.95  best=-inf
  *** NEW BEST GNN (avg=-2.96) ep=2 ***
  *** NEW BEST GNN (avg=-2.94) ep=12 ***
  *** NEW BEST GNN (avg=-2.94) ep=13 ***
  *** NEW BEST GNN (avg=-2.94) ep=14 ***
  *** NEW BEST GNN (avg=-2.92) ep=16 ***
  *** NEW BEST GNN (avg=-2.92) ep=17 ***
[GNN]   ep=  100  recent=-3.00  best=-2.92
[GNN]   ep=  200  recent=-3.05  best=-2.92
[GNN]   ep=  300  recent=-3.02  best=-2.92
[GNN]   ep=  400  recent=-3.00  best=-2.92
[GNN]   ep=  500  recent=-2.96  best=-2.92
[GNN]   ep=  600  recent=-3.02  best=-2.92
[GNN]   ep=  700  recent=-3.03  best=-2.92
[GNN]   ep=  800  recent=-2.99  best=-2.92
[GNN]   ep=  900  recent=-2.98  best=-2.92
[GNN]   ep= 1000  recent=-2.96  best=-2.92
[GNN]   ep= 1100  recent=-3.05  best=-2.92

[train_single] Training done in 265.5 min. Evaluating ...
[train_single] solve_rate=0.0%  reward=-3.00±0.00
[train_single] Policy saved → /projects/amfa5003/rush-hour/policies/d12_p5_gnn.pth
