[task 24] difficulty=12  puzzle_idx=4  method=mlp  episodes=1200
[train_single] difficulty=12  puzzle_idx=4  method=mlp  episodes=1200
[train_single] board=oGoBBooGCCJoAAHIJoFoHIDDFoEEoKoooooK
[MLP] device=cpu  board=oGoBBooGCCJoAAHIJoFoHIDDFoEEoKoooooK
[MLP]   ep=    0  recent=0.54  best=-inf
  *** NEW BEST MLP (avg=-0.67) ep=2 ***
  *** NEW BEST MLP (avg=0.80) ep=3 ***
  *** NEW BEST MLP (avg=5.20) ep=4 ***
  *** NEW BEST MLP (avg=9.46) ep=5 ***
  *** NEW BEST MLP (avg=10.11) ep=6 ***
  *** NEW BEST MLP (avg=10.24) ep=7 ***
  *** NEW BEST MLP (avg=10.28) ep=8 ***
  *** NEW BEST MLP (avg=10.34) ep=9 ***
  *** NEW BEST MLP (avg=10.37) ep=10 ***
  *** NEW BEST MLP (avg=10.38) ep=11 ***
  *** NEW BEST MLP (avg=10.38) ep=12 ***
  *** NEW BEST MLP (avg=10.38) ep=13 ***
  *** NEW BEST MLP (avg=10.39) ep=14 ***
  *** NEW BEST MLP (avg=10.40) ep=16 ***
  *** NEW BEST MLP (avg=10.40) ep=23 ***
  *** NEW BEST MLP (avg=10.40) ep=24 ***
[MLP]   ep=  100  recent=10.34  best=10.40
[MLP]   ep=  200  recent=10.38  best=10.40
[MLP]   ep=  300  recent=10.39  best=10.40
[MLP]   ep=  400  recent=8.72  best=10.40
  *** NEW BEST MLP (avg=10.41) ep=491 ***
  *** NEW BEST MLP (avg=10.41) ep=499 ***
[MLP]   ep=  500  recent=10.38  best=10.41
[MLP]   ep=  600  recent=10.40  best=10.41
[MLP]   ep=  700  recent=10.06  best=10.41
[MLP]   ep=  800  recent=10.37  best=10.41
[MLP]   ep=  900  recent=10.38  best=10.41
[MLP]   ep= 1000  recent=10.38  best=10.41
[MLP]   ep= 1100  recent=10.35  best=10.41

[train_single] Training done in 255.2 min. Evaluating ...
[train_single] solve_rate=100.0%  reward=10.41±0.00
[train_single] Policy saved → /projects/amfa5003/rush-hour/policies/d12_p4_mlp.pth
