[task 75] difficulty=10  puzzle_idx=14  method=cnn  episodes=750
[train_single] difficulty=10  puzzle_idx=14  method=cnn  episodes=750
[train_single] board=GoBBoxGoooJoooAAJKooHDDKooHIEEoFFIoo
[CNN] device=cpu  board=GoBBoxGoooJoooAAJKooHDDKooHIEEoFFIoo
[CNN]   ep=    0  recent=-0.56  best=-inf
  *** NEW BEST CNN (avg=7.69) ep=1 ***
  *** NEW BEST CNN (avg=10.15) ep=2 ***
  *** NEW BEST CNN (avg=10.31) ep=3 ***
  *** NEW BEST CNN (avg=10.36) ep=4 ***
  *** NEW BEST CNN (avg=10.40) ep=5 ***
  *** NEW BEST CNN (avg=10.42) ep=6 ***
  *** NEW BEST CNN (avg=10.42) ep=7 ***
  *** NEW BEST CNN (avg=10.42) ep=9 ***
  *** NEW BEST CNN (avg=10.43) ep=10 ***
  *** NEW BEST CNN (avg=10.43) ep=13 ***
  *** NEW BEST CNN (avg=10.44) ep=14 ***
  *** NEW BEST CNN (avg=10.44) ep=16 ***
  *** NEW BEST CNN (avg=10.45) ep=18 ***
  *** NEW BEST CNN (avg=10.45) ep=21 ***
  *** NEW BEST CNN (avg=10.45) ep=38 ***
  *** NEW BEST CNN (avg=10.45) ep=50 ***
[CNN]   ep=  100  recent=10.44  best=10.45
  *** NEW BEST CNN (avg=10.45) ep=143 ***
[CNN]   ep=  200  recent=10.45  best=10.45
  *** NEW BEST CNN (avg=10.45) ep=223 ***
[CNN]   ep=  300  recent=10.45  best=10.45
  *** NEW BEST CNN (avg=10.45) ep=375 ***
[CNN]   ep=  400  recent=10.45  best=10.45
[CNN]   ep=  500  recent=10.45  best=10.45
  *** NEW BEST CNN (avg=10.45) ep=520 ***
  *** NEW BEST CNN (avg=10.45) ep=522 ***
[CNN]   ep=  600  recent=10.44  best=10.45
[CNN]   ep=  700  recent=10.44  best=10.45

[train_single] Training done in 341.1 min. Evaluating ...
[train_single] solve_rate=100.0%  reward=10.45±0.00
[train_single] Policy saved → /projects/amfa5003/rush-hour/policies/d10_p14_cnn.pth
